⚡ CHRONOSENTIMENT LIVE ENGINE | Mode: Orthogonal Specialists
📌 Recommendation mode: Coverage
🚫 Blocked recommendation symbols: {"ADANIENT.NS", "ADANIPORTS.NS"}
📂 Paper/live: loaded 5 trained strateg(ies) from /Users/nikhil/ChronoSentiment_MEGA_FINAL/core/elite/intraday_nse.json (using top 5 by fitness)
🧠 Running paper registry with 5 strateg(ies).
📡 Listening for candles...
   Optional gates: LIVE_GATE_EDGE_STABILITY_MIN=, LIVE_GATE_CONF_MIN=, LIVE_GATE_RECO_STABILITY_MIN= (reco S), LIVE_GATE_RECO_AGREEMENT_GLOBAL_MIN= (reco G), LIVE_GATE_RECO_FITNESS_MIN= (medoid fitness); POOL_DEBUG=1 / RECO_DEBUG=1
   Live reco uses small proxy pools → S/G/F read weaker than train_nse; start S around 0.35–0.55 (not ~0.8). [DIAG] FINAL=1 = meta-gates only; emission still needs edge/feas/p90/voters/blocklist.
[95m[HEARTBEAT] count=500 p50=0.001500 | Diversity: L3:1 L4:1 L2:1 L0:1 L1:1[0m
[95m[HEARTBEAT] count=1000 p50=0.001500 | Diversity: L1:1 L2:1 L3:1 L0:1 L4:1[0m
[95m[HEARTBEAT] count=1500 p50=0.001500 | Diversity: L3:1 L4:1 L1:1 L0:1 L2:1[0m
[95m[HEARTBEAT] count=2000 p50=0.001500 | Diversity: L1:1 L2:1 L3:1 L0:1 L4:1[0m
[95m[HEARTBEAT] count=2500 p50=0.001500 | Diversity: L2:1 L0:1 L3:1 L4:1 L1:1[0m
[EDGE_TRACE] sym=TCS.NS raw_edge=0.000031 edge_after_floor=0.000000 voters_pre=0 voters_post=0
[DIAG] sym=TCS.NS edge=0.000031 conf=0.00 edge_stab=0.000 reco_S=1.000 reco_G=0.400 reco_F=0.005 pass_edge=1 pass_conf=1 pass_reco=0 FINAL=0 feas=0.00 voters=0 p90=0.001898 rej:no_reco=0 low_edge=5 low_feas=0
[EDGE_TRACE] sym=BHARTIARTL.NS raw_edge=0.000000 edge_after_floor=0.000000 voters_pre=0 voters_post=0
[DIAG] sym=BHARTIARTL.NS edge=0.000000 conf=0.00 edge_stab=0.000 reco_S=0.000 reco_G=0.400 reco_F=0.000 pass_edge=1 pass_conf=1 pass_reco=0 FINAL=0 feas=0.00 voters=0 p90=0.002246 rej:no_reco=0 low_edge=5 low_feas=0
[EDGE_TRACE] sym=HDFCBANK.NS raw_edge=0.000000 edge_after_floor=0.000000 voters_pre=0 voters_post=0
[DIAG] sym=HDFCBANK.NS edge=0.000000 conf=0.00 edge_stab=0.000 reco_S=0.000 reco_G=0.200 reco_F=0.000 pass_edge=1 pass_conf=1 pass_reco=0 FINAL=0 feas=0.00 voters=0 p90=0.002246 rej:no_reco=0 low_edge=5 low_feas=0
[EDGE_TRACE] sym=ICICIBANK.NS raw_edge=0.000000 edge_after_floor=0.000000 voters_pre=0 voters_post=0
[DIAG] sym=ICICIBANK.NS edge=0.000000 conf=0.00 edge_stab=0.000 reco_S=0.000 reco_G=0.200 reco_F=0.000 pass_edge=1 pass_conf=1 pass_reco=0 FINAL=0 feas=0.00 voters=0 p90=0.002246 rej:no_reco=0 low_edge=5 low_feas=0
[95m[HEARTBEAT] count=3000 p50=0.000982 | Diversity: L3:1 L4:1 L0:1 L2:1 L1:1[0m
[EDGE_TRACE] sym=INFY.NS raw_edge=0.000000 edge_after_floor=0.000000 voters_pre=0 voters_post=0
[DIAG] sym=INFY.NS edge=0.000000 conf=0.00 edge_stab=0.000 reco_S=0.000 reco_G=0.400 reco_F=0.000 pass_edge=1 pass_conf=1 pass_reco=0 FINAL=0 feas=0.00 voters=0 p90=0.002246 rej:no_reco=0 low_edge=5 low_feas=0
[EDGE_TRACE] sym=ITC.NS raw_edge=0.000000 edge_after_floor=0.000000 voters_pre=0 voters_post=0
[DIAG] sym=ITC.NS edge=0.000000 conf=0.00 edge_stab=0.000 reco_S=0.000 reco_G=0.200 reco_F=0.000 pass_edge=1 pass_conf=1 pass_reco=0 FINAL=0 feas=0.00 voters=0 p90=0.002246 rej:no_reco=0 low_edge=5 low_feas=0
[EDGE_TRACE] sym=LT.NS raw_edge=0.000000 edge_after_floor=0.000000 voters_pre=0 voters_post=0
[DIAG] sym=LT.NS edge=0.000000 conf=0.00 edge_stab=0.000 reco_S=0.000 reco_G=0.200 reco_F=0.000 pass_edge=1 pass_conf=1 pass_reco=0 FINAL=0 feas=0.00 voters=0 p90=0.003306 rej:no_reco=0 low_edge=5 low_feas=0
[EDGE_TRACE] sym=RELIANCE.NS raw_edge=0.000000 edge_after_floor=0.000000 voters_pre=0 voters_post=0
[DIAG] sym=RELIANCE.NS edge=0.000000 conf=0.00 edge_stab=0.000 reco_S=0.000 reco_G=0.200 reco_F=0.000 pass_edge=1 pass_conf=1 pass_reco=0 FINAL=0 feas=0.00 voters=0 p90=0.004032 rej:no_reco=0 low_edge=5 low_feas=0
[EDGE_TRACE] sym=SBIN.NS raw_edge=0.000000 edge_after_floor=0.000000 voters_pre=0 voters_post=0
[DIAG] sym=SBIN.NS edge=0.000000 conf=0.00 edge_stab=0.000 reco_S=0.000 reco_G=0.200 reco_F=0.000 pass_edge=1 pass_conf=1 pass_reco=0 FINAL=0 feas=0.00 voters=0 p90=0.004032 rej:no_reco=0 low_edge=5 low_feas=0
[95m[HEARTBEAT] count=3500 p50=0.001716 | Diversity: L4:1 L2:1 L1:1 L0:1 L3:1[0m
[EDGE_TRACE] sym=TCS.NS raw_edge=0.000000 edge_after_floor=0.000000 voters_pre=0 voters_post=0
[DIAG] sym=TCS.NS edge=0.000000 conf=0.00 edge_stab=0.000 reco_S=0.000 reco_G=0.200 reco_F=0.000 pass_edge=1 pass_conf=1 pass_reco=0 FINAL=0 feas=0.00 voters=0 p90=0.004032 rej:no_reco=0 low_edge=5 low_feas=0
[EDGE_TRACE] sym=BHARTIARTL.NS raw_edge=0.000000 edge_after_floor=0.000000 voters_pre=0 voters_post=0
[DIAG] sym=BHARTIARTL.NS edge=0.000000 conf=0.00 edge_stab=0.000 reco_S=0.000 reco_G=0.200 reco_F=0.000 pass_edge=1 pass_conf=1 pass_reco=0 FINAL=0 feas=0.00 voters=0 p90=0.004032 rej:no_reco=0 low_edge=5 low_feas=0
[EDGE_TRACE] sym=HDFCBANK.NS raw_edge=0.000000 edge_after_floor=0.000000 voters_pre=0 voters_post=0
[DIAG] sym=HDFCBANK.NS edge=0.000000 conf=0.00 edge_stab=0.000 reco_S=0.000 reco_G=0.200 reco_F=0.000 pass_edge=1 pass_conf=1 pass_reco=0 FINAL=0 feas=0.00 voters=0 p90=0.004032 rej:no_reco=0 low_edge=5 low_feas=0
[EDGE_TRACE] sym=ICICIBANK.NS raw_edge=0.000000 edge_after_floor=0.000000 voters_pre=0 voters_post=0
[DIAG] sym=ICICIBANK.NS edge=0.000000 conf=0.00 edge_stab=0.000 reco_S=0.000 reco_G=0.400 reco_F=0.000 pass_edge=1 pass_conf=1 pass_reco=0 FINAL=0 feas=0.00 voters=0 p90=0.004032 rej:no_reco=0 low_edge=5 low_feas=0
[RECOMMENDATION] rec_id=4 sym=RELIANCE.NS dir=BUY score=0.008736 edge=0.002990 feas=1.000 conf=0.999 voters=4 S0
[92m[ADAPTIVE_INTENT] RELIANCE.NS conf=1.00 feas=1.00 voters=4 size=1.6% S0[0m
[PAPER_EV] loaded ev_table from /Users/nikhil/ChronoSentiment_MEGA_FINAL/analysis/ev_table_rich_survival.json (1 age-bucket keys) sample_age_keys=["0_2"] probe(age=0,voters=5,conf=0.65) => 0_2 | 60_70
[EDGE_TRACE] sym=INFY.NS raw_edge=0.000000 edge_after_floor=0.000000 voters_pre=0 voters_post=0
[DIAG] sym=INFY.NS edge=0.000000 conf=0.00 edge_stab=0.000 reco_S=0.000 reco_G=0.200 reco_F=0.000 pass_edge=1 pass_conf=1 pass_reco=0 FINAL=0 feas=0.00 voters=0 p90=0.004032 rej:no_reco=0 low_edge=5 low_feas=0
[95m[HEARTBEAT] count=4000 p50=0.001895 | Diversity: L2:1 L3:1 L1:1 L4:1 L0:1[0m
[RECOMMENDATION] rec_id=8 sym=SBIN.NS dir=BUY score=0.005991 edge=0.002059 feas=1.000 conf=0.995 voters=2 S3
[92m[ADAPTIVE_INTENT] SBIN.NS conf=0.99 feas=1.00 voters=2 size=0.7% S3[0m
[EDGE_TRACE] sym=ITC.NS raw_edge=0.000000 edge_after_floor=0.000000 voters_pre=0 voters_post=0
[DIAG] sym=ITC.NS edge=0.000000 conf=0.00 edge_stab=0.000 reco_S=0.000 reco_G=0.400 reco_F=0.000 pass_edge=1 pass_conf=1 pass_reco=0 FINAL=0 feas=0.00 voters=0 p90=0.004063 rej:no_reco=0 low_edge=5 low_feas=0
[EDGE_TRACE] sym=LT.NS raw_edge=0.000000 edge_after_floor=0.000000 voters_pre=0 voters_post=0
[DIAG] sym=LT.NS edge=0.000000 conf=0.00 edge_stab=0.000 reco_S=0.000 reco_G=0.200 reco_F=0.000 pass_edge=1 pass_conf=1 pass_reco=0 FINAL=0 feas=0.00 voters=0 p90=0.004271 rej:no_reco=0 low_edge=5 low_feas=0
[EDGE_TRACE] sym=RELIANCE.NS raw_edge=0.000000 edge_after_floor=0.000000 voters_pre=0 voters_post=0
[DIAG] sym=RELIANCE.NS edge=0.000000 conf=0.00 edge_stab=0.000 reco_S=0.000 reco_G=0.200 reco_F=0.000 pass_edge=1 pass_conf=1 pass_reco=0 FINAL=0 feas=0.00 voters=0 p90=0.004271 rej:no_reco=0 low_edge=5 low_feas=0
[EDGE_TRACE] sym=SBIN.NS raw_edge=0.000000 edge_after_floor=0.000000 voters_pre=0 voters_post=0
[DIAG] sym=SBIN.NS edge=0.000000 conf=0.00 edge_stab=0.000 reco_S=0.000 reco_G=0.200 reco_F=0.000 pass_edge=1 pass_conf=1 pass_reco=0 FINAL=0 feas=0.00 voters=0 p90=0.004271 rej:no_reco=0 low_edge=5 low_feas=0
[EDGE_TRACE] sym=TCS.NS raw_edge=0.000000 edge_after_floor=0.000000 voters_pre=0 voters_post=0
[DIAG] sym=TCS.NS edge=0.000000 conf=0.00 edge_stab=0.000 reco_S=0.000 reco_G=0.400 reco_F=0.000 pass_edge=1 pass_conf=1 pass_reco=0 FINAL=0 feas=0.00 voters=0 p90=0.004271 rej:no_reco=0 low_edge=5 low_feas=0
[95m[HEARTBEAT] count=4500 p50=0.001991 | Diversity: L4:1 L2:1 L3:1 L1:1 L0:1[0m
[EDGE_TRACE] sym=BHARTIARTL.NS raw_edge=0.000000 edge_after_floor=0.000000 voters_pre=0 voters_post=0
[DIAG] sym=BHARTIARTL.NS edge=0.000000 conf=0.00 edge_stab=0.000 reco_S=0.000 reco_G=0.200 reco_F=0.000 pass_edge=1 pass_conf=1 pass_reco=0 FINAL=0 feas=0.00 voters=0 p90=0.004271 rej:no_reco=0 low_edge=5 low_feas=0
[RECOMMENDATION] rec_id=11 sym=TCS.NS dir=BUY score=0.004026 edge=0.001393 feas=1.000 conf=0.988 voters=2 S0
[92m[ADAPTIVE_INTENT] TCS.NS conf=0.99 feas=1.00 voters=2 size=0.3% S0[0m
[EDGE_TRACE] sym=HDFCBANK.NS raw_edge=0.000000 edge_after_floor=0.000000 voters_pre=0 voters_post=0
[DIAG] sym=HDFCBANK.NS edge=0.000000 conf=0.00 edge_stab=0.000 reco_S=0.000 reco_G=0.200 reco_F=0.000 pass_edge=1 pass_conf=1 pass_reco=0 FINAL=0 feas=0.00 voters=0 p90=0.004033 rej:no_reco=0 low_edge=5 low_feas=0
[EDGE_TRACE] sym=ICICIBANK.NS raw_edge=0.000000 edge_after_floor=0.000000 voters_pre=0 voters_post=0
[DIAG] sym=ICICIBANK.NS edge=0.000000 conf=0.00 edge_stab=0.000 reco_S=0.000 reco_G=0.200 reco_F=0.000 pass_edge=1 pass_conf=1 pass_reco=0 FINAL=0 feas=0.00 voters=0 p90=0.004207 rej:no_reco=0 low_edge=5 low_feas=0
[EDGE_TRACE] sym=INFY.NS raw_edge=0.000000 edge_after_floor=0.000000 voters_pre=0 voters_post=0
[DIAG] sym=INFY.NS edge=0.000000 conf=0.00 edge_stab=0.000 reco_S=0.000 reco_G=0.200 reco_F=0.000 pass_edge=1 pass_conf=1 pass_reco=0 FINAL=0 feas=0.00 voters=0 p90=0.004261 rej:no_reco=0 low_edge=5 low_feas=0
[EDGE_TRACE] sym=ITC.NS raw_edge=0.000000 edge_after_floor=0.000000 voters_pre=0 voters_post=0
[DIAG] sym=ITC.NS edge=0.000000 conf=0.00 edge_stab=0.000 reco_S=0.000 reco_G=0.200 reco_F=0.000 pass_edge=1 pass_conf=1 pass_reco=0 FINAL=0 feas=0.00 voters=0 p90=0.004261 rej:no_reco=0 low_edge=5 low_feas=0
[95m[HEARTBEAT] count=5000 p50=0.001959 | Diversity: L2:1 L1:1 L0:1 L4:1 L3:1[0m
[EDGE_TRACE] sym=LT.NS raw_edge=0.000000 edge_after_floor=0.000000 voters_pre=0 voters_post=0
[DIAG] sym=LT.NS edge=0.000000 conf=0.00 edge_stab=0.000 reco_S=0.000 reco_G=0.200 reco_F=0.000 pass_edge=1 pass_conf=1 pass_reco=0 FINAL=0 feas=0.00 voters=0 p90=0.004261 rej:no_reco=0 low_edge=5 low_feas=0
[EDGE_TRACE] sym=RELIANCE.NS raw_edge=0.000000 edge_after_floor=0.000000 voters_pre=0 voters_post=0
[DIAG] sym=RELIANCE.NS edge=0.000000 conf=0.00 edge_stab=0.000 reco_S=0.000 reco_G=0.400 reco_F=0.000 pass_edge=1 pass_conf=1 pass_reco=0 FINAL=0 feas=0.00 voters=0 p90=0.004261 rej:no_reco=0 low_edge=5 low_feas=0
[EDGE_TRACE] sym=SBIN.NS raw_edge=0.000000 edge_after_floor=0.000000 voters_pre=0 voters_post=0
[DIAG] sym=SBIN.NS edge=0.000000 conf=0.00 edge_stab=0.000 reco_S=0.000 reco_G=0.400 reco_F=0.000 pass_edge=1 pass_conf=1 pass_reco=0 FINAL=0 feas=0.00 voters=0 p90=0.004261 rej:no_reco=0 low_edge=5 low_feas=0
[EDGE_TRACE] sym=TCS.NS raw_edge=0.000000 edge_after_floor=0.000000 voters_pre=0 voters_post=0
[DIAG] sym=TCS.NS edge=0.000000 conf=0.00 edge_stab=0.000 reco_S=0.000 reco_G=0.200 reco_F=0.000 pass_edge=1 pass_conf=1 pass_reco=0 FINAL=0 feas=0.00 voters=0 p90=0.004261 rej:no_reco=0 low_edge=5 low_feas=0
[EDGE_TRACE] sym=BHARTIARTL.NS raw_edge=0.000000 edge_after_floor=0.000000 voters_pre=0 voters_post=0
[DIAG] sym=BHARTIARTL.NS edge=0.000000 conf=0.00 edge_stab=0.000 reco_S=0.000 reco_G=0.200 reco_F=0.000 pass_edge=1 pass_conf=1 pass_reco=0 FINAL=0 feas=0.00 voters=0 p90=0.004271 rej:no_reco=0 low_edge=5 low_feas=0
[95m[HEARTBEAT] count=5500 p50=0.001974 | Diversity: L0:1 L1:1 L3:1 L4:1 L2:1[0m
[EDGE_TRACE] sym=HDFCBANK.NS raw_edge=0.000000 edge_after_floor=0.000000 voters_pre=0 voters_post=0
[DIAG] sym=HDFCBANK.NS edge=0.000000 conf=0.00 edge_stab=0.000 reco_S=0.000 reco_G=0.200 reco_F=0.000 pass_edge=1 pass_conf=1 pass_reco=0 FINAL=0 feas=0.00 voters=0 p90=0.004271 rej:no_reco=0 low_edge=5 low_feas=0
[EDGE_TRACE] sym=ICICIBANK.NS raw_edge=0.000000 edge_after_floor=0.000000 voters_pre=0 voters_post=0
[DIAG] sym=ICICIBANK.NS edge=0.000000 conf=0.00 edge_stab=0.000 reco_S=0.000 reco_G=0.400 reco_F=0.000 pass_edge=1 pass_conf=1 pass_reco=0 FINAL=0 feas=0.00 voters=0 p90=0.004271 rej:no_reco=0 low_edge=5 low_feas=0
[EDGE_TRACE] sym=INFY.NS raw_edge=0.000000 edge_after_floor=0.000000 voters_pre=0 voters_post=0
[DIAG] sym=INFY.NS edge=0.000000 conf=0.00 edge_stab=0.000 reco_S=0.000 reco_G=0.200 reco_F=0.000 pass_edge=1 pass_conf=1 pass_reco=0 FINAL=0 feas=0.00 voters=0 p90=0.004261 rej:no_reco=0 low_edge=5 low_feas=0
[EDGE_TRACE] sym=ITC.NS raw_edge=0.000000 edge_after_floor=0.000000 voters_pre=0 voters_post=0
[DIAG] sym=ITC.NS edge=0.000000 conf=0.00 edge_stab=0.000 reco_S=0.000 reco_G=0.200 reco_F=0.000 pass_edge=1 pass_conf=1 pass_reco=0 FINAL=0 feas=0.00 voters=0 p90=0.004261 rej:no_reco=0 low_edge=5 low_feas=0
[EDGE_TRACE] sym=LT.NS raw_edge=0.000000 edge_after_floor=0.000000 voters_pre=0 voters_post=0
[DIAG] sym=LT.NS edge=0.000000 conf=0.00 edge_stab=0.000 reco_S=0.000 reco_G=0.200 reco_F=0.000 pass_edge=1 pass_conf=1 pass_reco=0 FINAL=0 feas=0.00 voters=0 p90=0.004261 rej:no_reco=0 low_edge=5 low_feas=0
[95m[HEARTBEAT] count=6000 p50=0.001913 | Diversity: L1:1 L3:1 L0:1 L2:1 L4:1[0m
[EDGE_TRACE] sym=RELIANCE.NS raw_edge=0.000000 edge_after_floor=0.000000 voters_pre=0 voters_post=0
[DIAG] sym=RELIANCE.NS edge=0.000000 conf=0.00 edge_stab=0.000 reco_S=0.000 reco_G=0.400 reco_F=0.000 pass_edge=1 pass_conf=1 pass_reco=0 FINAL=0 feas=0.00 voters=0 p90=0.004261 rej:no_reco=0 low_edge=5 low_feas=0
[EDGE_TRACE] sym=SBIN.NS raw_edge=0.000000 edge_after_floor=0.000000 voters_pre=0 voters_post=0
[DIAG] sym=SBIN.NS edge=0.000000 conf=0.00 edge_stab=0.000 reco_S=0.000 reco_G=0.200 reco_F=0.000 pass_edge=1 pass_conf=1 pass_reco=0 FINAL=0 feas=0.00 voters=0 p90=0.004227 rej:no_reco=0 low_edge=5 low_feas=0
[EDGE_TRACE] sym=TCS.NS raw_edge=0.000000 edge_after_floor=0.000000 voters_pre=0 voters_post=0
[DIAG] sym=TCS.NS edge=0.000000 conf=0.00 edge_stab=0.000 reco_S=0.000 reco_G=0.200 reco_F=0.000 pass_edge=1 pass_conf=1 pass_reco=0 FINAL=0 feas=0.00 voters=0 p90=0.004227 rej:no_reco=0 low_edge=5 low_feas=0
[EDGE_TRACE] sym=BHARTIARTL.NS raw_edge=0.000000 edge_after_floor=0.000000 voters_pre=0 voters_post=0
[DIAG] sym=BHARTIARTL.NS edge=0.000000 conf=0.00 edge_stab=0.000 reco_S=0.000 reco_G=0.400 reco_F=0.000 pass_edge=1 pass_conf=1 pass_reco=0 FINAL=0 feas=0.00 voters=0 p90=0.004227 rej:no_reco=0 low_edge=5 low_feas=0
[EDGE_TRACE] sym=HDFCBANK.NS raw_edge=0.000000 edge_after_floor=0.000000 voters_pre=0 voters_post=0
[DIAG] sym=HDFCBANK.NS edge=0.000000 conf=0.00 edge_stab=0.000 reco_S=0.000 reco_G=0.200 reco_F=0.000 pass_edge=1 pass_conf=1 pass_reco=0 FINAL=0 feas=0.00 voters=0 p90=0.004227 rej:no_reco=0 low_edge=5 low_feas=0
[95m[HEARTBEAT] count=6500 p50=0.001965 | Diversity: L0:1 L3:1 L1:1 L4:1 L2:1[0m
[EDGE_TRACE] sym=ICICIBANK.NS raw_edge=0.000000 edge_after_floor=0.000000 voters_pre=0 voters_post=0
[DIAG] sym=ICICIBANK.NS edge=0.000000 conf=0.00 edge_stab=0.000 reco_S=0.000 reco_G=0.200 reco_F=0.000 pass_edge=1 pass_conf=1 pass_reco=0 FINAL=0 feas=0.00 voters=0 p90=0.004227 rej:no_reco=0 low_edge=5 low_feas=0
[EDGE_TRACE] sym=INFY.NS raw_edge=0.002763 edge_after_floor=0.002763 voters_pre=0 voters_post=0
[DIAG] sym=INFY.NS edge=0.002763 conf=0.00 edge_stab=0.000 reco_S=1.000 reco_G=0.400 reco_F=0.203 pass_edge=1 pass_conf=1 pass_reco=1 FINAL=1 feas=0.00 voters=0 p90=0.004278 rej:no_reco=0 low_edge=4 low_feas=1
[EDGE_TRACE] sym=ITC.NS raw_edge=0.000000 edge_after_floor=0.000000 voters_pre=0 voters_post=0
[DIAG] sym=ITC.NS edge=0.000000 conf=0.00 edge_stab=0.000 reco_S=0.000 reco_G=0.200 reco_F=0.000 pass_edge=1 pass_conf=1 pass_reco=0 FINAL=0 feas=0.00 voters=0 p90=0.004319 rej:no_reco=0 low_edge=5 low_feas=0
[EDGE_TRACE] sym=LT.NS raw_edge=0.000000 edge_after_floor=0.000000 voters_pre=0 voters_post=0
[DIAG] sym=LT.NS edge=0.000000 conf=0.00 edge_stab=0.000 reco_S=0.000 reco_G=0.200 reco_F=0.000 pass_edge=1 pass_conf=1 pass_reco=0 FINAL=0 feas=0.00 voters=0 p90=0.004319 rej:no_reco=0 low_edge=5 low_feas=0
[EDGE_TRACE] sym=RELIANCE.NS raw_edge=0.000000 edge_after_floor=0.000000 voters_pre=0 voters_post=0
[DIAG] sym=RELIANCE.NS edge=0.000000 conf=0.00 edge_stab=0.000 reco_S=0.000 reco_G=0.200 reco_F=0.000 pass_edge=1 pass_conf=1 pass_reco=0 FINAL=0 feas=0.00 voters=0 p90=0.004319 rej:no_reco=0 low_edge=5 low_feas=0
[95m[HEARTBEAT] count=7000 p50=0.002026 | Diversity: L2:1 L4:1 L3:1 L1:1 L0:1[0m
[EDGE_TRACE] sym=SBIN.NS raw_edge=0.000000 edge_after_floor=0.000000 voters_pre=0 voters_post=0
[DIAG] sym=SBIN.NS edge=0.000000 conf=0.00 edge_stab=0.000 reco_S=0.000 reco_G=0.200 reco_F=0.000 pass_edge=1 pass_conf=1 pass_reco=0 FINAL=0 feas=0.00 voters=0 p90=0.004319 rej:no_reco=0 low_edge=5 low_feas=0
[EDGE_TRACE] sym=TCS.NS raw_edge=0.000000 edge_after_floor=0.000000 voters_pre=0 voters_post=0
[DIAG] sym=TCS.NS edge=0.000000 conf=0.00 edge_stab=0.000 reco_S=0.000 reco_G=0.200 reco_F=0.000 pass_edge=1 pass_conf=1 pass_reco=0 FINAL=0 feas=0.00 voters=0 p90=0.004319 rej:no_reco=0 low_edge=5 low_feas=0
[EDGE_TRACE] sym=BHARTIARTL.NS raw_edge=0.000000 edge_after_floor=0.000000 voters_pre=0 voters_post=0
[DIAG] sym=BHARTIARTL.NS edge=0.000000 conf=0.00 edge_stab=0.000 reco_S=0.000 reco_G=0.200 reco_F=0.000 pass_edge=1 pass_conf=1 pass_reco=0 FINAL=0 feas=0.00 voters=0 p90=0.004319 rej:no_reco=0 low_edge=5 low_feas=0
[EDGE_TRACE] sym=HDFCBANK.NS raw_edge=0.000000 edge_after_floor=0.000000 voters_pre=0 voters_post=0
[DIAG] sym=HDFCBANK.NS edge=0.000000 conf=0.00 edge_stab=0.000 reco_S=0.000 reco_G=0.200 reco_F=0.000 pass_edge=1 pass_conf=1 pass_reco=0 FINAL=0 feas=0.00 voters=0 p90=0.004319 rej:no_reco=0 low_edge=5 low_feas=0
[EDGE_TRACE] sym=ICICIBANK.NS raw_edge=0.000000 edge_after_floor=0.000000 voters_pre=0 voters_post=0
[DIAG] sym=ICICIBANK.NS edge=0.000000 conf=0.00 edge_stab=0.000 reco_S=0.000 reco_G=0.200 reco_F=0.000 pass_edge=1 pass_conf=1 pass_reco=0 FINAL=0 feas=0.00 voters=0 p90=0.004319 rej:no_reco=0 low_edge=5 low_feas=0
[95m[HEARTBEAT] count=7500 p50=0.002026 | Diversity: L3:1 L1:1 L4:1 L0:1 L2:1[0m
[EDGE_TRACE] sym=INFY.NS raw_edge=0.000000 edge_after_floor=0.000000 voters_pre=0 voters_post=0
[DIAG] sym=INFY.NS edge=0.000000 conf=0.00 edge_stab=0.000 reco_S=0.000 reco_G=0.200 reco_F=0.000 pass_edge=1 pass_conf=1 pass_reco=0 FINAL=0 feas=0.00 voters=0 p90=0.004319 rej:no_reco=0 low_edge=5 low_feas=0
[EDGE_TRACE] sym=ITC.NS raw_edge=0.000000 edge_after_floor=0.000000 voters_pre=0 voters_post=0
[DIAG] sym=ITC.NS edge=0.000000 conf=0.00 edge_stab=0.000 reco_S=0.000 reco_G=0.200 reco_F=0.000 pass_edge=1 pass_conf=1 pass_reco=0 FINAL=0 feas=0.00 voters=0 p90=0.004319 rej:no_reco=0 low_edge=5 low_feas=0
[EDGE_TRACE] sym=LT.NS raw_edge=0.000000 edge_after_floor=0.000000 voters_pre=0 voters_post=0
[DIAG] sym=LT.NS edge=0.000000 conf=0.00 edge_stab=0.000 reco_S=0.000 reco_G=0.200 reco_F=0.000 pass_edge=1 pass_conf=1 pass_reco=0 FINAL=0 feas=0.00 voters=0 p90=0.004319 rej:no_reco=0 low_edge=5 low_feas=0
[EDGE_TRACE] sym=RELIANCE.NS raw_edge=0.000000 edge_after_floor=0.000000 voters_pre=0 voters_post=0
[DIAG] sym=RELIANCE.NS edge=0.000000 conf=0.00 edge_stab=0.000 reco_S=0.000 reco_G=0.400 reco_F=0.000 pass_edge=1 pass_conf=1 pass_reco=0 FINAL=0 feas=0.00 voters=0 p90=0.004319 rej:no_reco=0 low_edge=5 low_feas=0
[EDGE_TRACE] sym=SBIN.NS raw_edge=0.000000 edge_after_floor=0.000000 voters_pre=0 voters_post=0
[DIAG] sym=SBIN.NS edge=0.000000 conf=0.00 edge_stab=0.000 reco_S=0.000 reco_G=0.200 reco_F=0.000 pass_edge=1 pass_conf=1 pass_reco=0 FINAL=0 feas=0.00 voters=0 p90=0.004319 rej:no_reco=0 low_edge=5 low_feas=0
[95m[HEARTBEAT] count=8000 p50=0.002026 | Diversity: L0:1 L1:1 L4:1 L3:1 L2:1[0m
[EDGE_TRACE] sym=TCS.NS raw_edge=0.000000 edge_after_floor=0.000000 voters_pre=0 voters_post=0
[DIAG] sym=TCS.NS edge=0.000000 conf=0.00 edge_stab=0.000 reco_S=0.000 reco_G=0.200 reco_F=0.000 pass_edge=1 pass_conf=1 pass_reco=0 FINAL=0 feas=0.00 voters=0 p90=0.004319 rej:no_reco=0 low_edge=5 low_feas=0
[EDGE_TRACE] sym=BHARTIARTL.NS raw_edge=0.000000 edge_after_floor=0.000000 voters_pre=0 voters_post=0
[DIAG] sym=BHARTIARTL.NS edge=0.000000 conf=0.00 edge_stab=0.000 reco_S=0.000 reco_G=0.400 reco_F=0.000 pass_edge=1 pass_conf=1 pass_reco=0 FINAL=0 feas=0.00 voters=0 p90=0.004315 rej:no_reco=0 low_edge=5 low_feas=0
[EDGE_TRACE] sym=HDFCBANK.NS raw_edge=0.000000 edge_after_floor=0.000000 voters_pre=0 voters_post=0
[DIAG] sym=HDFCBANK.NS edge=0.000000 conf=0.00 edge_stab=0.000 reco_S=0.000 reco_G=0.200 reco_F=0.000 pass_edge=1 pass_conf=1 pass_reco=0 FINAL=0 feas=0.00 voters=0 p90=0.004319 rej:no_reco=0 low_edge=5 low_feas=0
[EDGE_TRACE] sym=ICICIBANK.NS raw_edge=0.000000 edge_after_floor=0.000000 voters_pre=0 voters_post=0
[DIAG] sym=ICICIBANK.NS edge=0.000000 conf=0.00 edge_stab=0.000 reco_S=0.000 reco_G=0.200 reco_F=0.000 pass_edge=1 pass_conf=1 pass_reco=0 FINAL=0 feas=0.00 voters=0 p90=0.004319 rej:no_reco=0 low_edge=5 low_feas=0
[EDGE_TRACE] sym=INFY.NS raw_edge=0.000000 edge_after_floor=0.000000 voters_pre=0 voters_post=0
[DIAG] sym=INFY.NS edge=0.000000 conf=0.00 edge_stab=0.000 reco_S=0.000 reco_G=0.200 reco_F=0.000 pass_edge=1 pass_conf=1 pass_reco=0 FINAL=0 feas=0.00 voters=0 p90=0.004319 rej:no_reco=0 low_edge=5 low_feas=0
[95m[HEARTBEAT] count=8500 p50=0.002042 | Diversity: L0:1 L2:1 L1:1 L3:1 L4:1[0m
[EDGE_TRACE] sym=ITC.NS raw_edge=0.000000 edge_after_floor=0.000000 voters_pre=0 voters_post=0
[DIAG] sym=ITC.NS edge=0.000000 conf=0.00 edge_stab=0.000 reco_S=0.000 reco_G=0.400 reco_F=0.000 pass_edge=1 pass_conf=1 pass_reco=0 FINAL=0 feas=0.00 voters=0 p90=0.004319 rej:no_reco=0 low_edge=5 low_feas=0
[EDGE_TRACE] sym=LT.NS raw_edge=0.000000 edge_after_floor=0.000000 voters_pre=0 voters_post=0
[DIAG] sym=LT.NS edge=0.000000 conf=0.00 edge_stab=0.000 reco_S=0.000 reco_G=0.200 reco_F=0.000 pass_edge=1 pass_conf=1 pass_reco=0 FINAL=0 feas=0.00 voters=0 p90=0.004315 rej:no_reco=0 low_edge=5 low_feas=0
[EDGE_TRACE] sym=RELIANCE.NS raw_edge=0.000000 edge_after_floor=0.000000 voters_pre=0 voters_post=0
[DIAG] sym=RELIANCE.NS edge=0.000000 conf=0.00 edge_stab=0.000 reco_S=0.000 reco_G=0.200 reco_F=0.000 pass_edge=1 pass_conf=1 pass_reco=0 FINAL=0 feas=0.00 voters=0 p90=0.004315 rej:no_reco=0 low_edge=5 low_feas=0
[EDGE_TRACE] sym=SBIN.NS raw_edge=0.000000 edge_after_floor=0.000000 voters_pre=0 voters_post=0
[DIAG] sym=SBIN.NS edge=0.000000 conf=0.00 edge_stab=0.000 reco_S=0.000 reco_G=0.400 reco_F=0.000 pass_edge=1 pass_conf=1 pass_reco=0 FINAL=0 feas=0.00 voters=0 p90=0.004315 rej:no_reco=0 low_edge=5 low_feas=0
[EDGE_TRACE] sym=TCS.NS raw_edge=0.000000 edge_after_floor=0.000000 voters_pre=0 voters_post=0
[DIAG] sym=TCS.NS edge=0.000000 conf=0.00 edge_stab=0.000 reco_S=0.000 reco_G=0.200 reco_F=0.000 pass_edge=1 pass_conf=1 pass_reco=0 FINAL=0 feas=0.00 voters=0 p90=0.004315 rej:no_reco=0 low_edge=5 low_feas=0
[95m[HEARTBEAT] count=9000 p50=0.002054 | Diversity: L3:1 L1:1 L2:1 L0:1 L4:1[0m
[EDGE_TRACE] sym=BHARTIARTL.NS raw_edge=0.000000 edge_after_floor=0.000000 voters_pre=0 voters_post=0
[DIAG] sym=BHARTIARTL.NS edge=0.000000 conf=0.00 edge_stab=0.000 reco_S=0.000 reco_G=0.200 reco_F=0.000 pass_edge=1 pass_conf=1 pass_reco=0 FINAL=0 feas=0.00 voters=0 p90=0.004315 rej:no_reco=0 low_edge=5 low_feas=0
[EDGE_TRACE] sym=HDFCBANK.NS raw_edge=0.000000 edge_after_floor=0.000000 voters_pre=0 voters_post=0
[DIAG] sym=HDFCBANK.NS edge=0.000000 conf=0.00 edge_stab=0.000 reco_S=0.000 reco_G=0.200 reco_F=0.000 pass_edge=1 pass_conf=1 pass_reco=0 FINAL=0 feas=0.00 voters=0 p90=0.004315 rej:no_reco=0 low_edge=5 low_feas=0
[EDGE_TRACE] sym=ICICIBANK.NS raw_edge=0.000000 edge_after_floor=0.000000 voters_pre=0 voters_post=0
[DIAG] sym=ICICIBANK.NS edge=0.000000 conf=0.00 edge_stab=0.000 reco_S=0.000 reco_G=0.200 reco_F=0.000 pass_edge=1 pass_conf=1 pass_reco=0 FINAL=0 feas=0.00 voters=0 p90=0.004315 rej:no_reco=0 low_edge=5 low_feas=0
[EDGE_TRACE] sym=INFY.NS raw_edge=0.002607 edge_after_floor=0.002607 voters_pre=1 voters_post=0
[DIAG] sym=INFY.NS edge=0.002607 conf=0.99 edge_stab=0.000 reco_S=2.500 reco_G=0.200 reco_F=0.548 pass_edge=1 pass_conf=1 pass_reco=1 FINAL=1 feas=1.00 voters=1 p90=0.004292 rej:no_reco=0 low_edge=4 low_feas=0
[EDGE_TRACE] sym=ITC.NS raw_edge=0.000000 edge_after_floor=0.000000 voters_pre=0 voters_post=0
[DIAG] sym=ITC.NS edge=0.000000 conf=0.00 edge_stab=0.000 reco_S=0.000 reco_G=0.200 reco_F=0.000 pass_edge=1 pass_conf=1 pass_reco=0 FINAL=0 feas=0.00 voters=0 p90=0.004278 rej:no_reco=0 low_edge=5 low_feas=0
[95m[HEARTBEAT] count=9500 p50=0.002066 | Diversity: L4:1 L2:1 L0:1 L1:1 L3:1[0m
[EDGE_TRACE] sym=LT.NS raw_edge=0.000000 edge_after_floor=0.000000 voters_pre=0 voters_post=0
[DIAG] sym=LT.NS edge=0.000000 conf=0.00 edge_stab=0.000 reco_S=0.000 reco_G=0.200 reco_F=0.000 pass_edge=1 pass_conf=1 pass_reco=0 FINAL=0 feas=0.00 voters=0 p90=0.004278 rej:no_reco=0 low_edge=5 low_feas=0
[EDGE_TRACE] sym=RELIANCE.NS raw_edge=0.000000 edge_after_floor=0.000000 voters_pre=0 voters_post=0
[DIAG] sym=RELIANCE.NS edge=0.000000 conf=0.00 edge_stab=0.000 reco_S=0.000 reco_G=0.200 reco_F=0.000 pass_edge=1 pass_conf=1 pass_reco=0 FINAL=0 feas=0.00 voters=0 p90=0.004278 rej:no_reco=0 low_edge=5 low_feas=0
[EDGE_TRACE] sym=SBIN.NS raw_edge=0.000000 edge_after_floor=0.000000 voters_pre=0 voters_post=0
[DIAG] sym=SBIN.NS edge=0.000000 conf=0.00 edge_stab=0.000 reco_S=0.000 reco_G=0.400 reco_F=0.000 pass_edge=1 pass_conf=1 pass_reco=0 FINAL=0 feas=0.00 voters=0 p90=0.004278 rej:no_reco=0 low_edge=5 low_feas=0
[EDGE_TRACE] sym=TCS.NS raw_edge=0.000000 edge_after_floor=0.000000 voters_pre=0 voters_post=0
[DIAG] sym=TCS.NS edge=0.000000 conf=0.00 edge_stab=0.000 reco_S=0.000 reco_G=0.200 reco_F=0.000 pass_edge=1 pass_conf=1 pass_reco=0 FINAL=0 feas=0.00 voters=0 p90=0.004278 rej:no_reco=0 low_edge=5 low_feas=0
[EDGE_TRACE] sym=BHARTIARTL.NS raw_edge=0.000000 edge_after_floor=0.000000 voters_pre=0 voters_post=0
[DIAG] sym=BHARTIARTL.NS edge=0.000000 conf=0.00 edge_stab=0.000 reco_S=0.000 reco_G=0.200 reco_F=0.000 pass_edge=1 pass_conf=1 pass_reco=0 FINAL=0 feas=0.00 voters=0 p90=0.004278 rej:no_reco=0 low_edge=5 low_feas=0
[95m[HEARTBEAT] count=10000 p50=0.002066 | Diversity: L0:1 L4:1 L1:1 L2:1 L3:1[0m
[EDGE_TRACE] sym=HDFCBANK.NS raw_edge=0.000000 edge_after_floor=0.000000 voters_pre=0 voters_post=0
[DIAG] sym=HDFCBANK.NS edge=0.000000 conf=0.00 edge_stab=0.000 reco_S=0.000 reco_G=0.200 reco_F=0.000 pass_edge=1 pass_conf=1 pass_reco=0 FINAL=0 feas=0.00 voters=0 p90=0.004278 rej:no_reco=0 low_edge=5 low_feas=0
[EDGE_TRACE] sym=ICICIBANK.NS raw_edge=0.000000 edge_after_floor=0.000000 voters_pre=0 voters_post=0
[DIAG] sym=ICICIBANK.NS edge=0.000000 conf=0.00 edge_stab=0.000 reco_S=0.000 reco_G=0.200 reco_F=0.000 pass_edge=1 pass_conf=1 pass_reco=0 FINAL=0 feas=0.00 voters=0 p90=0.004292 rej:no_reco=0 low_edge=5 low_feas=0
[EDGE_TRACE] sym=INFY.NS raw_edge=0.000000 edge_after_floor=0.000000 voters_pre=0 voters_post=0
[DIAG] sym=INFY.NS edge=0.000000 conf=0.00 edge_stab=0.000 reco_S=0.000 reco_G=0.200 reco_F=0.000 pass_edge=1 pass_conf=1 pass_reco=0 FINAL=0 feas=0.00 voters=0 p90=0.004278 rej:no_reco=0 low_edge=5 low_feas=0
[EDGE_TRACE] sym=ITC.NS raw_edge=0.000000 edge_after_floor=0.000000 voters_pre=0 voters_post=0
[DIAG] sym=ITC.NS edge=0.000000 conf=0.00 edge_stab=0.000 reco_S=0.000 reco_G=0.200 reco_F=0.000 pass_edge=1 pass_conf=1 pass_reco=0 FINAL=0 feas=0.00 voters=0 p90=0.004278 rej:no_reco=0 low_edge=5 low_feas=0
[EDGE_TRACE] sym=LT.NS raw_edge=0.000000 edge_after_floor=0.000000 voters_pre=0 voters_post=0
[DIAG] sym=LT.NS edge=0.000000 conf=0.00 edge_stab=0.000 reco_S=0.000 reco_G=0.200 reco_F=0.000 pass_edge=1 pass_conf=1 pass_reco=0 FINAL=0 feas=0.00 voters=0 p90=0.004278 rej:no_reco=0 low_edge=5 low_feas=0
[95m[HEARTBEAT] count=10500 p50=0.002076 | Diversity: L3:1 L0:1 L4:1 L1:1 L2:1[0m
[EDGE_TRACE] sym=RELIANCE.NS raw_edge=0.000000 edge_after_floor=0.000000 voters_pre=0 voters_post=0
[DIAG] sym=RELIANCE.NS edge=0.000000 conf=0.00 edge_stab=0.000 reco_S=0.000 reco_G=0.200 reco_F=0.000 pass_edge=1 pass_conf=1 pass_reco=0 FINAL=0 feas=0.00 voters=0 p90=0.004278 rej:no_reco=0 low_edge=5 low_feas=0
[EDGE_TRACE] sym=SBIN.NS raw_edge=0.000000 edge_after_floor=0.000000 voters_pre=0 voters_post=0
[DIAG] sym=SBIN.NS edge=0.000000 conf=0.00 edge_stab=0.000 reco_S=0.000 reco_G=0.200 reco_F=0.000 pass_edge=1 pass_conf=1 pass_reco=0 FINAL=0 feas=0.00 voters=0 p90=0.004274 rej:no_reco=0 low_edge=5 low_feas=0
[EDGE_TRACE] sym=TCS.NS raw_edge=0.001386 edge_after_floor=0.001386 voters_pre=0 voters_post=0
[DIAG] sym=TCS.NS edge=0.001386 conf=0.00 edge_stab=0.000 reco_S=2.041 reco_G=0.200 reco_F=0.143 pass_edge=1 pass_conf=1 pass_reco=1 FINAL=1 feas=0.00 voters=0 p90=0.004292 rej:no_reco=0 low_edge=3 low_feas=2
[EDGE_TRACE] sym=BHARTIARTL.NS raw_edge=0.000000 edge_after_floor=0.000000 voters_pre=0 voters_post=0
[DIAG] sym=BHARTIARTL.NS edge=0.000000 conf=0.00 edge_stab=0.000 reco_S=0.000 reco_G=0.400 reco_F=0.000 pass_edge=1 pass_conf=1 pass_reco=0 FINAL=0 feas=0.00 voters=0 p90=0.004292 rej:no_reco=0 low_edge=5 low_feas=0
[EDGE_TRACE] sym=HDFCBANK.NS raw_edge=0.000000 edge_after_floor=0.000000 voters_pre=0 voters_post=0
[DIAG] sym=HDFCBANK.NS edge=0.000000 conf=0.00 edge_stab=0.000 reco_S=0.000 reco_G=0.200 reco_F=0.000 pass_edge=1 pass_conf=1 pass_reco=0 FINAL=0 feas=0.00 voters=0 p90=0.004292 rej:no_reco=0 low_edge=5 low_feas=0
[95m[HEARTBEAT] count=11000 p50=0.002068 | Diversity: L3:1 L0:1 L2:1 L1:1 L4:1[0m
[EDGE_TRACE] sym=ICICIBANK.NS raw_edge=0.000000 edge_after_floor=0.000000 voters_pre=0 voters_post=0
[DIAG] sym=ICICIBANK.NS edge=0.000000 conf=0.00 edge_stab=0.000 reco_S=0.000 reco_G=0.200 reco_F=0.000 pass_edge=1 pass_conf=1 pass_reco=0 FINAL=0 feas=0.00 voters=0 p90=0.004292 rej:no_reco=0 low_edge=5 low_feas=0
[EDGE_TRACE] sym=INFY.NS raw_edge=0.000000 edge_after_floor=0.000000 voters_pre=0 voters_post=0
[DIAG] sym=INFY.NS edge=0.000000 conf=0.00 edge_stab=0.000 reco_S=0.000 reco_G=0.200 reco_F=0.000 pass_edge=1 pass_conf=1 pass_reco=0 FINAL=0 feas=0.00 voters=0 p90=0.004292 rej:no_reco=0 low_edge=5 low_feas=0
[EDGE_TRACE] sym=ITC.NS raw_edge=0.000000 edge_after_floor=0.000000 voters_pre=0 voters_post=0
[DIAG] sym=ITC.NS edge=0.000000 conf=0.00 edge_stab=0.000 reco_S=0.000 reco_G=0.400 reco_F=0.000 pass_edge=1 pass_conf=1 pass_reco=0 FINAL=0 feas=0.00 voters=0 p90=0.004292 rej:no_reco=0 low_edge=5 low_feas=0
[EDGE_TRACE] sym=LT.NS raw_edge=0.000000 edge_after_floor=0.000000 voters_pre=0 voters_post=0
[DIAG] sym=LT.NS edge=0.000000 conf=0.00 edge_stab=0.000 reco_S=0.000 reco_G=0.400 reco_F=0.000 pass_edge=1 pass_conf=1 pass_reco=0 FINAL=0 feas=0.00 voters=0 p90=0.004278 rej:no_reco=0 low_edge=5 low_feas=0
[EDGE_TRACE] sym=RELIANCE.NS raw_edge=0.000000 edge_after_floor=0.000000 voters_pre=0 voters_post=0
[DIAG] sym=RELIANCE.NS edge=0.000000 conf=0.00 edge_stab=0.000 reco_S=0.000 reco_G=0.200 reco_F=0.000 pass_edge=1 pass_conf=1 pass_reco=0 FINAL=0 feas=0.00 voters=0 p90=0.004292 rej:no_reco=0 low_edge=5 low_feas=0
[95m[HEARTBEAT] count=11500 p50=0.002068 | Diversity: L4:1 L3:1 L1:1 L2:1 L0:1[0m
[EDGE_TRACE] sym=SBIN.NS raw_edge=0.000000 edge_after_floor=0.000000 voters_pre=0 voters_post=0
[DIAG] sym=SBIN.NS edge=0.000000 conf=0.00 edge_stab=0.000 reco_S=0.000 reco_G=0.200 reco_F=0.000 pass_edge=1 pass_conf=1 pass_reco=0 FINAL=0 feas=0.00 voters=0 p90=0.004278 rej:no_reco=0 low_edge=5 low_feas=0
[EDGE_TRACE] sym=TCS.NS raw_edge=0.000000 edge_after_floor=0.000000 voters_pre=0 voters_post=0
[DIAG] sym=TCS.NS edge=0.000000 conf=0.00 edge_stab=0.000 reco_S=0.000 reco_G=0.200 reco_F=0.000 pass_edge=1 pass_conf=1 pass_reco=0 FINAL=0 feas=0.00 voters=0 p90=0.004278 rej:no_reco=0 low_edge=5 low_feas=0
[EDGE_TRACE] sym=BHARTIARTL.NS raw_edge=0.000000 edge_after_floor=0.000000 voters_pre=0 voters_post=0
[DIAG] sym=BHARTIARTL.NS edge=0.000000 conf=0.00 edge_stab=0.000 reco_S=0.000 reco_G=0.200 reco_F=0.000 pass_edge=1 pass_conf=1 pass_reco=0 FINAL=0 feas=0.00 voters=0 p90=0.004278 rej:no_reco=0 low_edge=5 low_feas=0
[EDGE_TRACE] sym=HDFCBANK.NS raw_edge=0.000000 edge_after_floor=0.000000 voters_pre=0 voters_post=0
[DIAG] sym=HDFCBANK.NS edge=0.000000 conf=0.00 edge_stab=0.000 reco_S=0.000 reco_G=0.200 reco_F=0.000 pass_edge=1 pass_conf=1 pass_reco=0 FINAL=0 feas=0.00 voters=0 p90=0.004278 rej:no_reco=0 low_edge=5 low_feas=0
[EDGE_TRACE] sym=ICICIBANK.NS raw_edge=0.000000 edge_after_floor=0.000000 voters_pre=0 voters_post=0
[DIAG] sym=ICICIBANK.NS edge=0.000000 conf=0.00 edge_stab=0.000 reco_S=0.000 reco_G=0.400 reco_F=0.000 pass_edge=1 pass_conf=1 pass_reco=0 FINAL=0 feas=0.00 voters=0 p90=0.004278 rej:no_reco=0 low_edge=5 low_feas=0
[95m[HEARTBEAT] count=12000 p50=0.002066 | Diversity: L3:1 L4:1 L1:1 L0:1 L2:1[0m
[EDGE_TRACE] sym=INFY.NS raw_edge=0.000000 edge_after_floor=0.000000 voters_pre=0 voters_post=0
[DIAG] sym=INFY.NS edge=0.000000 conf=0.00 edge_stab=0.000 reco_S=0.000 reco_G=0.200 reco_F=0.000 pass_edge=1 pass_conf=1 pass_reco=0 FINAL=0 feas=0.00 voters=0 p90=0.004278 rej:no_reco=0 low_edge=5 low_feas=0
[EDGE_TRACE] sym=ITC.NS raw_edge=0.000000 edge_after_floor=0.000000 voters_pre=0 voters_post=0
[DIAG] sym=ITC.NS edge=0.000000 conf=0.00 edge_stab=0.000 reco_S=0.000 reco_G=0.400 reco_F=0.000 pass_edge=1 pass_conf=1 pass_reco=0 FINAL=0 feas=0.00 voters=0 p90=0.004274 rej:no_reco=0 low_edge=5 low_feas=0
[EDGE_TRACE] sym=LT.NS raw_edge=0.000000 edge_after_floor=0.000000 voters_pre=0 voters_post=0
[DIAG] sym=LT.NS edge=0.000000 conf=0.00 edge_stab=0.000 reco_S=0.000 reco_G=0.200 reco_F=0.000 pass_edge=1 pass_conf=1 pass_reco=0 FINAL=0 feas=0.00 voters=0 p90=0.004274 rej:no_reco=0 low_edge=5 low_feas=0
[EDGE_TRACE] sym=RELIANCE.NS raw_edge=0.000000 edge_after_floor=0.000000 voters_pre=0 voters_post=0
[DIAG] sym=RELIANCE.NS edge=0.000000 conf=0.00 edge_stab=0.000 reco_S=0.000 reco_G=0.200 reco_F=0.000 pass_edge=1 pass_conf=1 pass_reco=0 FINAL=0 feas=0.00 voters=0 p90=0.004274 rej:no_reco=0 low_edge=5 low_feas=0
[EDGE_TRACE] sym=SBIN.NS raw_edge=0.000000 edge_after_floor=0.000000 voters_pre=0 voters_post=0
[DIAG] sym=SBIN.NS edge=0.000000 conf=0.00 edge_stab=0.000 reco_S=0.000 reco_G=0.200 reco_F=0.000 pass_edge=1 pass_conf=1 pass_reco=0 FINAL=0 feas=0.00 voters=0 p90=0.004274 rej:no_reco=0 low_edge=5 low_feas=0
[95m[HEARTBEAT] count=12500 p50=0.002068 | Diversity: L4:1 L0:1 L1:1 L3:1 L2:1[0m
[EDGE_TRACE] sym=TCS.NS raw_edge=0.000000 edge_after_floor=0.000000 voters_pre=0 voters_post=0
[DIAG] sym=TCS.NS edge=0.000000 conf=0.00 edge_stab=0.000 reco_S=0.000 reco_G=0.200 reco_F=0.000 pass_edge=1 pass_conf=1 pass_reco=0 FINAL=0 feas=0.00 voters=0 p90=0.004274 rej:no_reco=0 low_edge=5 low_feas=0
[EDGE_TRACE] sym=BHARTIARTL.NS raw_edge=0.000000 edge_after_floor=0.000000 voters_pre=0 voters_post=0
[DIAG] sym=BHARTIARTL.NS edge=0.000000 conf=0.00 edge_stab=0.000 reco_S=0.000 reco_G=0.200 reco_F=0.000 pass_edge=1 pass_conf=1 pass_reco=0 FINAL=0 feas=0.00 voters=0 p90=0.004274 rej:no_reco=0 low_edge=5 low_feas=0
[EDGE_TRACE] sym=HDFCBANK.NS raw_edge=0.000000 edge_after_floor=0.000000 voters_pre=0 voters_post=0
[DIAG] sym=HDFCBANK.NS edge=0.000000 conf=0.00 edge_stab=0.000 reco_S=0.000 reco_G=0.200 reco_F=0.000 pass_edge=1 pass_conf=1 pass_reco=0 FINAL=0 feas=0.00 voters=0 p90=0.004272 rej:no_reco=0 low_edge=5 low_feas=0
[EDGE_TRACE] sym=ICICIBANK.NS raw_edge=0.000000 edge_after_floor=0.000000 voters_pre=0 voters_post=0
[DIAG] sym=ICICIBANK.NS edge=0.000000 conf=0.00 edge_stab=0.000 reco_S=0.000 reco_G=0.200 reco_F=0.000 pass_edge=1 pass_conf=1 pass_reco=0 FINAL=0 feas=0.00 voters=0 p90=0.004272 rej:no_reco=0 low_edge=5 low_feas=0
[EDGE_TRACE] sym=INFY.NS raw_edge=0.000000 edge_after_floor=0.000000 voters_pre=0 voters_post=0
[DIAG] sym=INFY.NS edge=0.000000 conf=0.00 edge_stab=0.000 reco_S=0.000 reco_G=0.200 reco_F=0.000 pass_edge=1 pass_conf=1 pass_reco=0 FINAL=0 feas=0.00 voters=0 p90=0.004272 rej:no_reco=0 low_edge=5 low_feas=0
[95m[HEARTBEAT] count=13000 p50=0.002066 | Diversity: L3:1 L2:1 L4:1 L0:1 L1:1[0m
[EDGE_TRACE] sym=ITC.NS raw_edge=0.000000 edge_after_floor=0.000000 voters_pre=0 voters_post=0
[DIAG] sym=ITC.NS edge=0.000000 conf=0.00 edge_stab=0.000 reco_S=0.000 reco_G=0.200 reco_F=0.000 pass_edge=1 pass_conf=1 pass_reco=0 FINAL=0 feas=0.00 voters=0 p90=0.004272 rej:no_reco=0 low_edge=5 low_feas=0
[EDGE_TRACE] sym=LT.NS raw_edge=0.000000 edge_after_floor=0.000000 voters_pre=0 voters_post=0
[DIAG] sym=LT.NS edge=0.000000 conf=0.00 edge_stab=0.000 reco_S=0.000 reco_G=0.200 reco_F=0.000 pass_edge=1 pass_conf=1 pass_reco=0 FINAL=0 feas=0.00 voters=0 p90=0.004272 rej:no_reco=0 low_edge=5 low_feas=0
[EDGE_TRACE] sym=RELIANCE.NS raw_edge=0.000000 edge_after_floor=0.000000 voters_pre=0 voters_post=0
[DIAG] sym=RELIANCE.NS edge=0.000000 conf=0.00 edge_stab=0.000 reco_S=0.000 reco_G=0.200 reco_F=0.000 pass_edge=1 pass_conf=1 pass_reco=0 FINAL=0 feas=0.00 voters=0 p90=0.004272 rej:no_reco=0 low_edge=5 low_feas=0
[EDGE_TRACE] sym=SBIN.NS raw_edge=0.000000 edge_after_floor=0.000000 voters_pre=0 voters_post=0
[DIAG] sym=SBIN.NS edge=0.000000 conf=0.00 edge_stab=0.000 reco_S=0.000 reco_G=0.200 reco_F=0.000 pass_edge=1 pass_conf=1 pass_reco=0 FINAL=0 feas=0.00 voters=0 p90=0.004272 rej:no_reco=0 low_edge=5 low_feas=0
[EDGE_TRACE] sym=TCS.NS raw_edge=0.000000 edge_after_floor=0.000000 voters_pre=0 voters_post=0
[DIAG] sym=TCS.NS edge=0.000000 conf=0.00 edge_stab=0.000 reco_S=0.000 reco_G=0.200 reco_F=0.000 pass_edge=1 pass_conf=1 pass_reco=0 FINAL=0 feas=0.00 voters=0 p90=0.004272 rej:no_reco=0 low_edge=5 low_feas=0
[95m[HEARTBEAT] count=13500 p50=0.002066 | Diversity: L0:1 L1:1 L2:1 L3:1 L4:1[0m
[EDGE_TRACE] sym=BHARTIARTL.NS raw_edge=0.000000 edge_after_floor=0.000000 voters_pre=0 voters_post=0
[DIAG] sym=BHARTIARTL.NS edge=0.000000 conf=0.00 edge_stab=0.000 reco_S=0.000 reco_G=0.400 reco_F=0.000 pass_edge=1 pass_conf=1 pass_reco=0 FINAL=0 feas=0.00 voters=0 p90=0.004272 rej:no_reco=0 low_edge=5 low_feas=0
[EDGE_TRACE] sym=HDFCBANK.NS raw_edge=0.000000 edge_after_floor=0.000000 voters_pre=0 voters_post=0
[DIAG] sym=HDFCBANK.NS edge=0.000000 conf=0.00 edge_stab=0.000 reco_S=0.000 reco_G=0.200 reco_F=0.000 pass_edge=1 pass_conf=1 pass_reco=0 FINAL=0 feas=0.00 voters=0 p90=0.004272 rej:no_reco=0 low_edge=5 low_feas=0
[EDGE_TRACE] sym=ICICIBANK.NS raw_edge=0.000000 edge_after_floor=0.000000 voters_pre=0 voters_post=0
[DIAG] sym=ICICIBANK.NS edge=0.000000 conf=0.00 edge_stab=0.000 reco_S=0.000 reco_G=0.200 reco_F=0.000 pass_edge=1 pass_conf=1 pass_reco=0 FINAL=0 feas=0.00 voters=0 p90=0.004272 rej:no_reco=0 low_edge=5 low_feas=0
[EDGE_TRACE] sym=INFY.NS raw_edge=0.000000 edge_after_floor=0.000000 voters_pre=0 voters_post=0
[DIAG] sym=INFY.NS edge=0.000000 conf=0.00 edge_stab=0.000 reco_S=0.000 reco_G=0.200 reco_F=0.000 pass_edge=1 pass_conf=1 pass_reco=0 FINAL=0 feas=0.00 voters=0 p90=0.004272 rej:no_reco=0 low_edge=5 low_feas=0
[EDGE_TRACE] sym=ITC.NS raw_edge=0.000000 edge_after_floor=0.000000 voters_pre=0 voters_post=0
[DIAG] sym=ITC.NS edge=0.000000 conf=0.00 edge_stab=0.000 reco_S=0.000 reco_G=0.200 reco_F=0.000 pass_edge=1 pass_conf=1 pass_reco=0 FINAL=0 feas=0.00 voters=0 p90=0.004272 rej:no_reco=0 low_edge=5 low_feas=0
[95m[HEARTBEAT] count=14000 p50=0.002066 | Diversity: L1:1 L3:1 L0:1 L4:1 L2:1[0m
[EDGE_TRACE] sym=LT.NS raw_edge=0.000000 edge_after_floor=0.000000 voters_pre=0 voters_post=0
[DIAG] sym=LT.NS edge=0.000000 conf=0.00 edge_stab=0.000 reco_S=0.000 reco_G=0.200 reco_F=0.000 pass_edge=1 pass_conf=1 pass_reco=0 FINAL=0 feas=0.00 voters=0 p90=0.004271 rej:no_reco=0 low_edge=5 low_feas=0
[EDGE_TRACE] sym=RELIANCE.NS raw_edge=0.000000 edge_after_floor=0.000000 voters_pre=0 voters_post=0
[DIAG] sym=RELIANCE.NS edge=0.000000 conf=0.00 edge_stab=0.000 reco_S=0.000 reco_G=0.200 reco_F=0.000 pass_edge=1 pass_conf=1 pass_reco=0 FINAL=0 feas=0.00 voters=0 p90=0.004262 rej:no_reco=0 low_edge=5 low_feas=0
[EDGE_TRACE] sym=SBIN.NS raw_edge=0.000000 edge_after_floor=0.000000 voters_pre=0 voters_post=0
[DIAG] sym=SBIN.NS edge=0.000000 conf=0.00 edge_stab=0.000 reco_S=0.000 reco_G=0.200 reco_F=0.000 pass_edge=1 pass_conf=1 pass_reco=0 FINAL=0 feas=0.00 voters=0 p90=0.004262 rej:no_reco=0 low_edge=5 low_feas=0
[EDGE_TRACE] sym=TCS.NS raw_edge=0.000000 edge_after_floor=0.000000 voters_pre=0 voters_post=0
[DIAG] sym=TCS.NS edge=0.000000 conf=0.00 edge_stab=0.000 reco_S=0.000 reco_G=0.400 reco_F=0.000 pass_edge=1 pass_conf=1 pass_reco=0 FINAL=0 feas=0.00 voters=0 p90=0.004262 rej:no_reco=0 low_edge=5 low_feas=0
[EDGE_TRACE] sym=BHARTIARTL.NS raw_edge=0.000000 edge_after_floor=0.000000 voters_pre=0 voters_post=0
[DIAG] sym=BHARTIARTL.NS edge=0.000000 conf=0.00 edge_stab=0.000 reco_S=0.000 reco_G=0.200 reco_F=0.000 pass_edge=1 pass_conf=1 pass_reco=0 FINAL=0 feas=0.00 voters=0 p90=0.004262 rej:no_reco=0 low_edge=5 low_feas=0
[95m[HEARTBEAT] count=14500 p50=0.002066 | Diversity: L1:1 L3:1 L4:1 L2:1 L0:1[0m
[EDGE_TRACE] sym=HDFCBANK.NS raw_edge=0.000000 edge_after_floor=0.000000 voters_pre=0 voters_post=0
[DIAG] sym=HDFCBANK.NS edge=0.000000 conf=0.00 edge_stab=0.000 reco_S=0.000 reco_G=0.200 reco_F=0.000 pass_edge=1 pass_conf=1 pass_reco=0 FINAL=0 feas=0.00 voters=0 p90=0.004262 rej:no_reco=0 low_edge=5 low_feas=0
[EDGE_TRACE] sym=ICICIBANK.NS raw_edge=0.000000 edge_after_floor=0.000000 voters_pre=0 voters_post=0
[DIAG] sym=ICICIBANK.NS edge=0.000000 conf=0.00 edge_stab=0.000 reco_S=0.000 reco_G=0.400 reco_F=0.000 pass_edge=1 pass_conf=1 pass_reco=0 FINAL=0 feas=0.00 voters=0 p90=0.004262 rej:no_reco=0 low_edge=5 low_feas=0
[EDGE_TRACE] sym=INFY.NS raw_edge=0.003600 edge_after_floor=0.003600 voters_pre=0 voters_post=0
[DIAG] sym=INFY.NS edge=0.003600 conf=0.00 edge_stab=0.000 reco_S=1.000 reco_G=0.400 reco_F=0.225 pass_edge=1 pass_conf=1 pass_reco=1 FINAL=1 feas=0.00 voters=0 p90=0.004249 rej:no_reco=0 low_edge=4 low_feas=1
[EDGE_TRACE] sym=ITC.NS raw_edge=0.000000 edge_after_floor=0.000000 voters_pre=0 voters_post=0
[DIAG] sym=ITC.NS edge=0.000000 conf=0.00 edge_stab=0.000 reco_S=0.000 reco_G=0.200 reco_F=0.000 pass_edge=1 pass_conf=1 pass_reco=0 FINAL=0 feas=0.00 voters=0 p90=0.004261 rej:no_reco=0 low_edge=5 low_feas=0
[EDGE_TRACE] sym=LT.NS raw_edge=0.000000 edge_after_floor=0.000000 voters_pre=0 voters_post=0
[DIAG] sym=LT.NS edge=0.000000 conf=0.00 edge_stab=0.000 reco_S=0.000 reco_G=0.200 reco_F=0.000 pass_edge=1 pass_conf=1 pass_reco=0 FINAL=0 feas=0.00 voters=0 p90=0.004261 rej:no_reco=0 low_edge=5 low_feas=0
[95m[HEARTBEAT] count=15000 p50=0.002066 | Diversity: L4:1 L1:1 L0:1 L3:1 L2:1[0m
[EDGE_TRACE] sym=RELIANCE.NS raw_edge=0.000000 edge_after_floor=0.000000 voters_pre=0 voters_post=0
[DIAG] sym=RELIANCE.NS edge=0.000000 conf=0.00 edge_stab=0.000 reco_S=0.000 reco_G=0.200 reco_F=0.000 pass_edge=1 pass_conf=1 pass_reco=0 FINAL=0 feas=0.00 voters=0 p90=0.004261 rej:no_reco=0 low_edge=5 low_feas=0
[EDGE_TRACE] sym=SBIN.NS raw_edge=0.000000 edge_after_floor=0.000000 voters_pre=0 voters_post=0
[DIAG] sym=SBIN.NS edge=0.000000 conf=0.00 edge_stab=0.000 reco_S=0.000 reco_G=0.200 reco_F=0.000 pass_edge=1 pass_conf=1 pass_reco=0 FINAL=0 feas=0.00 voters=0 p90=0.004261 rej:no_reco=0 low_edge=5 low_feas=0
[EDGE_TRACE] sym=TCS.NS raw_edge=0.000000 edge_after_floor=0.000000 voters_pre=0 voters_post=0
[DIAG] sym=TCS.NS edge=0.000000 conf=0.00 edge_stab=0.000 reco_S=0.000 reco_G=0.400 reco_F=0.000 pass_edge=1 pass_conf=1 pass_reco=0 FINAL=0 feas=0.00 voters=0 p90=0.004261 rej:no_reco=0 low_edge=5 low_feas=0
[EDGE_TRACE] sym=BHARTIARTL.NS raw_edge=0.000000 edge_after_floor=0.000000 voters_pre=0 voters_post=0
[DIAG] sym=BHARTIARTL.NS edge=0.000000 conf=0.00 edge_stab=0.000 reco_S=0.000 reco_G=0.200 reco_F=0.000 pass_edge=1 pass_conf=1 pass_reco=0 FINAL=0 feas=0.00 voters=0 p90=0.004261 rej:no_reco=0 low_edge=5 low_feas=0
[EDGE_TRACE] sym=HDFCBANK.NS raw_edge=0.000000 edge_after_floor=0.000000 voters_pre=0 voters_post=0
[DIAG] sym=HDFCBANK.NS edge=0.000000 conf=0.00 edge_stab=0.000 reco_S=0.000 reco_G=0.200 reco_F=0.000 pass_edge=1 pass_conf=1 pass_reco=0 FINAL=0 feas=0.00 voters=0 p90=0.004239 rej:no_reco=0 low_edge=5 low_feas=0
[95m[HEARTBEAT] count=15500 p50=0.002028 | Diversity: L2:1 L4:1 L0:1 L3:1 L1:1[0m
[EDGE_TRACE] sym=ICICIBANK.NS raw_edge=0.000000 edge_after_floor=0.000000 voters_pre=0 voters_post=0
[DIAG] sym=ICICIBANK.NS edge=0.000000 conf=0.00 edge_stab=0.000 reco_S=0.000 reco_G=0.400 reco_F=0.000 pass_edge=1 pass_conf=1 pass_reco=0 FINAL=0 feas=0.00 voters=0 p90=0.004249 rej:no_reco=0 low_edge=5 low_feas=0
[EDGE_TRACE] sym=INFY.NS raw_edge=0.000000 edge_after_floor=0.000000 voters_pre=0 voters_post=0
[DIAG] sym=INFY.NS edge=0.000000 conf=0.00 edge_stab=0.000 reco_S=0.000 reco_G=0.200 reco_F=0.000 pass_edge=1 pass_conf=1 pass_reco=0 FINAL=0 feas=0.00 voters=0 p90=0.004249 rej:no_reco=0 low_edge=5 low_feas=0
[EDGE_TRACE] sym=ITC.NS raw_edge=0.000000 edge_after_floor=0.000000 voters_pre=0 voters_post=0
[DIAG] sym=ITC.NS edge=0.000000 conf=0.00 edge_stab=0.000 reco_S=0.000 reco_G=0.200 reco_F=0.000 pass_edge=1 pass_conf=1 pass_reco=0 FINAL=0 feas=0.00 voters=0 p90=0.004249 rej:no_reco=0 low_edge=5 low_feas=0
[EDGE_TRACE] sym=LT.NS raw_edge=0.000000 edge_after_floor=0.000000 voters_pre=0 voters_post=0
[DIAG] sym=LT.NS edge=0.000000 conf=0.00 edge_stab=0.000 reco_S=0.000 reco_G=0.200 reco_F=0.000 pass_edge=1 pass_conf=1 pass_reco=0 FINAL=0 feas=0.00 voters=0 p90=0.004249 rej:no_reco=0 low_edge=5 low_feas=0
[EDGE_TRACE] sym=RELIANCE.NS raw_edge=0.000000 edge_after_floor=0.000000 voters_pre=0 voters_post=0
[DIAG] sym=RELIANCE.NS edge=0.000000 conf=0.00 edge_stab=0.000 reco_S=0.000 reco_G=0.200 reco_F=0.000 pass_edge=1 pass_conf=1 pass_reco=0 FINAL=0 feas=0.00 voters=0 p90=0.004249 rej:no_reco=0 low_edge=5 low_feas=0
[95m[HEARTBEAT] count=16000 p50=0.002054 | Diversity: L1:1 L2:1 L3:1 L4:1 L0:1[0m
[EDGE_TRACE] sym=SBIN.NS raw_edge=0.000000 edge_after_floor=0.000000 voters_pre=0 voters_post=0
[DIAG] sym=SBIN.NS edge=0.000000 conf=0.00 edge_stab=0.000 reco_S=0.000 reco_G=0.200 reco_F=0.000 pass_edge=1 pass_conf=1 pass_reco=0 FINAL=0 feas=0.00 voters=0 p90=0.004249 rej:no_reco=0 low_edge=5 low_feas=0
[EDGE_TRACE] sym=TCS.NS raw_edge=0.000000 edge_after_floor=0.000000 voters_pre=0 voters_post=0
[DIAG] sym=TCS.NS edge=0.000000 conf=0.00 edge_stab=0.000 reco_S=0.000 reco_G=0.200 reco_F=0.000 pass_edge=1 pass_conf=1 pass_reco=0 FINAL=0 feas=0.00 voters=0 p90=0.004249 rej:no_reco=0 low_edge=5 low_feas=0
[EDGE_TRACE] sym=BHARTIARTL.NS raw_edge=0.000000 edge_after_floor=0.000000 voters_pre=0 voters_post=0
[DIAG] sym=BHARTIARTL.NS edge=0.000000 conf=0.00 edge_stab=0.000 reco_S=0.000 reco_G=0.200 reco_F=0.000 pass_edge=1 pass_conf=1 pass_reco=0 FINAL=0 feas=0.00 voters=0 p90=0.004249 rej:no_reco=0 low_edge=5 low_feas=0
[EDGE_TRACE] sym=HDFCBANK.NS raw_edge=0.000000 edge_after_floor=0.000000 voters_pre=0 voters_post=0
[DIAG] sym=HDFCBANK.NS edge=0.000000 conf=0.00 edge_stab=0.000 reco_S=0.000 reco_G=0.200 reco_F=0.000 pass_edge=1 pass_conf=1 pass_reco=0 FINAL=0 feas=0.00 voters=0 p90=0.004249 rej:no_reco=0 low_edge=5 low_feas=0
[EDGE_TRACE] sym=ICICIBANK.NS raw_edge=0.000000 edge_after_floor=0.000000 voters_pre=0 voters_post=0
[DIAG] sym=ICICIBANK.NS edge=0.000000 conf=0.00 edge_stab=0.000 reco_S=0.000 reco_G=0.200 reco_F=0.000 pass_edge=1 pass_conf=1 pass_reco=0 FINAL=0 feas=0.00 voters=0 p90=0.004249 rej:no_reco=0 low_edge=5 low_feas=0
[95m[HEARTBEAT] count=16500 p50=0.002054 | Diversity: L0:1 L1:1 L3:1 L2:1 L4:1[0m
[EDGE_TRACE] sym=INFY.NS raw_edge=0.000000 edge_after_floor=0.000000 voters_pre=0 voters_post=0
[DIAG] sym=INFY.NS edge=0.000000 conf=0.00 edge_stab=0.000 reco_S=0.000 reco_G=0.200 reco_F=0.000 pass_edge=1 pass_conf=1 pass_reco=0 FINAL=0 feas=0.00 voters=0 p90=0.004249 rej:no_reco=0 low_edge=5 low_feas=0
[EDGE_TRACE] sym=ITC.NS raw_edge=0.000000 edge_after_floor=0.000000 voters_pre=0 voters_post=0
[DIAG] sym=ITC.NS edge=0.000000 conf=0.00 edge_stab=0.000 reco_S=0.000 reco_G=0.200 reco_F=0.000 pass_edge=1 pass_conf=1 pass_reco=0 FINAL=0 feas=0.00 voters=0 p90=0.004249 rej:no_reco=0 low_edge=5 low_feas=0
[EDGE_TRACE] sym=LT.NS raw_edge=0.005358 edge_after_floor=0.005358 voters_pre=0 voters_post=0
[DIAG] sym=LT.NS edge=0.005358 conf=0.00 edge_stab=0.000 reco_S=2.041 reco_G=0.200 reco_F=0.255 pass_edge=1 pass_conf=1 pass_reco=1 FINAL=1 feas=0.00 voters=0 p90=0.004272 rej:no_reco=0 low_edge=2 low_feas=3
[EDGE_TRACE] sym=RELIANCE.NS raw_edge=0.000000 edge_after_floor=0.000000 voters_pre=0 voters_post=0
[DIAG] sym=RELIANCE.NS edge=0.000000 conf=0.00 edge_stab=0.000 reco_S=0.000 reco_G=0.200 reco_F=0.000 pass_edge=1 pass_conf=1 pass_reco=0 FINAL=0 feas=0.00 voters=0 p90=0.004278 rej:no_reco=0 low_edge=5 low_feas=0
[EDGE_TRACE] sym=SBIN.NS raw_edge=0.000000 edge_after_floor=0.000000 voters_pre=0 voters_post=0
[DIAG] sym=SBIN.NS edge=0.000000 conf=0.00 edge_stab=0.000 reco_S=0.000 reco_G=0.200 reco_F=0.000 pass_edge=1 pass_conf=1 pass_reco=0 FINAL=0 feas=0.00 voters=0 p90=0.004278 rej:no_reco=0 low_edge=5 low_feas=0
[95m[HEARTBEAT] count=17000 p50=0.002121 | Diversity: L3:1 L4:1 L0:1 L1:1 L2:1[0m
[EDGE_TRACE] sym=TCS.NS raw_edge=0.000000 edge_after_floor=0.000000 voters_pre=0 voters_post=0
[DIAG] sym=TCS.NS edge=0.000000 conf=0.00 edge_stab=0.000 reco_S=0.000 reco_G=0.200 reco_F=0.000 pass_edge=1 pass_conf=1 pass_reco=0 FINAL=0 feas=0.00 voters=0 p90=0.004278 rej:no_reco=0 low_edge=5 low_feas=0
[EDGE_TRACE] sym=BHARTIARTL.NS raw_edge=0.000000 edge_after_floor=0.000000 voters_pre=0 voters_post=0
[DIAG] sym=BHARTIARTL.NS edge=0.000000 conf=0.00 edge_stab=0.000 reco_S=0.000 reco_G=0.400 reco_F=0.000 pass_edge=1 pass_conf=1 pass_reco=0 FINAL=0 feas=0.00 voters=0 p90=0.004278 rej:no_reco=0 low_edge=5 low_feas=0
[EDGE_TRACE] sym=HDFCBANK.NS raw_edge=0.000000 edge_after_floor=0.000000 voters_pre=0 voters_post=0
[DIAG] sym=HDFCBANK.NS edge=0.000000 conf=0.00 edge_stab=0.000 reco_S=0.000 reco_G=0.200 reco_F=0.000 pass_edge=1 pass_conf=1 pass_reco=0 FINAL=0 feas=0.00 voters=0 p90=0.004278 rej:no_reco=0 low_edge=5 low_feas=0
[EDGE_TRACE] sym=ICICIBANK.NS raw_edge=0.000000 edge_after_floor=0.000000 voters_pre=0 voters_post=0
[DIAG] sym=ICICIBANK.NS edge=0.000000 conf=0.00 edge_stab=0.000 reco_S=0.000 reco_G=0.200 reco_F=0.000 pass_edge=1 pass_conf=1 pass_reco=0 FINAL=0 feas=0.00 voters=0 p90=0.004292 rej:no_reco=0 low_edge=5 low_feas=0
[RECOMMENDATION] rec_id=39 sym=ICICIBANK.NS dir=BUY score=0.007083 edge=0.002425 feas=1.000 conf=0.998 voters=3 S0
[92m[ADAPTIVE_INTENT] ICICIBANK.NS conf=1.00 feas=1.00 voters=3 size=1.5% S0[0m
[EDGE_TRACE] sym=INFY.NS raw_edge=0.000000 edge_after_floor=0.000000 voters_pre=0 voters_post=0
[DIAG] sym=INFY.NS edge=0.000000 conf=0.00 edge_stab=0.000 reco_S=0.000 reco_G=0.400 reco_F=0.000 pass_edge=1 pass_conf=1 pass_reco=0 FINAL=0 feas=0.00 voters=0 p90=0.004294 rej:no_reco=0 low_edge=5 low_feas=0
[95m[HEARTBEAT] count=17500 p50=0.002176 | Diversity: L3:1 L0:1 L1:1 L2:1 L4:1[0m
[TRIGGER_METRICS] sym=ICICIBANK.NS rec_id=39 confirm_updates=1 intent_age_updates=6 intent_age_bars=6
[TRIGGER_STATE] rec_id=39 confirm_updates=1 intent_age_updates=6 trigger_momentum_3=-73999.000000 trigger_vol_5=28092.539939
[SHADOW_DECISION] rec_id=39 would_block_vol=0 would_block_mom=1 would_block_any=1 reason=extreme_negative_momentum vol_percentile=100.00 mom_percentile=100.00
[EXIT] type=TP sym=ICICIBANK.NS strategy=0 pnl=0.000149 dur=1
[TRADE_PATH] rec_id=39 sym=ICICIBANK.NS mfe=0.002879 mae=-0.002834 pnl=0.000149 ret_at_exit=0.051865 edge_bps=29.250 rank=0.4465 rec_score=0.007083 rec_feas=1.0000 rec_conf=0.9983 rec_voters=3 intent_age=6 momentum_3=11999.000000 vol_5=7277.037870 score_std_5=0.000000 vol_bps=55.00 partial_realized_pnl=0.000000 remainder_exit_type=TP trail_active=0 trail_stop_at_exit=13696564.725000 peak_price_at_exit=13696564.725000 is_runner=0 dur=1 armed=0 state=ArmedObserved exit_type=TP
[EDGE_TRACE] sym=ITC.NS raw_edge=0.000000 edge_after_floor=0.000000 voters_pre=0 voters_post=0
[DIAG] sym=ITC.NS edge=0.000000 conf=0.00 edge_stab=0.000 reco_S=2.497 reco_G=0.200 reco_F=0.002 pass_edge=1 pass_conf=1 pass_reco=0 FINAL=0 feas=0.00 voters=0 p90=0.004274 rej:no_reco=0 low_edge=5 low_feas=0
[EDGE_TRACE] sym=LT.NS raw_edge=0.000000 edge_after_floor=0.000000 voters_pre=0 voters_post=0
[DIAG] sym=LT.NS edge=0.000000 conf=0.00 edge_stab=0.000 reco_S=2.497 reco_G=0.200 reco_F=0.002 pass_edge=1 pass_conf=1 pass_reco=0 FINAL=0 feas=0.00 voters=0 p90=0.004274 rej:no_reco=0 low_edge=5 low_feas=0
[EDGE_TRACE] sym=RELIANCE.NS raw_edge=0.000000 edge_after_floor=0.000000 voters_pre=0 voters_post=0
[DIAG] sym=RELIANCE.NS edge=0.000000 conf=0.00 edge_stab=0.000 reco_S=2.497 reco_G=0.200 reco_F=0.002 pass_edge=1 pass_conf=1 pass_reco=0 FINAL=0 feas=0.00 voters=0 p90=0.004274 rej:no_reco=0 low_edge=5 low_feas=0
[EDGE_TRACE] sym=SBIN.NS raw_edge=0.000000 edge_after_floor=0.000000 voters_pre=0 voters_post=0
[DIAG] sym=SBIN.NS edge=0.000000 conf=0.00 edge_stab=0.000 reco_S=2.497 reco_G=0.200 reco_F=0.002 pass_edge=1 pass_conf=1 pass_reco=0 FINAL=0 feas=0.00 voters=0 p90=0.004274 rej:no_reco=0 low_edge=5 low_feas=0
[EDGE_TRACE] sym=TCS.NS raw_edge=0.000000 edge_after_floor=0.000000 voters_pre=0 voters_post=0
[DIAG] sym=TCS.NS edge=0.000000 conf=0.00 edge_stab=0.000 reco_S=2.497 reco_G=0.200 reco_F=0.002 pass_edge=1 pass_conf=1 pass_reco=0 FINAL=0 feas=0.00 voters=0 p90=0.004274 rej:no_reco=0 low_edge=5 low_feas=0
[95m[HEARTBEAT] count=18000 p50=0.002182 | Diversity: L1:1 L0:1 L3:1 L2:1 L4:1[0m
[EDGE_TRACE] sym=BHARTIARTL.NS raw_edge=0.000000 edge_after_floor=0.000000 voters_pre=0 voters_post=0
[DIAG] sym=BHARTIARTL.NS edge=0.000000 conf=0.00 edge_stab=0.000 reco_S=2.497 reco_G=0.200 reco_F=0.002 pass_edge=1 pass_conf=1 pass_reco=0 FINAL=0 feas=0.00 voters=0 p90=0.004274 rej:no_reco=0 low_edge=5 low_feas=0
[EDGE_TRACE] sym=HDFCBANK.NS raw_edge=0.000000 edge_after_floor=0.000000 voters_pre=0 voters_post=0
[DIAG] sym=HDFCBANK.NS edge=0.000000 conf=0.00 edge_stab=0.000 reco_S=2.497 reco_G=0.200 reco_F=0.002 pass_edge=1 pass_conf=1 pass_reco=0 FINAL=0 feas=0.00 voters=0 p90=0.004294 rej:no_reco=0 low_edge=5 low_feas=0
[EDGE_TRACE] sym=ICICIBANK.NS raw_edge=0.000000 edge_after_floor=0.000000 voters_pre=0 voters_post=0
[DIAG] sym=ICICIBANK.NS edge=0.000000 conf=0.00 edge_stab=0.000 reco_S=2.497 reco_G=0.200 reco_F=0.002 pass_edge=1 pass_conf=1 pass_reco=0 FINAL=0 feas=0.00 voters=0 p90=0.004299 rej:no_reco=0 low_edge=5 low_feas=0
[EDGE_TRACE] sym=INFY.NS raw_edge=0.000000 edge_after_floor=0.000000 voters_pre=0 voters_post=0
[DIAG] sym=INFY.NS edge=0.000000 conf=0.00 edge_stab=0.000 reco_S=2.497 reco_G=0.200 reco_F=0.002 pass_edge=1 pass_conf=1 pass_reco=0 FINAL=0 feas=0.00 voters=0 p90=0.004299 rej:no_reco=0 low_edge=5 low_feas=0
[EDGE_TRACE] sym=ITC.NS raw_edge=0.000000 edge_after_floor=0.000000 voters_pre=0 voters_post=0
[DIAG] sym=ITC.NS edge=0.000000 conf=0.00 edge_stab=0.000 reco_S=2.497 reco_G=0.200 reco_F=0.002 pass_edge=1 pass_conf=1 pass_reco=0 FINAL=0 feas=0.00 voters=0 p90=0.004299 rej:no_reco=0 low_edge=5 low_feas=0
[95m[HEARTBEAT] count=18500 p50=0.002205 | Diversity: L1:1 L2:1 L3:1 L4:1 L0:1[0m
[EDGE_TRACE] sym=LT.NS raw_edge=0.000000 edge_after_floor=0.000000 voters_pre=0 voters_post=0
[DIAG] sym=LT.NS edge=0.000000 conf=0.00 edge_stab=0.000 reco_S=2.497 reco_G=0.200 reco_F=0.002 pass_edge=1 pass_conf=1 pass_reco=0 FINAL=0 feas=0.00 voters=0 p90=0.004299 rej:no_reco=0 low_edge=5 low_feas=0
[EDGE_TRACE] sym=RELIANCE.NS raw_edge=0.000000 edge_after_floor=0.000000 voters_pre=0 voters_post=0
[DIAG] sym=RELIANCE.NS edge=0.000000 conf=0.00 edge_stab=0.000 reco_S=2.497 reco_G=0.200 reco_F=0.002 pass_edge=1 pass_conf=1 pass_reco=0 FINAL=0 feas=0.00 voters=0 p90=0.004299 rej:no_reco=0 low_edge=5 low_feas=0
[EDGE_TRACE] sym=SBIN.NS raw_edge=0.000000 edge_after_floor=0.000000 voters_pre=0 voters_post=0
[DIAG] sym=SBIN.NS edge=0.000000 conf=0.00 edge_stab=0.000 reco_S=2.497 reco_G=0.200 reco_F=0.002 pass_edge=1 pass_conf=1 pass_reco=0 FINAL=0 feas=0.00 voters=0 p90=0.004299 rej:no_reco=0 low_edge=5 low_feas=0
[RECOMMENDATION] rec_id=50 sym=TCS.NS dir=BUY score=0.004122 edge=0.001424 feas=1.000 conf=0.990 voters=2 S0
[92m[ADAPTIVE_INTENT] TCS.NS conf=0.99 feas=1.00 voters=2 size=0.4% S0[0m
[EDGE_TRACE] sym=TCS.NS raw_edge=0.000000 edge_after_floor=0.000000 voters_pre=0 voters_post=0
[DIAG] sym=TCS.NS edge=0.000000 conf=0.00 edge_stab=0.000 reco_S=2.497 reco_G=0.200 reco_F=0.002 pass_edge=1 pass_conf=1 pass_reco=0 FINAL=0 feas=0.00 voters=0 p90=0.004282 rej:no_reco=0 low_edge=5 low_feas=0
[EDGE_TRACE] sym=BHARTIARTL.NS raw_edge=0.000000 edge_after_floor=0.000000 voters_pre=0 voters_post=0
[DIAG] sym=BHARTIARTL.NS edge=0.000000 conf=0.00 edge_stab=0.000 reco_S=2.497 reco_G=0.200 reco_F=0.002 pass_edge=1 pass_conf=1 pass_reco=0 FINAL=0 feas=0.00 voters=0 p90=0.004282 rej:no_reco=0 low_edge=5 low_feas=0
[95m[HEARTBEAT] count=19000 p50=0.002176 | Diversity: L0:1 L3:1 L1:1 L4:1 L2:1[0m
[EDGE_TRACE] sym=HDFCBANK.NS raw_edge=0.000000 edge_after_floor=0.000000 voters_pre=0 voters_post=0
[DIAG] sym=HDFCBANK.NS edge=0.000000 conf=0.00 edge_stab=0.000 reco_S=2.497 reco_G=0.200 reco_F=0.002 pass_edge=1 pass_conf=1 pass_reco=0 FINAL=0 feas=0.00 voters=0 p90=0.004282 rej:no_reco=0 low_edge=5 low_feas=0
[EDGE_TRACE] sym=ICICIBANK.NS raw_edge=0.000000 edge_after_floor=0.000000 voters_pre=0 voters_post=0
[DIAG] sym=ICICIBANK.NS edge=0.000000 conf=0.00 edge_stab=0.000 reco_S=2.497 reco_G=0.200 reco_F=0.002 pass_edge=1 pass_conf=1 pass_reco=0 FINAL=0 feas=0.00 voters=0 p90=0.004282 rej:no_reco=0 low_edge=5 low_feas=0
[EDGE_TRACE] sym=INFY.NS raw_edge=0.000000 edge_after_floor=0.000000 voters_pre=0 voters_post=0
[DIAG] sym=INFY.NS edge=0.000000 conf=0.00 edge_stab=0.000 reco_S=2.497 reco_G=0.200 reco_F=0.002 pass_edge=1 pass_conf=1 pass_reco=0 FINAL=0 feas=0.00 voters=0 p90=0.004282 rej:no_reco=0 low_edge=5 low_feas=0
[EDGE_TRACE] sym=ITC.NS raw_edge=0.000000 edge_after_floor=0.000000 voters_pre=0 voters_post=0
[DIAG] sym=ITC.NS edge=0.000000 conf=0.00 edge_stab=0.000 reco_S=2.497 reco_G=0.200 reco_F=0.002 pass_edge=1 pass_conf=1 pass_reco=0 FINAL=0 feas=0.00 voters=0 p90=0.004282 rej:no_reco=0 low_edge=5 low_feas=0
[EDGE_TRACE] sym=LT.NS raw_edge=0.006304 edge_after_floor=0.006304 voters_pre=0 voters_post=0
[DIAG] sym=LT.NS edge=0.006304 conf=0.00 edge_stab=0.000 reco_S=2.050 reco_G=0.200 reco_F=0.268 pass_edge=1 pass_conf=1 pass_reco=1 FINAL=1 feas=0.00 voters=0 p90=0.004337 rej:no_reco=0 low_edge=3 low_feas=2
[95m[HEARTBEAT] count=19500 p50=0.002194 | Diversity: L0:1 L4:1 L3:1 L1:1 L2:1[0m
[EDGE_TRACE] sym=RELIANCE.NS raw_edge=0.000000 edge_after_floor=0.000000 voters_pre=0 voters_post=0
[DIAG] sym=RELIANCE.NS edge=0.000000 conf=0.00 edge_stab=0.000 reco_S=2.497 reco_G=0.200 reco_F=0.002 pass_edge=1 pass_conf=1 pass_reco=0 FINAL=0 feas=0.00 voters=0 p90=0.004707 rej:no_reco=0 low_edge=5 low_feas=0
[EDGE_TRACE] sym=SBIN.NS raw_edge=0.000000 edge_after_floor=0.000000 voters_pre=0 voters_post=0
[DIAG] sym=SBIN.NS edge=0.000000 conf=0.00 edge_stab=0.000 reco_S=2.497 reco_G=0.200 reco_F=0.002 pass_edge=1 pass_conf=1 pass_reco=0 FINAL=0 feas=0.00 voters=0 p90=0.004707 rej:no_reco=0 low_edge=5 low_feas=0
[EDGE_TRACE] sym=TCS.NS raw_edge=0.000000 edge_after_floor=0.000000 voters_pre=0 voters_post=0
[DIAG] sym=TCS.NS edge=0.000000 conf=0.00 edge_stab=0.000 reco_S=2.497 reco_G=0.200 reco_F=0.002 pass_edge=1 pass_conf=1 pass_reco=0 FINAL=0 feas=0.00 voters=0 p90=0.004707 rej:no_reco=0 low_edge=5 low_feas=0
[EDGE_TRACE] sym=BHARTIARTL.NS raw_edge=0.000000 edge_after_floor=0.000000 voters_pre=0 voters_post=0
[DIAG] sym=BHARTIARTL.NS edge=0.000000 conf=0.00 edge_stab=0.000 reco_S=2.497 reco_G=0.200 reco_F=0.002 pass_edge=1 pass_conf=1 pass_reco=0 FINAL=0 feas=0.00 voters=0 p90=0.004707 rej:no_reco=0 low_edge=5 low_feas=0
[EDGE_TRACE] sym=HDFCBANK.NS raw_edge=0.000000 edge_after_floor=0.000000 voters_pre=0 voters_post=0
[DIAG] sym=HDFCBANK.NS edge=0.000000 conf=0.00 edge_stab=0.000 reco_S=2.497 reco_G=0.200 reco_F=0.002 pass_edge=1 pass_conf=1 pass_reco=0 FINAL=0 feas=0.00 voters=0 p90=0.004707 rej:no_reco=0 low_edge=5 low_feas=0
[95m[HEARTBEAT] count=20000 p50=0.002311 | Diversity: L2:1 L4:1 L0:1 L3:1 L1:1[0m
[EDGE_TRACE] sym=ICICIBANK.NS raw_edge=0.000000 edge_after_floor=0.000000 voters_pre=0 voters_post=0
[DIAG] sym=ICICIBANK.NS edge=0.000000 conf=0.00 edge_stab=0.000 reco_S=2.497 reco_G=0.200 reco_F=0.002 pass_edge=1 pass_conf=1 pass_reco=0 FINAL=0 feas=0.00 voters=0 p90=0.004707 rej:no_reco=0 low_edge=5 low_feas=0
[EDGE_TRACE] sym=INFY.NS raw_edge=0.004083 edge_after_floor=0.004083 voters_pre=2 voters_post=2
[DIAG] sym=INFY.NS edge=0.004083 conf=1.00 edge_stab=5.000 reco_S=2.045 reco_G=0.200 reco_F=0.587 pass_edge=1 pass_conf=1 pass_reco=1 FINAL=1 feas=1.00 voters=2 p90=0.004833 rej:no_reco=0 low_edge=3 low_feas=0
[RECOMMENDATION] rec_id=61 sym=INFY.NS dir=BUY score=0.008391 edge=0.002874 feas=1.000 conf=0.998 voters=2 S0
[92m[ADAPTIVE_INTENT] INFY.NS conf=1.00 feas=1.00 voters=2 size=2.1% S0[0m
[TRIGGER_METRICS] sym=INFY.NS rec_id=61 confirm_updates=1 intent_age_updates=2 intent_age_bars=2
[TRIGGER_STATE] rec_id=61 confirm_updates=1 intent_age_updates=2 trigger_momentum_3=10000.000000 trigger_vol_5=4049.691346
[SHADOW_DECISION] rec_id=61 would_block_vol=0 would_block_mom=0 would_block_any=0 reason=none vol_percentile=50.00 mom_percentile=100.00
[EXIT] type=TP sym=INFY.NS strategy=0 pnl=0.000085 dur=1
[TRADE_PATH] rec_id=61 sym=INFY.NS mfe=0.001240 mae=-0.000434 pnl=0.000085 ret_at_exit=0.068781 edge_bps=29.250 rank=0.5349 rec_score=0.008391 rec_feas=1.0000 rec_conf=0.9983 rec_voters=2 intent_age=2 momentum_3=46001.000000 vol_5=19030.804506 score_std_5=0.000000 vol_bps=55.00 partial_realized_pnl=0.000000 remainder_exit_type=TP trail_active=0 trail_stop_at_exit=13145702.888250 peak_price_at_exit=13159000.000000 is_runner=0 dur=1 armed=0 state=ArmedObserved exit_type=TP
[EDGE_TRACE] sym=ITC.NS raw_edge=0.000000 edge_after_floor=0.000000 voters_pre=0 voters_post=0
[DIAG] sym=ITC.NS edge=0.000000 conf=0.00 edge_stab=0.000 reco_S=2.496 reco_G=0.200 reco_F=0.002 pass_edge=1 pass_conf=1 pass_reco=0 FINAL=0 feas=0.00 voters=0 p90=0.004833 rej:no_reco=0 low_edge=5 low_feas=0
[EDGE_TRACE] sym=LT.NS raw_edge=0.000000 edge_after_floor=0.000000 voters_pre=0 voters_post=0
[DIAG] sym=LT.NS edge=0.000000 conf=0.00 edge_stab=0.000 reco_S=2.496 reco_G=0.200 reco_F=0.002 pass_edge=1 pass_conf=1 pass_reco=0 FINAL=0 feas=0.00 voters=0 p90=0.004833 rej:no_reco=0 low_edge=5 low_feas=0
[EDGE_TRACE] sym=RELIANCE.NS raw_edge=0.000000 edge_after_floor=0.000000 voters_pre=0 voters_post=0
[DIAG] sym=RELIANCE.NS edge=0.000000 conf=0.00 edge_stab=0.000 reco_S=2.496 reco_G=0.200 reco_F=0.002 pass_edge=1 pass_conf=1 pass_reco=0 FINAL=0 feas=0.00 voters=0 p90=0.004833 rej:no_reco=0 low_edge=5 low_feas=0
[95m[HEARTBEAT] count=20500 p50=0.002340 | Diversity: L2:1 L1:1 L4:1 L0:1 L3:1[0m
[EDGE_TRACE] sym=SBIN.NS raw_edge=0.000000 edge_after_floor=0.000000 voters_pre=0 voters_post=0
[DIAG] sym=SBIN.NS edge=0.000000 conf=0.00 edge_stab=0.000 reco_S=2.496 reco_G=0.200 reco_F=0.002 pass_edge=1 pass_conf=1 pass_reco=0 FINAL=0 feas=0.00 voters=0 p90=0.004833 rej:no_reco=0 low_edge=5 low_feas=0
[EDGE_TRACE] sym=TCS.NS raw_edge=0.000000 edge_after_floor=0.000000 voters_pre=0 voters_post=0
[DIAG] sym=TCS.NS edge=0.000000 conf=0.00 edge_stab=0.000 reco_S=2.496 reco_G=0.200 reco_F=0.002 pass_edge=1 pass_conf=1 pass_reco=0 FINAL=0 feas=0.00 voters=0 p90=0.004833 rej:no_reco=0 low_edge=5 low_feas=0
[EDGE_TRACE] sym=BHARTIARTL.NS raw_edge=0.000000 edge_after_floor=0.000000 voters_pre=0 voters_post=0
[DIAG] sym=BHARTIARTL.NS edge=0.000000 conf=0.00 edge_stab=0.000 reco_S=2.496 reco_G=0.200 reco_F=0.002 pass_edge=1 pass_conf=1 pass_reco=0 FINAL=0 feas=0.00 voters=0 p90=0.004833 rej:no_reco=0 low_edge=5 low_feas=0
[EDGE_TRACE] sym=HDFCBANK.NS raw_edge=0.000000 edge_after_floor=0.000000 voters_pre=0 voters_post=0
[DIAG] sym=HDFCBANK.NS edge=0.000000 conf=0.00 edge_stab=0.000 reco_S=2.496 reco_G=0.200 reco_F=0.002 pass_edge=1 pass_conf=1 pass_reco=0 FINAL=0 feas=0.00 voters=0 p90=0.004833 rej:no_reco=0 low_edge=5 low_feas=0
[EDGE_TRACE] sym=ICICIBANK.NS raw_edge=0.000000 edge_after_floor=0.000000 voters_pre=0 voters_post=0
[DIAG] sym=ICICIBANK.NS edge=0.000000 conf=0.00 edge_stab=0.000 reco_S=2.496 reco_G=0.200 reco_F=0.002 pass_edge=1 pass_conf=1 pass_reco=0 FINAL=0 feas=0.00 voters=0 p90=0.004833 rej:no_reco=0 low_edge=5 low_feas=0
[95m[HEARTBEAT] count=21000 p50=0.002340 | Diversity: L4:1 L2:1 L3:1 L0:1 L1:1[0m
[EDGE_TRACE] sym=INFY.NS raw_edge=0.000000 edge_after_floor=0.000000 voters_pre=0 voters_post=0
[DIAG] sym=INFY.NS edge=0.000000 conf=0.00 edge_stab=0.000 reco_S=2.496 reco_G=0.200 reco_F=0.002 pass_edge=1 pass_conf=1 pass_reco=0 FINAL=0 feas=0.00 voters=0 p90=0.004833 rej:no_reco=0 low_edge=5 low_feas=0
[EDGE_TRACE] sym=ITC.NS raw_edge=0.000000 edge_after_floor=0.000000 voters_pre=0 voters_post=0
[DIAG] sym=ITC.NS edge=0.000000 conf=0.00 edge_stab=0.000 reco_S=2.496 reco_G=0.200 reco_F=0.002 pass_edge=1 pass_conf=1 pass_reco=0 FINAL=0 feas=0.00 voters=0 p90=0.004833 rej:no_reco=0 low_edge=5 low_feas=0
[EDGE_TRACE] sym=LT.NS raw_edge=0.000000 edge_after_floor=0.000000 voters_pre=0 voters_post=0
[DIAG] sym=LT.NS edge=0.000000 conf=0.00 edge_stab=0.000 reco_S=2.496 reco_G=0.200 reco_F=0.002 pass_edge=1 pass_conf=1 pass_reco=0 FINAL=0 feas=0.00 voters=0 p90=0.004833 rej:no_reco=0 low_edge=5 low_feas=0
[EDGE_TRACE] sym=RELIANCE.NS raw_edge=0.000000 edge_after_floor=0.000000 voters_pre=0 voters_post=0
[DIAG] sym=RELIANCE.NS edge=0.000000 conf=0.00 edge_stab=0.000 reco_S=2.496 reco_G=0.200 reco_F=0.002 pass_edge=1 pass_conf=1 pass_reco=0 FINAL=0 feas=0.00 voters=0 p90=0.004833 rej:no_reco=0 low_edge=5 low_feas=0
[EDGE_TRACE] sym=SBIN.NS raw_edge=0.002126 edge_after_floor=0.002126 voters_pre=0 voters_post=0
[DIAG] sym=SBIN.NS edge=0.002126 conf=0.00 edge_stab=0.000 reco_S=2.054 reco_G=0.200 reco_F=0.182 pass_edge=1 pass_conf=1 pass_reco=1 FINAL=1 feas=0.00 voters=0 p90=0.004820 rej:no_reco=0 low_edge=2 low_feas=3
[95m[HEARTBEAT] count=21500 p50=0.002348 | Diversity: L1:1 L2:1 L4:1 L3:1 L0:1[0m
[EDGE_TRACE] sym=TCS.NS raw_edge=0.000000 edge_after_floor=0.000000 voters_pre=0 voters_post=0
[DIAG] sym=TCS.NS edge=0.000000 conf=0.00 edge_stab=0.000 reco_S=2.496 reco_G=0.200 reco_F=0.002 pass_edge=1 pass_conf=1 pass_reco=0 FINAL=0 feas=0.00 voters=0 p90=0.004600 rej:no_reco=0 low_edge=5 low_feas=0
[EDGE_TRACE] sym=BHARTIARTL.NS raw_edge=0.000000 edge_after_floor=0.000000 voters_pre=0 voters_post=0
[DIAG] sym=BHARTIARTL.NS edge=0.000000 conf=0.00 edge_stab=0.000 reco_S=2.496 reco_G=0.200 reco_F=0.002 pass_edge=1 pass_conf=1 pass_reco=0 FINAL=0 feas=0.00 voters=0 p90=0.004543 rej:no_reco=0 low_edge=5 low_feas=0
[EDGE_TRACE] sym=HDFCBANK.NS raw_edge=0.000000 edge_after_floor=0.000000 voters_pre=0 voters_post=0
[DIAG] sym=HDFCBANK.NS edge=0.000000 conf=0.00 edge_stab=0.000 reco_S=2.496 reco_G=0.200 reco_F=0.002 pass_edge=1 pass_conf=1 pass_reco=0 FINAL=0 feas=0.00 voters=0 p90=0.004543 rej:no_reco=0 low_edge=5 low_feas=0
[EDGE_TRACE] sym=ICICIBANK.NS raw_edge=0.000000 edge_after_floor=0.000000 voters_pre=0 voters_post=0
[DIAG] sym=ICICIBANK.NS edge=0.000000 conf=0.00 edge_stab=0.000 reco_S=2.496 reco_G=0.200 reco_F=0.002 pass_edge=1 pass_conf=1 pass_reco=0 FINAL=0 feas=0.00 voters=0 p90=0.004543 rej:no_reco=0 low_edge=5 low_feas=0
[EDGE_TRACE] sym=INFY.NS raw_edge=0.000000 edge_after_floor=0.000000 voters_pre=0 voters_post=0
[DIAG] sym=INFY.NS edge=0.000000 conf=0.00 edge_stab=0.000 reco_S=2.496 reco_G=0.200 reco_F=0.002 pass_edge=1 pass_conf=1 pass_reco=0 FINAL=0 feas=0.00 voters=0 p90=0.004543 rej:no_reco=0 low_edge=5 low_feas=0
[95m[HEARTBEAT] count=22000 p50=0.002270 | Diversity: L3:1 L0:1 L2:1 L1:1 L4:1[0m
[EDGE_TRACE] sym=ITC.NS raw_edge=0.000000 edge_after_floor=0.000000 voters_pre=0 voters_post=0
[DIAG] sym=ITC.NS edge=0.000000 conf=0.00 edge_stab=0.000 reco_S=2.496 reco_G=0.200 reco_F=0.002 pass_edge=1 pass_conf=1 pass_reco=0 FINAL=0 feas=0.00 voters=0 p90=0.004542 rej:no_reco=0 low_edge=5 low_feas=0
[EDGE_TRACE] sym=LT.NS raw_edge=0.000000 edge_after_floor=0.000000 voters_pre=0 voters_post=0
[DIAG] sym=LT.NS edge=0.000000 conf=0.00 edge_stab=0.000 reco_S=2.503 reco_G=0.200 reco_F=0.350 pass_edge=1 pass_conf=1 pass_reco=1 FINAL=1 feas=0.00 voters=0 p90=0.004542 rej:no_reco=0 low_edge=5 low_feas=0
[EDGE_TRACE] sym=RELIANCE.NS raw_edge=0.000000 edge_after_floor=0.000000 voters_pre=0 voters_post=0
[DIAG] sym=RELIANCE.NS edge=0.000000 conf=0.00 edge_stab=0.000 reco_S=2.496 reco_G=0.200 reco_F=0.002 pass_edge=1 pass_conf=1 pass_reco=0 FINAL=0 feas=0.00 voters=0 p90=0.004542 rej:no_reco=0 low_edge=5 low_feas=0
[EDGE_TRACE] sym=SBIN.NS raw_edge=0.000000 edge_after_floor=0.000000 voters_pre=0 voters_post=0
[DIAG] sym=SBIN.NS edge=0.000000 conf=0.00 edge_stab=0.000 reco_S=2.046 reco_G=0.200 reco_F=0.352 pass_edge=1 pass_conf=1 pass_reco=1 FINAL=1 feas=0.00 voters=0 p90=0.004542 rej:no_reco=0 low_edge=5 low_feas=0
[EDGE_TRACE] sym=TCS.NS raw_edge=0.000000 edge_after_floor=0.000000 voters_pre=0 voters_post=0
[DIAG] sym=TCS.NS edge=0.000000 conf=0.00 edge_stab=0.000 reco_S=2.496 reco_G=0.200 reco_F=0.002 pass_edge=1 pass_conf=1 pass_reco=0 FINAL=0 feas=0.00 voters=0 p90=0.004542 rej:no_reco=0 low_edge=5 low_feas=0
[95m[HEARTBEAT] count=22500 p50=0.002165 | Diversity: L0:1 L4:1 L3:1 L2:1 L1:1[0m
[RECOMMENDATION] rec_id=73 sym=LT.NS dir=BUY score=0.004977 edge=0.001713 feas=1.000 conf=0.993 voters=2 S0
[92m[ADAPTIVE_INTENT] LT.NS conf=0.99 feas=1.00 voters=2 size=0.6% S0[0m
[EDGE_TRACE] sym=BHARTIARTL.NS raw_edge=0.000000 edge_after_floor=0.000000 voters_pre=0 voters_post=0
[DIAG] sym=BHARTIARTL.NS edge=0.000000 conf=0.00 edge_stab=0.000 reco_S=2.496 reco_G=0.200 reco_F=0.002 pass_edge=1 pass_conf=1 pass_reco=0 FINAL=0 feas=0.00 voters=0 p90=0.004542 rej:no_reco=0 low_edge=5 low_feas=0
[EDGE_TRACE] sym=HDFCBANK.NS raw_edge=0.000000 edge_after_floor=0.000000 voters_pre=0 voters_post=0
[DIAG] sym=HDFCBANK.NS edge=0.000000 conf=0.00 edge_stab=0.000 reco_S=2.496 reco_G=0.200 reco_F=0.002 pass_edge=1 pass_conf=1 pass_reco=0 FINAL=0 feas=0.00 voters=0 p90=0.004542 rej:no_reco=0 low_edge=5 low_feas=0
[EDGE_TRACE] sym=ICICIBANK.NS raw_edge=0.000000 edge_after_floor=0.000000 voters_pre=0 voters_post=0
[DIAG] sym=ICICIBANK.NS edge=0.000000 conf=0.00 edge_stab=0.000 reco_S=2.496 reco_G=0.200 reco_F=0.002 pass_edge=1 pass_conf=1 pass_reco=0 FINAL=0 feas=0.00 voters=0 p90=0.004542 rej:no_reco=0 low_edge=5 low_feas=0
[EDGE_TRACE] sym=INFY.NS raw_edge=0.000451 edge_after_floor=0.000000 voters_pre=0 voters_post=0
[DIAG] sym=INFY.NS edge=0.000451 conf=0.00 edge_stab=0.000 reco_S=2.068 reco_G=0.200 reco_F=0.066 pass_edge=1 pass_conf=1 pass_reco=0 FINAL=0 feas=0.00 voters=0 p90=0.004787 rej:no_reco=0 low_edge=5 low_feas=0
[RECOMMENDATION] rec_id=77 sym=ICICIBANK.NS dir=BUY score=0.005363 edge=0.001840 feas=1.000 conf=0.996 voters=3 S0
[92m[ADAPTIVE_INTENT] ICICIBANK.NS conf=1.00 feas=1.00 voters=3 size=0.7% S0[0m
[EDGE_TRACE] sym=ITC.NS raw_edge=0.000000 edge_after_floor=0.000000 voters_pre=0 voters_post=0
[DIAG] sym=ITC.NS edge=0.000000 conf=0.00 edge_stab=0.000 reco_S=2.496 reco_G=0.200 reco_F=0.002 pass_edge=1 pass_conf=1 pass_reco=0 FINAL=0 feas=0.00 voters=0 p90=0.004711 rej:no_reco=0 low_edge=5 low_feas=0
[95m[HEARTBEAT] count=23000 p50=0.002239 | Diversity: L3:1 L4:1 L0:1 L1:1 L2:1[0m
[EDGE_TRACE] sym=LT.NS raw_edge=0.000000 edge_after_floor=0.000000 voters_pre=0 voters_post=0
[DIAG] sym=LT.NS edge=0.000000 conf=0.00 edge_stab=0.000 reco_S=2.496 reco_G=0.200 reco_F=0.002 pass_edge=1 pass_conf=1 pass_reco=0 FINAL=0 feas=0.00 voters=0 p90=0.004707 rej:no_reco=0 low_edge=5 low_feas=0
[EDGE_TRACE] sym=RELIANCE.NS raw_edge=0.000000 edge_after_floor=0.000000 voters_pre=0 voters_post=0
[DIAG] sym=RELIANCE.NS edge=0.000000 conf=0.00 edge_stab=0.000 reco_S=2.496 reco_G=0.200 reco_F=0.002 pass_edge=1 pass_conf=1 pass_reco=0 FINAL=0 feas=0.00 voters=0 p90=0.004707 rej:no_reco=0 low_edge=5 low_feas=0
[EDGE_TRACE] sym=SBIN.NS raw_edge=0.000000 edge_after_floor=0.000000 voters_pre=0 voters_post=0
[DIAG] sym=SBIN.NS edge=0.000000 conf=0.00 edge_stab=0.000 reco_S=2.496 reco_G=0.200 reco_F=0.002 pass_edge=1 pass_conf=1 pass_reco=0 FINAL=0 feas=0.00 voters=0 p90=0.004707 rej:no_reco=0 low_edge=5 low_feas=0
[EDGE_TRACE] sym=TCS.NS raw_edge=0.000000 edge_after_floor=0.000000 voters_pre=0 voters_post=0
[DIAG] sym=TCS.NS edge=0.000000 conf=0.00 edge_stab=0.000 reco_S=2.496 reco_G=0.200 reco_F=0.002 pass_edge=1 pass_conf=1 pass_reco=0 FINAL=0 feas=0.00 voters=0 p90=0.004707 rej:no_reco=0 low_edge=5 low_feas=0
[EDGE_TRACE] sym=BHARTIARTL.NS raw_edge=0.001184 edge_after_floor=0.000000 voters_pre=0 voters_post=0
[DIAG] sym=BHARTIARTL.NS edge=0.001184 conf=0.00 edge_stab=0.000 reco_S=2.045 reco_G=0.200 reco_F=0.482 pass_edge=1 pass_conf=1 pass_reco=1 FINAL=1 feas=0.00 voters=0 p90=0.004717 rej:no_reco=0 low_edge=5 low_feas=0
[95m[HEARTBEAT] count=23500 p50=0.002224 | Diversity: L4:1 L1:1 L0:1 L3:1 L2:1[0m
[EDGE_TRACE] sym=HDFCBANK.NS raw_edge=0.000000 edge_after_floor=0.000000 voters_pre=0 voters_post=0
[DIAG] sym=HDFCBANK.NS edge=0.000000 conf=0.00 edge_stab=0.000 reco_S=2.496 reco_G=0.200 reco_F=0.002 pass_edge=1 pass_conf=1 pass_reco=0 FINAL=0 feas=0.00 voters=0 p90=0.004717 rej:no_reco=0 low_edge=5 low_feas=0
[RECOMMENDATION] rec_id=100 sym=TCS.NS dir=BUY score=0.010202 edge=0.003492 feas=1.000 conf=0.999 voters=3 S0
[92m[ADAPTIVE_INTENT] TCS.NS conf=1.00 feas=1.00 voters=3 size=3.4% S0[0m
[EDGE_TRACE] sym=ICICIBANK.NS raw_edge=0.000000 edge_after_floor=0.000000 voters_pre=0 voters_post=0
[DIAG] sym=ICICIBANK.NS edge=0.000000 conf=0.00 edge_stab=0.000 reco_S=2.496 reco_G=0.200 reco_F=0.002 pass_edge=1 pass_conf=1 pass_reco=0 FINAL=0 feas=0.00 voters=0 p90=0.004600 rej:no_reco=0 low_edge=5 low_feas=0
[EDGE_TRACE] sym=INFY.NS raw_edge=0.000000 edge_after_floor=0.000000 voters_pre=0 voters_post=0
[DIAG] sym=INFY.NS edge=0.000000 conf=0.00 edge_stab=0.000 reco_S=2.496 reco_G=0.200 reco_F=0.002 pass_edge=1 pass_conf=1 pass_reco=0 FINAL=0 feas=0.00 voters=0 p90=0.004586 rej:no_reco=0 low_edge=5 low_feas=0
[EDGE_TRACE] sym=ITC.NS raw_edge=0.000000 edge_after_floor=0.000000 voters_pre=0 voters_post=0
[DIAG] sym=ITC.NS edge=0.000000 conf=0.00 edge_stab=0.000 reco_S=2.496 reco_G=0.200 reco_F=0.002 pass_edge=1 pass_conf=1 pass_reco=0 FINAL=0 feas=0.00 voters=0 p90=0.004586 rej:no_reco=0 low_edge=5 low_feas=0
[EDGE_TRACE] sym=LT.NS raw_edge=0.000000 edge_after_floor=0.000000 voters_pre=0 voters_post=0
[DIAG] sym=LT.NS edge=0.000000 conf=0.00 edge_stab=0.000 reco_S=2.496 reco_G=0.200 reco_F=0.002 pass_edge=1 pass_conf=1 pass_reco=0 FINAL=0 feas=0.00 voters=0 p90=0.004586 rej:no_reco=0 low_edge=5 low_feas=0
[95m[HEARTBEAT] count=24000 p50=0.002182 | Diversity: L0:1 L1:1 L2:1 L3:1 L4:1[0m
[EDGE_TRACE] sym=RELIANCE.NS raw_edge=0.000000 edge_after_floor=0.000000 voters_pre=0 voters_post=0
[DIAG] sym=RELIANCE.NS edge=0.000000 conf=0.00 edge_stab=0.000 reco_S=2.496 reco_G=0.200 reco_F=0.002 pass_edge=1 pass_conf=1 pass_reco=0 FINAL=0 feas=0.00 voters=0 p90=0.004586 rej:no_reco=0 low_edge=5 low_feas=0
[EDGE_TRACE] sym=SBIN.NS raw_edge=0.000102 edge_after_floor=0.000000 voters_pre=0 voters_post=0
[DIAG] sym=SBIN.NS edge=0.000102 conf=0.00 edge_stab=0.000 reco_S=1.000 reco_G=0.400 reco_F=0.017 pass_edge=1 pass_conf=1 pass_reco=0 FINAL=0 feas=0.00 voters=0 p90=0.004563 rej:no_reco=0 low_edge=5 low_feas=0
[EDGE_TRACE] sym=TCS.NS raw_edge=0.000000 edge_after_floor=0.000000 voters_pre=0 voters_post=0
[DIAG] sym=TCS.NS edge=0.000000 conf=0.00 edge_stab=0.000 reco_S=2.496 reco_G=0.200 reco_F=0.002 pass_edge=1 pass_conf=1 pass_reco=0 FINAL=0 feas=0.00 voters=0 p90=0.004563 rej:no_reco=0 low_edge=5 low_feas=0
[EDGE_TRACE] sym=BHARTIARTL.NS raw_edge=0.000000 edge_after_floor=0.000000 voters_pre=0 voters_post=0
[DIAG] sym=BHARTIARTL.NS edge=0.000000 conf=0.00 edge_stab=0.000 reco_S=2.496 reco_G=0.200 reco_F=0.002 pass_edge=1 pass_conf=1 pass_reco=0 FINAL=0 feas=0.00 voters=0 p90=0.004560 rej:no_reco=0 low_edge=5 low_feas=0
[EDGE_TRACE] sym=HDFCBANK.NS raw_edge=0.000000 edge_after_floor=0.000000 voters_pre=0 voters_post=0
[DIAG] sym=HDFCBANK.NS edge=0.000000 conf=0.00 edge_stab=0.000 reco_S=2.496 reco_G=0.200 reco_F=0.002 pass_edge=1 pass_conf=1 pass_reco=0 FINAL=0 feas=0.00 voters=0 p90=0.004560 rej:no_reco=0 low_edge=5 low_feas=0
[95m[HEARTBEAT] count=24500 p50=0.002142 | Diversity: L0:1 L2:1 L4:1 L3:1 L1:1[0m
[EDGE_TRACE] sym=ICICIBANK.NS raw_edge=0.000000 edge_after_floor=0.000000 voters_pre=0 voters_post=0
[DIAG] sym=ICICIBANK.NS edge=0.000000 conf=0.00 edge_stab=0.000 reco_S=2.496 reco_G=0.200 reco_F=0.002 pass_edge=1 pass_conf=1 pass_reco=0 FINAL=0 feas=0.00 voters=0 p90=0.004560 rej:no_reco=0 low_edge=5 low_feas=0
[EDGE_TRACE] sym=INFY.NS raw_edge=0.000000 edge_after_floor=0.000000 voters_pre=0 voters_post=0
[DIAG] sym=INFY.NS edge=0.000000 conf=0.00 edge_stab=0.000 reco_S=2.496 reco_G=0.200 reco_F=0.002 pass_edge=1 pass_conf=1 pass_reco=0 FINAL=0 feas=0.00 voters=0 p90=0.004560 rej:no_reco=0 low_edge=5 low_feas=0
[EDGE_TRACE] sym=ITC.NS raw_edge=0.000000 edge_after_floor=0.000000 voters_pre=0 voters_post=0
[DIAG] sym=ITC.NS edge=0.000000 conf=0.00 edge_stab=0.000 reco_S=2.496 reco_G=0.200 reco_F=0.002 pass_edge=1 pass_conf=1 pass_reco=0 FINAL=0 feas=0.00 voters=0 p90=0.004560 rej:no_reco=0 low_edge=5 low_feas=0
[EDGE_TRACE] sym=LT.NS raw_edge=0.002810 edge_after_floor=0.002810 voters_pre=0 voters_post=0
[DIAG] sym=LT.NS edge=0.002810 conf=0.00 edge_stab=0.000 reco_S=2.246 reco_G=0.200 reco_F=0.206 pass_edge=1 pass_conf=1 pass_reco=1 FINAL=1 feas=0.00 voters=0 p90=0.004560 rej:no_reco=0 low_edge=3 low_feas=2
[EDGE_TRACE] sym=RELIANCE.NS raw_edge=0.000000 edge_after_floor=0.000000 voters_pre=0 voters_post=0
[DIAG] sym=RELIANCE.NS edge=0.000000 conf=0.00 edge_stab=0.000 reco_S=2.496 reco_G=0.200 reco_F=0.002 pass_edge=1 pass_conf=1 pass_reco=0 FINAL=0 feas=0.00 voters=0 p90=0.004586 rej:no_reco=0 low_edge=5 low_feas=0
[95m[HEARTBEAT] count=25000 p50=0.002178 | Diversity: L1:1 L0:1 L3:1 L4:1 L2:1[0m
[EDGE_TRACE] sym=SBIN.NS raw_edge=0.000000 edge_after_floor=0.000000 voters_pre=0 voters_post=0
[DIAG] sym=SBIN.NS edge=0.000000 conf=0.00 edge_stab=0.000 reco_S=2.496 reco_G=0.200 reco_F=0.002 pass_edge=1 pass_conf=1 pass_reco=0 FINAL=0 feas=0.00 voters=0 p90=0.004586 rej:no_reco=0 low_edge=5 low_feas=0
[EDGE_TRACE] sym=TCS.NS raw_edge=0.000000 edge_after_floor=0.000000 voters_pre=0 voters_post=0
[DIAG] sym=TCS.NS edge=0.000000 conf=0.00 edge_stab=0.000 reco_S=2.496 reco_G=0.200 reco_F=0.002 pass_edge=1 pass_conf=1 pass_reco=0 FINAL=0 feas=0.00 voters=0 p90=0.004586 rej:no_reco=0 low_edge=5 low_feas=0
[EDGE_TRACE] sym=BHARTIARTL.NS raw_edge=0.000000 edge_after_floor=0.000000 voters_pre=0 voters_post=0
[DIAG] sym=BHARTIARTL.NS edge=0.000000 conf=0.00 edge_stab=0.000 reco_S=2.496 reco_G=0.200 reco_F=0.002 pass_edge=1 pass_conf=1 pass_reco=0 FINAL=0 feas=0.00 voters=0 p90=0.004586 rej:no_reco=0 low_edge=5 low_feas=0
[EDGE_TRACE] sym=HDFCBANK.NS raw_edge=0.000000 edge_after_floor=0.000000 voters_pre=0 voters_post=0
[DIAG] sym=HDFCBANK.NS edge=0.000000 conf=0.00 edge_stab=0.000 reco_S=2.496 reco_G=0.200 reco_F=0.002 pass_edge=1 pass_conf=1 pass_reco=0 FINAL=0 feas=0.00 voters=0 p90=0.004586 rej:no_reco=0 low_edge=5 low_feas=0
[EDGE_TRACE] sym=ICICIBANK.NS raw_edge=0.000000 edge_after_floor=0.000000 voters_pre=0 voters_post=0
[DIAG] sym=ICICIBANK.NS edge=0.000000 conf=0.00 edge_stab=0.000 reco_S=2.496 reco_G=0.200 reco_F=0.002 pass_edge=1 pass_conf=1 pass_reco=0 FINAL=0 feas=0.00 voters=0 p90=0.004586 rej:no_reco=0 low_edge=5 low_feas=0
[95m[HEARTBEAT] count=25500 p50=0.002178 | Diversity: L0:1 L3:1 L4:1 L2:1 L1:1[0m
[EDGE_TRACE] sym=INFY.NS raw_edge=0.000000 edge_after_floor=0.000000 voters_pre=0 voters_post=0
[DIAG] sym=INFY.NS edge=0.000000 conf=0.00 edge_stab=0.000 reco_S=2.496 reco_G=0.200 reco_F=0.002 pass_edge=1 pass_conf=1 pass_reco=0 FINAL=0 feas=0.00 voters=0 p90=0.004559 rej:no_reco=0 low_edge=5 low_feas=0
[EDGE_TRACE] sym=ITC.NS raw_edge=0.000000 edge_after_floor=0.000000 voters_pre=0 voters_post=0
[DIAG] sym=ITC.NS edge=0.000000 conf=0.00 edge_stab=0.000 reco_S=2.496 reco_G=0.200 reco_F=0.002 pass_edge=1 pass_conf=1 pass_reco=0 FINAL=0 feas=0.00 voters=0 p90=0.004543 rej:no_reco=0 low_edge=5 low_feas=0
[EDGE_TRACE] sym=LT.NS raw_edge=0.000000 edge_after_floor=0.000000 voters_pre=0 voters_post=0
[DIAG] sym=LT.NS edge=0.000000 conf=0.00 edge_stab=0.000 reco_S=2.503 reco_G=0.200 reco_F=0.350 pass_edge=1 pass_conf=1 pass_reco=1 FINAL=1 feas=0.00 voters=0 p90=0.004543 rej:no_reco=0 low_edge=5 low_feas=0
[EDGE_TRACE] sym=RELIANCE.NS raw_edge=0.000000 edge_after_floor=0.000000 voters_pre=0 voters_post=0
[DIAG] sym=RELIANCE.NS edge=0.000000 conf=0.00 edge_stab=0.000 reco_S=2.496 reco_G=0.200 reco_F=0.002 pass_edge=1 pass_conf=1 pass_reco=0 FINAL=0 feas=0.00 voters=0 p90=0.004543 rej:no_reco=0 low_edge=5 low_feas=0
[EDGE_TRACE] sym=SBIN.NS raw_edge=0.000000 edge_after_floor=0.000000 voters_pre=0 voters_post=0
[DIAG] sym=SBIN.NS edge=0.000000 conf=0.00 edge_stab=0.000 reco_S=2.496 reco_G=0.200 reco_F=0.002 pass_edge=1 pass_conf=1 pass_reco=0 FINAL=0 feas=0.00 voters=0 p90=0.004543 rej:no_reco=0 low_edge=5 low_feas=0
[95m[HEARTBEAT] count=26000 p50=0.002126 | Diversity: L4:1 L0:1 L2:1 L3:1 L1:1[0m
[EDGE_TRACE] sym=TCS.NS raw_edge=0.000000 edge_after_floor=0.000000 voters_pre=0 voters_post=0
[DIAG] sym=TCS.NS edge=0.000000 conf=0.00 edge_stab=0.000 reco_S=2.496 reco_G=0.200 reco_F=0.002 pass_edge=1 pass_conf=1 pass_reco=0 FINAL=0 feas=0.00 voters=0 p90=0.004543 rej:no_reco=0 low_edge=5 low_feas=0
[EDGE_TRACE] sym=BHARTIARTL.NS raw_edge=0.000000 edge_after_floor=0.000000 voters_pre=0 voters_post=0
[DIAG] sym=BHARTIARTL.NS edge=0.000000 conf=0.00 edge_stab=0.000 reco_S=2.496 reco_G=0.200 reco_F=0.002 pass_edge=1 pass_conf=1 pass_reco=0 FINAL=0 feas=0.00 voters=0 p90=0.004543 rej:no_reco=0 low_edge=5 low_feas=0
[EDGE_TRACE] sym=HDFCBANK.NS raw_edge=0.000000 edge_after_floor=0.000000 voters_pre=0 voters_post=0
[DIAG] sym=HDFCBANK.NS edge=0.000000 conf=0.00 edge_stab=0.000 reco_S=2.496 reco_G=0.200 reco_F=0.002 pass_edge=1 pass_conf=1 pass_reco=0 FINAL=0 feas=0.00 voters=0 p90=0.004390 rej:no_reco=0 low_edge=5 low_feas=0
[EDGE_TRACE] sym=ICICIBANK.NS raw_edge=0.000000 edge_after_floor=0.000000 voters_pre=0 voters_post=0
[DIAG] sym=ICICIBANK.NS edge=0.000000 conf=0.00 edge_stab=0.000 reco_S=2.496 reco_G=0.200 reco_F=0.002 pass_edge=1 pass_conf=1 pass_reco=0 FINAL=0 feas=0.00 voters=0 p90=0.004284 rej:no_reco=0 low_edge=5 low_feas=0
[EDGE_TRACE] sym=INFY.NS raw_edge=0.000000 edge_after_floor=0.000000 voters_pre=0 voters_post=0
[DIAG] sym=INFY.NS edge=0.000000 conf=0.00 edge_stab=0.000 reco_S=2.496 reco_G=0.200 reco_F=0.002 pass_edge=1 pass_conf=1 pass_reco=0 FINAL=0 feas=0.00 voters=0 p90=0.004284 rej:no_reco=0 low_edge=5 low_feas=0
[95m[HEARTBEAT] count=26500 p50=0.001987 | Diversity: L1:1 L3:1 L0:1 L4:1 L2:1[0m
[EDGE_TRACE] sym=ITC.NS raw_edge=0.000000 edge_after_floor=0.000000 voters_pre=0 voters_post=0
[DIAG] sym=ITC.NS edge=0.000000 conf=0.00 edge_stab=0.000 reco_S=2.496 reco_G=0.200 reco_F=0.002 pass_edge=1 pass_conf=1 pass_reco=0 FINAL=0 feas=0.00 voters=0 p90=0.004284 rej:no_reco=0 low_edge=5 low_feas=0
[EDGE_TRACE] sym=LT.NS raw_edge=0.000000 edge_after_floor=0.000000 voters_pre=0 voters_post=0
[DIAG] sym=LT.NS edge=0.000000 conf=0.00 edge_stab=0.000 reco_S=2.496 reco_G=0.200 reco_F=0.002 pass_edge=1 pass_conf=1 pass_reco=0 FINAL=0 feas=0.00 voters=0 p90=0.004284 rej:no_reco=0 low_edge=5 low_feas=0
[EDGE_TRACE] sym=RELIANCE.NS raw_edge=0.000000 edge_after_floor=0.000000 voters_pre=0 voters_post=0
[DIAG] sym=RELIANCE.NS edge=0.000000 conf=0.00 edge_stab=0.000 reco_S=2.496 reco_G=0.200 reco_F=0.002 pass_edge=1 pass_conf=1 pass_reco=0 FINAL=0 feas=0.00 voters=0 p90=0.004284 rej:no_reco=0 low_edge=5 low_feas=0
[EDGE_TRACE] sym=SBIN.NS raw_edge=0.000000 edge_after_floor=0.000000 voters_pre=0 voters_post=0
[DIAG] sym=SBIN.NS edge=0.000000 conf=0.00 edge_stab=0.000 reco_S=2.046 reco_G=0.200 reco_F=0.352 pass_edge=1 pass_conf=1 pass_reco=1 FINAL=1 feas=0.00 voters=0 p90=0.004190 rej:no_reco=0 low_edge=5 low_feas=0
[EDGE_TRACE] sym=TCS.NS raw_edge=0.000000 edge_after_floor=0.000000 voters_pre=0 voters_post=0
[DIAG] sym=TCS.NS edge=0.000000 conf=0.00 edge_stab=0.000 reco_S=2.496 reco_G=0.200 reco_F=0.002 pass_edge=1 pass_conf=1 pass_reco=0 FINAL=0 feas=0.00 voters=0 p90=0.004187 rej:no_reco=0 low_edge=5 low_feas=0
[95m[HEARTBEAT] count=27000 p50=0.001948 | Diversity: L0:1 L2:1 L1:1 L3:1 L4:1[0m

=== FINAL PAPER STATS ===
Trades : 2 (W: 2, L: 0)
Win Rate : 100.00%
Avg PnL : 0.00012
Equity Final : 1.0000
Max DD       : 0.0000%

--- PER-RANK ROBUSTNESS ---
Rank 0.4 : count=1 avg_pnl=0.000149
Rank 0.5 : count=1 avg_pnl=0.000085
---------------------------
INTENT_STATS created=9 triggered=2 expired=7 pending_final=0 avg_expiry_age=7.00
[PAPER_EV] lookup hit_rate=0.1579 (hits=9 misses=48)
[AWR_SUMMARY] windows_total=3000 windows_with_candidates=113 windows_triggered=2 awr=0.0007 trigger_rate=0.0177 created=9 triggered=2 expired=7 closed_trades=2 avg_pnl=0.000117 total_pnl=0.000235 pnl_per_trigger=0.000117
