⚡ CHRONOSENTIMENT LIVE ENGINE | Mode: Orthogonal Specialists
📌 Recommendation mode: Coverage
🚫 Blocked recommendation symbols: {"ADANIENT.NS", "ADANIPORTS.NS"}
📂 Paper/live: loaded 5 trained strateg(ies) from /Users/nikhil/ChronoSentiment_MEGA_FINAL/core/elite/intraday_nse.json (using top 5 by fitness)
🧠 Running paper registry with 5 strateg(ies).
📡 Listening for candles...
   Optional gates: LIVE_GATE_EDGE_STABILITY_MIN=, LIVE_GATE_CONF_MIN=, LIVE_GATE_RECO_STABILITY_MIN= (reco S), LIVE_GATE_RECO_AGREEMENT_GLOBAL_MIN= (reco G), LIVE_GATE_RECO_FITNESS_MIN= (medoid fitness); POOL_DEBUG=1 / RECO_DEBUG=1
   Live reco uses small proxy pools → S/G/F read weaker than train_nse; start S around 0.35–0.55 (not ~0.8). [DIAG] FINAL=1 = meta-gates only; emission still needs edge/feas/p90/voters/blocklist.
[95m[HEARTBEAT] count=500 p50=0.001500 | Diversity: L3:1 L2:1 L0:1 L4:1 L1:1[0m
[95m[HEARTBEAT] count=1000 p50=0.001500 | Diversity: L2:1 L3:1 L4:1 L0:1 L1:1[0m
[95m[HEARTBEAT] count=1500 p50=0.001500 | Diversity: L2:1 L4:1 L0:1 L3:1 L1:1[0m
[95m[HEARTBEAT] count=2000 p50=0.001500 | Diversity: L3:1 L0:1 L1:1 L4:1 L2:1[0m
[95m[HEARTBEAT] count=2500 p50=0.001500 | Diversity: L0:1 L1:1 L3:1 L2:1 L4:1[0m
[EDGE_TRACE] sym=TCS.NS raw_edge=0.000000 edge_after_floor=0.000000 voters_pre=0 voters_post=0
[DIAG] sym=TCS.NS edge=0.000000 conf=0.00 edge_stab=0.000 reco_S=0.000 reco_G=0.200 reco_F=0.000 pass_edge=1 pass_conf=1 pass_reco=0 FINAL=0 feas=0.00 voters=0 p90=0.003500 rej:no_reco=0 low_edge=5 low_feas=0
[EDGE_TRACE] sym=BHARTIARTL.NS raw_edge=0.000000 edge_after_floor=0.000000 voters_pre=0 voters_post=0
[DIAG] sym=BHARTIARTL.NS edge=0.000000 conf=0.00 edge_stab=0.000 reco_S=0.000 reco_G=0.200 reco_F=0.000 pass_edge=1 pass_conf=1 pass_reco=0 FINAL=0 feas=0.00 voters=0 p90=0.001274 rej:no_reco=0 low_edge=5 low_feas=0
[EDGE_TRACE] sym=HDFCBANK.NS raw_edge=0.000000 edge_after_floor=0.000000 voters_pre=0 voters_post=0
[DIAG] sym=HDFCBANK.NS edge=0.000000 conf=0.00 edge_stab=0.000 reco_S=0.000 reco_G=0.200 reco_F=0.000 pass_edge=1 pass_conf=1 pass_reco=0 FINAL=0 feas=0.00 voters=0 p90=0.001274 rej:no_reco=0 low_edge=5 low_feas=0
[EDGE_TRACE] sym=ICICIBANK.NS raw_edge=0.000000 edge_after_floor=0.000000 voters_pre=0 voters_post=0
[DIAG] sym=ICICIBANK.NS edge=0.000000 conf=0.00 edge_stab=0.000 reco_S=0.000 reco_G=0.200 reco_F=0.000 pass_edge=1 pass_conf=1 pass_reco=0 FINAL=0 feas=0.00 voters=0 p90=0.004388 rej:no_reco=0 low_edge=5 low_feas=0
[95m[HEARTBEAT] count=3000 p50=0.004388 | Diversity: L2:1 L4:1 L3:1 L0:1 L1:1[0m
[EDGE_TRACE] sym=INFY.NS raw_edge=0.000000 edge_after_floor=0.000000 voters_pre=0 voters_post=0
[DIAG] sym=INFY.NS edge=0.000000 conf=0.00 edge_stab=0.000 reco_S=0.000 reco_G=0.200 reco_F=0.000 pass_edge=1 pass_conf=1 pass_reco=0 FINAL=0 feas=0.00 voters=0 p90=0.004388 rej:no_reco=0 low_edge=5 low_feas=0
[EDGE_TRACE] sym=ITC.NS raw_edge=0.000000 edge_after_floor=0.000000 voters_pre=0 voters_post=0
[DIAG] sym=ITC.NS edge=0.000000 conf=0.00 edge_stab=0.000 reco_S=0.000 reco_G=0.200 reco_F=0.000 pass_edge=1 pass_conf=1 pass_reco=0 FINAL=0 feas=0.00 voters=0 p90=0.004388 rej:no_reco=0 low_edge=5 low_feas=0
[EDGE_TRACE] sym=LT.NS raw_edge=0.000000 edge_after_floor=0.000000 voters_pre=0 voters_post=0
[DIAG] sym=LT.NS edge=0.000000 conf=0.00 edge_stab=0.000 reco_S=0.000 reco_G=0.400 reco_F=0.000 pass_edge=1 pass_conf=1 pass_reco=0 FINAL=0 feas=0.00 voters=0 p90=0.004388 rej:no_reco=0 low_edge=5 low_feas=0
[EDGE_TRACE] sym=RELIANCE.NS raw_edge=0.000000 edge_after_floor=0.000000 voters_pre=0 voters_post=0
[DIAG] sym=RELIANCE.NS edge=0.000000 conf=0.00 edge_stab=0.000 reco_S=0.000 reco_G=0.200 reco_F=0.000 pass_edge=1 pass_conf=1 pass_reco=0 FINAL=0 feas=0.00 voters=0 p90=0.004506 rej:no_reco=0 low_edge=5 low_feas=0
[EDGE_TRACE] sym=SBIN.NS raw_edge=0.000000 edge_after_floor=0.000000 voters_pre=0 voters_post=0
[DIAG] sym=SBIN.NS edge=0.000000 conf=0.00 edge_stab=0.000 reco_S=0.000 reco_G=0.200 reco_F=0.000 pass_edge=1 pass_conf=1 pass_reco=0 FINAL=0 feas=0.00 voters=0 p90=0.004506 rej:no_reco=0 low_edge=5 low_feas=0
[95m[HEARTBEAT] count=3500 p50=0.004424 | Diversity: L4:1 L1:1 L0:1 L2:1 L3:1[0m
[EDGE_TRACE] sym=TCS.NS raw_edge=0.000000 edge_after_floor=0.000000 voters_pre=0 voters_post=0
[DIAG] sym=TCS.NS edge=0.000000 conf=0.00 edge_stab=0.000 reco_S=0.000 reco_G=0.200 reco_F=0.000 pass_edge=1 pass_conf=1 pass_reco=0 FINAL=0 feas=0.00 voters=0 p90=0.004506 rej:no_reco=0 low_edge=5 low_feas=0
[EDGE_TRACE] sym=BHARTIARTL.NS raw_edge=0.000000 edge_after_floor=0.000000 voters_pre=0 voters_post=0
[DIAG] sym=BHARTIARTL.NS edge=0.000000 conf=0.00 edge_stab=0.000 reco_S=0.000 reco_G=0.400 reco_F=0.000 pass_edge=1 pass_conf=1 pass_reco=0 FINAL=0 feas=0.00 voters=0 p90=0.004506 rej:no_reco=0 low_edge=5 low_feas=0
[EDGE_TRACE] sym=HDFCBANK.NS raw_edge=0.000000 edge_after_floor=0.000000 voters_pre=0 voters_post=0
[DIAG] sym=HDFCBANK.NS edge=0.000000 conf=0.00 edge_stab=0.000 reco_S=0.000 reco_G=0.200 reco_F=0.000 pass_edge=1 pass_conf=1 pass_reco=0 FINAL=0 feas=0.00 voters=0 p90=0.004506 rej:no_reco=0 low_edge=5 low_feas=0
[EDGE_TRACE] sym=ICICIBANK.NS raw_edge=0.000000 edge_after_floor=0.000000 voters_pre=0 voters_post=0
[DIAG] sym=ICICIBANK.NS edge=0.000000 conf=0.00 edge_stab=0.000 reco_S=0.000 reco_G=0.200 reco_F=0.000 pass_edge=1 pass_conf=1 pass_reco=0 FINAL=0 feas=0.00 voters=0 p90=0.004506 rej:no_reco=0 low_edge=5 low_feas=0
[EDGE_TRACE] sym=INFY.NS raw_edge=0.000000 edge_after_floor=0.000000 voters_pre=0 voters_post=0
[DIAG] sym=INFY.NS edge=0.000000 conf=0.00 edge_stab=0.000 reco_S=0.000 reco_G=0.200 reco_F=0.000 pass_edge=1 pass_conf=1 pass_reco=0 FINAL=0 feas=0.00 voters=0 p90=0.004506 rej:no_reco=0 low_edge=5 low_feas=0
[95m[HEARTBEAT] count=4000 p50=0.004424 | Diversity: L0:1 L3:1 L4:1 L2:1 L1:1[0m
[EDGE_TRACE] sym=ITC.NS raw_edge=0.000000 edge_after_floor=0.000000 voters_pre=0 voters_post=0
[DIAG] sym=ITC.NS edge=0.000000 conf=0.00 edge_stab=0.000 reco_S=0.000 reco_G=0.200 reco_F=0.000 pass_edge=1 pass_conf=1 pass_reco=0 FINAL=0 feas=0.00 voters=0 p90=0.004506 rej:no_reco=0 low_edge=5 low_feas=0
[EDGE_TRACE] sym=LT.NS raw_edge=0.000000 edge_after_floor=0.000000 voters_pre=0 voters_post=0
[DIAG] sym=LT.NS edge=0.000000 conf=0.00 edge_stab=0.000 reco_S=0.000 reco_G=0.400 reco_F=0.000 pass_edge=1 pass_conf=1 pass_reco=0 FINAL=0 feas=0.00 voters=0 p90=0.004506 rej:no_reco=0 low_edge=5 low_feas=0
[EDGE_TRACE] sym=RELIANCE.NS raw_edge=0.000000 edge_after_floor=0.000000 voters_pre=0 voters_post=0
[DIAG] sym=RELIANCE.NS edge=0.000000 conf=0.00 edge_stab=0.000 reco_S=0.000 reco_G=0.400 reco_F=0.000 pass_edge=1 pass_conf=1 pass_reco=0 FINAL=0 feas=0.00 voters=0 p90=0.004506 rej:no_reco=0 low_edge=5 low_feas=0
[EDGE_TRACE] sym=SBIN.NS raw_edge=0.000000 edge_after_floor=0.000000 voters_pre=0 voters_post=0
[DIAG] sym=SBIN.NS edge=0.000000 conf=0.00 edge_stab=0.000 reco_S=0.000 reco_G=0.200 reco_F=0.000 pass_edge=1 pass_conf=1 pass_reco=0 FINAL=0 feas=0.00 voters=0 p90=0.004506 rej:no_reco=0 low_edge=5 low_feas=0
[EDGE_TRACE] sym=TCS.NS raw_edge=0.000000 edge_after_floor=0.000000 voters_pre=0 voters_post=0
[DIAG] sym=TCS.NS edge=0.000000 conf=0.00 edge_stab=0.000 reco_S=0.000 reco_G=0.200 reco_F=0.000 pass_edge=1 pass_conf=1 pass_reco=0 FINAL=0 feas=0.00 voters=0 p90=0.004506 rej:no_reco=0 low_edge=5 low_feas=0
[95m[HEARTBEAT] count=4500 p50=0.004424 | Diversity: L2:1 L3:1 L0:1 L1:1 L4:1[0m
[EDGE_TRACE] sym=BHARTIARTL.NS raw_edge=0.000000 edge_after_floor=0.000000 voters_pre=0 voters_post=0
[DIAG] sym=BHARTIARTL.NS edge=0.000000 conf=0.00 edge_stab=0.000 reco_S=0.000 reco_G=0.400 reco_F=0.000 pass_edge=1 pass_conf=1 pass_reco=0 FINAL=0 feas=0.00 voters=0 p90=0.004506 rej:no_reco=0 low_edge=5 low_feas=0
[EDGE_TRACE] sym=HDFCBANK.NS raw_edge=0.000000 edge_after_floor=0.000000 voters_pre=0 voters_post=0
[DIAG] sym=HDFCBANK.NS edge=0.000000 conf=0.00 edge_stab=0.000 reco_S=0.000 reco_G=0.200 reco_F=0.000 pass_edge=1 pass_conf=1 pass_reco=0 FINAL=0 feas=0.00 voters=0 p90=0.004506 rej:no_reco=0 low_edge=5 low_feas=0
[EDGE_TRACE] sym=ICICIBANK.NS raw_edge=0.000000 edge_after_floor=0.000000 voters_pre=0 voters_post=0
[DIAG] sym=ICICIBANK.NS edge=0.000000 conf=0.00 edge_stab=0.000 reco_S=0.000 reco_G=0.200 reco_F=0.000 pass_edge=1 pass_conf=1 pass_reco=0 FINAL=0 feas=0.00 voters=0 p90=0.004506 rej:no_reco=0 low_edge=5 low_feas=0
[EDGE_TRACE] sym=INFY.NS raw_edge=0.000000 edge_after_floor=0.000000 voters_pre=0 voters_post=0
[DIAG] sym=INFY.NS edge=0.000000 conf=0.00 edge_stab=0.000 reco_S=0.000 reco_G=0.200 reco_F=0.000 pass_edge=1 pass_conf=1 pass_reco=0 FINAL=0 feas=0.00 voters=0 p90=0.004506 rej:no_reco=0 low_edge=5 low_feas=0
[EDGE_TRACE] sym=ITC.NS raw_edge=0.000000 edge_after_floor=0.000000 voters_pre=0 voters_post=0
[DIAG] sym=ITC.NS edge=0.000000 conf=0.00 edge_stab=0.000 reco_S=0.000 reco_G=0.200 reco_F=0.000 pass_edge=1 pass_conf=1 pass_reco=0 FINAL=0 feas=0.00 voters=0 p90=0.004506 rej:no_reco=0 low_edge=5 low_feas=0
[95m[HEARTBEAT] count=5000 p50=0.004424 | Diversity: L2:1 L0:1 L3:1 L1:1 L4:1[0m
[EDGE_TRACE] sym=LT.NS raw_edge=0.000000 edge_after_floor=0.000000 voters_pre=0 voters_post=0
[DIAG] sym=LT.NS edge=0.000000 conf=0.00 edge_stab=0.000 reco_S=0.000 reco_G=0.200 reco_F=0.000 pass_edge=1 pass_conf=1 pass_reco=0 FINAL=0 feas=0.00 voters=0 p90=0.004506 rej:no_reco=0 low_edge=5 low_feas=0
[EDGE_TRACE] sym=RELIANCE.NS raw_edge=0.000000 edge_after_floor=0.000000 voters_pre=0 voters_post=0
[DIAG] sym=RELIANCE.NS edge=0.000000 conf=0.00 edge_stab=0.000 reco_S=0.000 reco_G=0.200 reco_F=0.000 pass_edge=1 pass_conf=1 pass_reco=0 FINAL=0 feas=0.00 voters=0 p90=0.004506 rej:no_reco=0 low_edge=5 low_feas=0
[EDGE_TRACE] sym=SBIN.NS raw_edge=0.000000 edge_after_floor=0.000000 voters_pre=0 voters_post=0
[DIAG] sym=SBIN.NS edge=0.000000 conf=0.00 edge_stab=0.000 reco_S=0.000 reco_G=0.200 reco_F=0.000 pass_edge=1 pass_conf=1 pass_reco=0 FINAL=0 feas=0.00 voters=0 p90=0.004506 rej:no_reco=0 low_edge=5 low_feas=0
[EDGE_TRACE] sym=TCS.NS raw_edge=0.000000 edge_after_floor=0.000000 voters_pre=0 voters_post=0
[DIAG] sym=TCS.NS edge=0.000000 conf=0.00 edge_stab=0.000 reco_S=0.000 reco_G=0.200 reco_F=0.000 pass_edge=1 pass_conf=1 pass_reco=0 FINAL=0 feas=0.00 voters=0 p90=0.004506 rej:no_reco=0 low_edge=5 low_feas=0
[EDGE_TRACE] sym=BHARTIARTL.NS raw_edge=0.000000 edge_after_floor=0.000000 voters_pre=0 voters_post=0
[DIAG] sym=BHARTIARTL.NS edge=0.000000 conf=0.00 edge_stab=0.000 reco_S=0.000 reco_G=0.200 reco_F=0.000 pass_edge=1 pass_conf=1 pass_reco=0 FINAL=0 feas=0.00 voters=0 p90=0.004506 rej:no_reco=0 low_edge=5 low_feas=0
[95m[HEARTBEAT] count=5500 p50=0.004424 | Diversity: L1:1 L0:1 L3:1 L2:1 L4:1[0m
[EDGE_TRACE] sym=HDFCBANK.NS raw_edge=0.000000 edge_after_floor=0.000000 voters_pre=0 voters_post=0
[DIAG] sym=HDFCBANK.NS edge=0.000000 conf=0.00 edge_stab=0.000 reco_S=0.000 reco_G=0.400 reco_F=0.000 pass_edge=1 pass_conf=1 pass_reco=0 FINAL=0 feas=0.00 voters=0 p90=0.004506 rej:no_reco=0 low_edge=5 low_feas=0
[EDGE_TRACE] sym=ICICIBANK.NS raw_edge=0.000000 edge_after_floor=0.000000 voters_pre=0 voters_post=0
[DIAG] sym=ICICIBANK.NS edge=0.000000 conf=0.00 edge_stab=0.000 reco_S=0.000 reco_G=0.200 reco_F=0.000 pass_edge=1 pass_conf=1 pass_reco=0 FINAL=0 feas=0.00 voters=0 p90=0.004506 rej:no_reco=0 low_edge=5 low_feas=0
[EDGE_TRACE] sym=INFY.NS raw_edge=0.000000 edge_after_floor=0.000000 voters_pre=0 voters_post=0
[DIAG] sym=INFY.NS edge=0.000000 conf=0.00 edge_stab=0.000 reco_S=0.000 reco_G=0.200 reco_F=0.000 pass_edge=1 pass_conf=1 pass_reco=0 FINAL=0 feas=0.00 voters=0 p90=0.004506 rej:no_reco=0 low_edge=5 low_feas=0
[EDGE_TRACE] sym=ITC.NS raw_edge=0.000000 edge_after_floor=0.000000 voters_pre=0 voters_post=0
[DIAG] sym=ITC.NS edge=0.000000 conf=0.00 edge_stab=0.000 reco_S=0.000 reco_G=0.200 reco_F=0.000 pass_edge=1 pass_conf=1 pass_reco=0 FINAL=0 feas=0.00 voters=0 p90=0.004506 rej:no_reco=0 low_edge=5 low_feas=0
[EDGE_TRACE] sym=LT.NS raw_edge=0.000000 edge_after_floor=0.000000 voters_pre=0 voters_post=0
[DIAG] sym=LT.NS edge=0.000000 conf=0.00 edge_stab=0.000 reco_S=0.000 reco_G=0.200 reco_F=0.000 pass_edge=1 pass_conf=1 pass_reco=0 FINAL=0 feas=0.00 voters=0 p90=0.004506 rej:no_reco=0 low_edge=5 low_feas=0
[95m[HEARTBEAT] count=6000 p50=0.004424 | Diversity: L1:1 L4:1 L3:1 L2:1 L0:1[0m
[EDGE_TRACE] sym=RELIANCE.NS raw_edge=0.000000 edge_after_floor=0.000000 voters_pre=0 voters_post=0
[DIAG] sym=RELIANCE.NS edge=0.000000 conf=0.00 edge_stab=0.000 reco_S=0.000 reco_G=0.200 reco_F=0.000 pass_edge=1 pass_conf=1 pass_reco=0 FINAL=0 feas=0.00 voters=0 p90=0.004506 rej:no_reco=0 low_edge=5 low_feas=0
[EDGE_TRACE] sym=SBIN.NS raw_edge=0.000000 edge_after_floor=0.000000 voters_pre=0 voters_post=0
[DIAG] sym=SBIN.NS edge=0.000000 conf=0.00 edge_stab=0.000 reco_S=0.000 reco_G=0.200 reco_F=0.000 pass_edge=1 pass_conf=1 pass_reco=0 FINAL=0 feas=0.00 voters=0 p90=0.004506 rej:no_reco=0 low_edge=5 low_feas=0
[EDGE_TRACE] sym=TCS.NS raw_edge=0.000000 edge_after_floor=0.000000 voters_pre=0 voters_post=0
[DIAG] sym=TCS.NS edge=0.000000 conf=0.00 edge_stab=0.000 reco_S=0.000 reco_G=0.200 reco_F=0.000 pass_edge=1 pass_conf=1 pass_reco=0 FINAL=0 feas=0.00 voters=0 p90=0.004506 rej:no_reco=0 low_edge=5 low_feas=0
[EDGE_TRACE] sym=BHARTIARTL.NS raw_edge=0.000000 edge_after_floor=0.000000 voters_pre=0 voters_post=0
[DIAG] sym=BHARTIARTL.NS edge=0.000000 conf=0.00 edge_stab=0.000 reco_S=0.000 reco_G=0.200 reco_F=0.000 pass_edge=1 pass_conf=1 pass_reco=0 FINAL=0 feas=0.00 voters=0 p90=0.004506 rej:no_reco=0 low_edge=5 low_feas=0
[EDGE_TRACE] sym=HDFCBANK.NS raw_edge=0.000000 edge_after_floor=0.000000 voters_pre=0 voters_post=0
[DIAG] sym=HDFCBANK.NS edge=0.000000 conf=0.00 edge_stab=0.000 reco_S=0.000 reco_G=0.200 reco_F=0.000 pass_edge=1 pass_conf=1 pass_reco=0 FINAL=0 feas=0.00 voters=0 p90=0.004506 rej:no_reco=0 low_edge=5 low_feas=0
[95m[HEARTBEAT] count=6500 p50=0.004424 | Diversity: L3:1 L4:1 L2:1 L0:1 L1:1[0m
[EDGE_TRACE] sym=ICICIBANK.NS raw_edge=0.000000 edge_after_floor=0.000000 voters_pre=0 voters_post=0
[DIAG] sym=ICICIBANK.NS edge=0.000000 conf=0.00 edge_stab=0.000 reco_S=0.000 reco_G=0.200 reco_F=0.000 pass_edge=1 pass_conf=1 pass_reco=0 FINAL=0 feas=0.00 voters=0 p90=0.004506 rej:no_reco=0 low_edge=5 low_feas=0
[EDGE_TRACE] sym=INFY.NS raw_edge=0.000000 edge_after_floor=0.000000 voters_pre=0 voters_post=0
[DIAG] sym=INFY.NS edge=0.000000 conf=0.00 edge_stab=0.000 reco_S=0.000 reco_G=0.200 reco_F=0.000 pass_edge=1 pass_conf=1 pass_reco=0 FINAL=0 feas=0.00 voters=0 p90=0.004506 rej:no_reco=0 low_edge=5 low_feas=0
[EDGE_TRACE] sym=ITC.NS raw_edge=0.000000 edge_after_floor=0.000000 voters_pre=0 voters_post=0
[DIAG] sym=ITC.NS edge=0.000000 conf=0.00 edge_stab=0.000 reco_S=0.000 reco_G=0.200 reco_F=0.000 pass_edge=1 pass_conf=1 pass_reco=0 FINAL=0 feas=0.00 voters=0 p90=0.004506 rej:no_reco=0 low_edge=5 low_feas=0
[EDGE_TRACE] sym=LT.NS raw_edge=0.000000 edge_after_floor=0.000000 voters_pre=0 voters_post=0
[DIAG] sym=LT.NS edge=0.000000 conf=0.00 edge_stab=0.000 reco_S=0.000 reco_G=0.400 reco_F=0.000 pass_edge=1 pass_conf=1 pass_reco=0 FINAL=0 feas=0.00 voters=0 p90=0.004506 rej:no_reco=0 low_edge=5 low_feas=0
[EDGE_TRACE] sym=RELIANCE.NS raw_edge=0.000000 edge_after_floor=0.000000 voters_pre=0 voters_post=0
[DIAG] sym=RELIANCE.NS edge=0.000000 conf=0.00 edge_stab=0.000 reco_S=0.000 reco_G=0.400 reco_F=0.000 pass_edge=1 pass_conf=1 pass_reco=0 FINAL=0 feas=0.00 voters=0 p90=0.005299 rej:no_reco=0 low_edge=5 low_feas=0
[95m[HEARTBEAT] count=7000 p50=0.003702 | Diversity: L3:1 L4:1 L1:1 L0:1 L2:1[0m
[EDGE_TRACE] sym=SBIN.NS raw_edge=0.000000 edge_after_floor=0.000000 voters_pre=0 voters_post=0
[DIAG] sym=SBIN.NS edge=0.000000 conf=0.00 edge_stab=0.000 reco_S=0.000 reco_G=0.200 reco_F=0.000 pass_edge=1 pass_conf=1 pass_reco=0 FINAL=0 feas=0.00 voters=0 p90=0.005299 rej:no_reco=0 low_edge=5 low_feas=0
[EDGE_TRACE] sym=TCS.NS raw_edge=0.000000 edge_after_floor=0.000000 voters_pre=0 voters_post=0
[DIAG] sym=TCS.NS edge=0.000000 conf=0.00 edge_stab=0.000 reco_S=0.000 reco_G=0.200 reco_F=0.000 pass_edge=1 pass_conf=1 pass_reco=0 FINAL=0 feas=0.00 voters=0 p90=0.005299 rej:no_reco=0 low_edge=5 low_feas=0
[EDGE_TRACE] sym=BHARTIARTL.NS raw_edge=0.000000 edge_after_floor=0.000000 voters_pre=0 voters_post=0
[DIAG] sym=BHARTIARTL.NS edge=0.000000 conf=0.00 edge_stab=0.000 reco_S=0.000 reco_G=0.200 reco_F=0.000 pass_edge=1 pass_conf=1 pass_reco=0 FINAL=0 feas=0.00 voters=0 p90=0.005299 rej:no_reco=0 low_edge=5 low_feas=0
[EDGE_TRACE] sym=HDFCBANK.NS raw_edge=0.000000 edge_after_floor=0.000000 voters_pre=0 voters_post=0
[DIAG] sym=HDFCBANK.NS edge=0.000000 conf=0.00 edge_stab=0.000 reco_S=0.000 reco_G=0.200 reco_F=0.000 pass_edge=1 pass_conf=1 pass_reco=0 FINAL=0 feas=0.00 voters=0 p90=0.005299 rej:no_reco=0 low_edge=5 low_feas=0
[EDGE_TRACE] sym=ICICIBANK.NS raw_edge=0.000000 edge_after_floor=0.000000 voters_pre=0 voters_post=0
[DIAG] sym=ICICIBANK.NS edge=0.000000 conf=0.00 edge_stab=0.000 reco_S=0.000 reco_G=0.200 reco_F=0.000 pass_edge=1 pass_conf=1 pass_reco=0 FINAL=0 feas=0.00 voters=0 p90=0.005299 rej:no_reco=0 low_edge=5 low_feas=0
[95m[HEARTBEAT] count=7500 p50=0.003702 | Diversity: L1:1 L4:1 L2:1 L0:1 L3:1[0m
[EDGE_TRACE] sym=INFY.NS raw_edge=0.000000 edge_after_floor=0.000000 voters_pre=0 voters_post=0
[DIAG] sym=INFY.NS edge=0.000000 conf=0.00 edge_stab=0.000 reco_S=0.000 reco_G=0.200 reco_F=0.000 pass_edge=1 pass_conf=1 pass_reco=0 FINAL=0 feas=0.00 voters=0 p90=0.004557 rej:no_reco=0 low_edge=5 low_feas=0
[EDGE_TRACE] sym=ITC.NS raw_edge=0.000000 edge_after_floor=0.000000 voters_pre=0 voters_post=0
[DIAG] sym=ITC.NS edge=0.000000 conf=0.00 edge_stab=0.000 reco_S=0.000 reco_G=0.200 reco_F=0.000 pass_edge=1 pass_conf=1 pass_reco=0 FINAL=0 feas=0.00 voters=0 p90=0.004469 rej:no_reco=0 low_edge=5 low_feas=0
[EDGE_TRACE] sym=LT.NS raw_edge=0.000000 edge_after_floor=0.000000 voters_pre=0 voters_post=0
[DIAG] sym=LT.NS edge=0.000000 conf=0.00 edge_stab=0.000 reco_S=2.500 reco_G=0.200 reco_F=0.350 pass_edge=1 pass_conf=1 pass_reco=1 FINAL=1 feas=0.00 voters=0 p90=0.004424 rej:no_reco=0 low_edge=5 low_feas=0
[EDGE_TRACE] sym=RELIANCE.NS raw_edge=0.000000 edge_after_floor=0.000000 voters_pre=0 voters_post=0
[DIAG] sym=RELIANCE.NS edge=0.000000 conf=0.00 edge_stab=0.000 reco_S=0.000 reco_G=0.400 reco_F=0.000 pass_edge=1 pass_conf=1 pass_reco=0 FINAL=0 feas=0.00 voters=0 p90=0.004424 rej:no_reco=0 low_edge=5 low_feas=0
[EDGE_TRACE] sym=SBIN.NS raw_edge=0.000000 edge_after_floor=0.000000 voters_pre=0 voters_post=0
[DIAG] sym=SBIN.NS edge=0.000000 conf=0.00 edge_stab=0.000 reco_S=0.000 reco_G=0.200 reco_F=0.000 pass_edge=1 pass_conf=1 pass_reco=0 FINAL=0 feas=0.00 voters=0 p90=0.004424 rej:no_reco=0 low_edge=5 low_feas=0
[95m[HEARTBEAT] count=8000 p50=0.002631 | Diversity: L3:1 L2:1 L0:1 L4:1 L1:1[0m
[EDGE_TRACE] sym=TCS.NS raw_edge=0.000000 edge_after_floor=0.000000 voters_pre=0 voters_post=0
[DIAG] sym=TCS.NS edge=0.000000 conf=0.00 edge_stab=0.000 reco_S=0.000 reco_G=0.200 reco_F=0.000 pass_edge=1 pass_conf=1 pass_reco=0 FINAL=0 feas=0.00 voters=0 p90=0.004424 rej:no_reco=0 low_edge=5 low_feas=0
[EDGE_TRACE] sym=BHARTIARTL.NS raw_edge=0.001226 edge_after_floor=0.001226 voters_pre=0 voters_post=0
[DIAG] sym=BHARTIARTL.NS edge=0.001226 conf=0.00 edge_stab=0.000 reco_S=1.000 reco_G=0.400 reco_F=0.133 pass_edge=1 pass_conf=1 pass_reco=1 FINAL=1 feas=0.00 voters=0 p90=0.004469 rej:no_reco=0 low_edge=4 low_feas=1
[EDGE_TRACE] sym=HDFCBANK.NS raw_edge=0.000000 edge_after_floor=0.000000 voters_pre=0 voters_post=0
[DIAG] sym=HDFCBANK.NS edge=0.000000 conf=0.00 edge_stab=0.000 reco_S=0.000 reco_G=0.200 reco_F=0.000 pass_edge=1 pass_conf=1 pass_reco=0 FINAL=0 feas=0.00 voters=0 p90=0.004393 rej:no_reco=0 low_edge=5 low_feas=0
[EDGE_TRACE] sym=ICICIBANK.NS raw_edge=0.000000 edge_after_floor=0.000000 voters_pre=0 voters_post=0
[DIAG] sym=ICICIBANK.NS edge=0.000000 conf=0.00 edge_stab=0.000 reco_S=0.000 reco_G=0.200 reco_F=0.000 pass_edge=1 pass_conf=1 pass_reco=0 FINAL=0 feas=0.00 voters=0 p90=0.004393 rej:no_reco=0 low_edge=5 low_feas=0
[EDGE_TRACE] sym=INFY.NS raw_edge=0.000000 edge_after_floor=0.000000 voters_pre=0 voters_post=0
[DIAG] sym=INFY.NS edge=0.000000 conf=0.00 edge_stab=0.000 reco_S=0.000 reco_G=0.200 reco_F=0.000 pass_edge=1 pass_conf=1 pass_reco=0 FINAL=0 feas=0.00 voters=0 p90=0.004393 rej:no_reco=0 low_edge=5 low_feas=0
[95m[HEARTBEAT] count=8500 p50=0.002214 | Diversity: L1:1 L0:1 L3:1 L4:1 L2:1[0m
[EDGE_TRACE] sym=ITC.NS raw_edge=0.000000 edge_after_floor=0.000000 voters_pre=0 voters_post=0
[DIAG] sym=ITC.NS edge=0.000000 conf=0.00 edge_stab=0.000 reco_S=0.000 reco_G=0.200 reco_F=0.000 pass_edge=1 pass_conf=1 pass_reco=0 FINAL=0 feas=0.00 voters=0 p90=0.004393 rej:no_reco=0 low_edge=5 low_feas=0
[EDGE_TRACE] sym=LT.NS raw_edge=0.000000 edge_after_floor=0.000000 voters_pre=0 voters_post=0
[DIAG] sym=LT.NS edge=0.000000 conf=0.00 edge_stab=0.000 reco_S=0.000 reco_G=0.200 reco_F=0.000 pass_edge=1 pass_conf=1 pass_reco=0 FINAL=0 feas=0.00 voters=0 p90=0.004393 rej:no_reco=0 low_edge=5 low_feas=0
[EDGE_TRACE] sym=RELIANCE.NS raw_edge=0.000000 edge_after_floor=0.000000 voters_pre=0 voters_post=0
[DIAG] sym=RELIANCE.NS edge=0.000000 conf=0.00 edge_stab=0.000 reco_S=0.000 reco_G=0.400 reco_F=0.000 pass_edge=1 pass_conf=1 pass_reco=0 FINAL=0 feas=0.00 voters=0 p90=0.004393 rej:no_reco=0 low_edge=5 low_feas=0
[EDGE_TRACE] sym=SBIN.NS raw_edge=0.000000 edge_after_floor=0.000000 voters_pre=0 voters_post=0
[DIAG] sym=SBIN.NS edge=0.000000 conf=0.00 edge_stab=0.000 reco_S=2.041 reco_G=0.200 reco_F=0.350 pass_edge=1 pass_conf=1 pass_reco=1 FINAL=1 feas=0.00 voters=0 p90=0.004365 rej:no_reco=0 low_edge=5 low_feas=0
[EDGE_TRACE] sym=TCS.NS raw_edge=0.000000 edge_after_floor=0.000000 voters_pre=0 voters_post=0
[DIAG] sym=TCS.NS edge=0.000000 conf=0.00 edge_stab=0.000 reco_S=0.000 reco_G=0.200 reco_F=0.000 pass_edge=1 pass_conf=1 pass_reco=0 FINAL=0 feas=0.00 voters=0 p90=0.004276 rej:no_reco=0 low_edge=5 low_feas=0
[95m[HEARTBEAT] count=9000 p50=0.002188 | Diversity: L0:1 L3:1 L4:1 L1:1 L2:1[0m
[EDGE_TRACE] sym=BHARTIARTL.NS raw_edge=0.000000 edge_after_floor=0.000000 voters_pre=0 voters_post=0
[DIAG] sym=BHARTIARTL.NS edge=0.000000 conf=0.00 edge_stab=0.000 reco_S=0.000 reco_G=0.200 reco_F=0.000 pass_edge=1 pass_conf=1 pass_reco=0 FINAL=0 feas=0.00 voters=0 p90=0.004365 rej:no_reco=0 low_edge=5 low_feas=0
[EDGE_TRACE] sym=HDFCBANK.NS raw_edge=0.000000 edge_after_floor=0.000000 voters_pre=0 voters_post=0
[DIAG] sym=HDFCBANK.NS edge=0.000000 conf=0.00 edge_stab=0.000 reco_S=0.000 reco_G=0.200 reco_F=0.000 pass_edge=1 pass_conf=1 pass_reco=0 FINAL=0 feas=0.00 voters=0 p90=0.004338 rej:no_reco=0 low_edge=5 low_feas=0
[EDGE_TRACE] sym=ICICIBANK.NS raw_edge=0.000000 edge_after_floor=0.000000 voters_pre=0 voters_post=0
[DIAG] sym=ICICIBANK.NS edge=0.000000 conf=0.00 edge_stab=0.000 reco_S=0.000 reco_G=0.200 reco_F=0.000 pass_edge=1 pass_conf=1 pass_reco=0 FINAL=0 feas=0.00 voters=0 p90=0.004365 rej:no_reco=0 low_edge=5 low_feas=0
[EDGE_TRACE] sym=INFY.NS raw_edge=0.000000 edge_after_floor=0.000000 voters_pre=0 voters_post=0
[DIAG] sym=INFY.NS edge=0.000000 conf=0.00 edge_stab=0.000 reco_S=0.000 reco_G=0.400 reco_F=0.000 pass_edge=1 pass_conf=1 pass_reco=0 FINAL=0 feas=0.00 voters=0 p90=0.004365 rej:no_reco=0 low_edge=5 low_feas=0
[EDGE_TRACE] sym=ITC.NS raw_edge=0.000000 edge_after_floor=0.000000 voters_pre=0 voters_post=0
[DIAG] sym=ITC.NS edge=0.000000 conf=0.00 edge_stab=0.000 reco_S=0.000 reco_G=0.200 reco_F=0.000 pass_edge=1 pass_conf=1 pass_reco=0 FINAL=0 feas=0.00 voters=0 p90=0.004338 rej:no_reco=0 low_edge=5 low_feas=0
[95m[HEARTBEAT] count=9500 p50=0.002413 | Diversity: L4:1 L0:1 L2:1 L1:1 L3:1[0m
[EDGE_TRACE] sym=LT.NS raw_edge=0.000000 edge_after_floor=0.000000 voters_pre=0 voters_post=0
[DIAG] sym=LT.NS edge=0.000000 conf=0.00 edge_stab=0.000 reco_S=0.000 reco_G=0.200 reco_F=0.000 pass_edge=1 pass_conf=1 pass_reco=0 FINAL=0 feas=0.00 voters=0 p90=0.004338 rej:no_reco=0 low_edge=5 low_feas=0
[EDGE_TRACE] sym=RELIANCE.NS raw_edge=0.000000 edge_after_floor=0.000000 voters_pre=0 voters_post=0
[DIAG] sym=RELIANCE.NS edge=0.000000 conf=0.00 edge_stab=0.000 reco_S=0.000 reco_G=0.200 reco_F=0.000 pass_edge=1 pass_conf=1 pass_reco=0 FINAL=0 feas=0.00 voters=0 p90=0.004338 rej:no_reco=0 low_edge=5 low_feas=0
[EDGE_TRACE] sym=SBIN.NS raw_edge=0.000000 edge_after_floor=0.000000 voters_pre=0 voters_post=0
[DIAG] sym=SBIN.NS edge=0.000000 conf=0.00 edge_stab=0.000 reco_S=0.000 reco_G=0.200 reco_F=0.000 pass_edge=1 pass_conf=1 pass_reco=0 FINAL=0 feas=0.00 voters=0 p90=0.004295 rej:no_reco=0 low_edge=5 low_feas=0
[EDGE_TRACE] sym=TCS.NS raw_edge=0.000000 edge_after_floor=0.000000 voters_pre=0 voters_post=0
[DIAG] sym=TCS.NS edge=0.000000 conf=0.00 edge_stab=0.000 reco_S=0.000 reco_G=0.200 reco_F=0.000 pass_edge=1 pass_conf=1 pass_reco=0 FINAL=0 feas=0.00 voters=0 p90=0.004295 rej:no_reco=0 low_edge=5 low_feas=0
[EDGE_TRACE] sym=BHARTIARTL.NS raw_edge=0.000000 edge_after_floor=0.000000 voters_pre=0 voters_post=0
[DIAG] sym=BHARTIARTL.NS edge=0.000000 conf=0.00 edge_stab=0.000 reco_S=0.000 reco_G=0.200 reco_F=0.000 pass_edge=1 pass_conf=1 pass_reco=0 FINAL=0 feas=0.00 voters=0 p90=0.004295 rej:no_reco=0 low_edge=5 low_feas=0
[95m[HEARTBEAT] count=10000 p50=0.002306 | Diversity: L0:1 L3:1 L4:1 L2:1 L1:1[0m
[EDGE_TRACE] sym=HDFCBANK.NS raw_edge=0.000000 edge_after_floor=0.000000 voters_pre=0 voters_post=0
[DIAG] sym=HDFCBANK.NS edge=0.000000 conf=0.00 edge_stab=0.000 reco_S=0.000 reco_G=0.200 reco_F=0.000 pass_edge=1 pass_conf=1 pass_reco=0 FINAL=0 feas=0.00 voters=0 p90=0.004295 rej:no_reco=0 low_edge=5 low_feas=0
[EDGE_TRACE] sym=ICICIBANK.NS raw_edge=0.000000 edge_after_floor=0.000000 voters_pre=0 voters_post=0
[DIAG] sym=ICICIBANK.NS edge=0.000000 conf=0.00 edge_stab=0.000 reco_S=0.000 reco_G=0.200 reco_F=0.000 pass_edge=1 pass_conf=1 pass_reco=0 FINAL=0 feas=0.00 voters=0 p90=0.004295 rej:no_reco=0 low_edge=5 low_feas=0
[EDGE_TRACE] sym=INFY.NS raw_edge=0.000000 edge_after_floor=0.000000 voters_pre=0 voters_post=0
[DIAG] sym=INFY.NS edge=0.000000 conf=0.00 edge_stab=0.000 reco_S=0.000 reco_G=0.200 reco_F=0.000 pass_edge=1 pass_conf=1 pass_reco=0 FINAL=0 feas=0.00 voters=0 p90=0.004295 rej:no_reco=0 low_edge=5 low_feas=0
[EDGE_TRACE] sym=ITC.NS raw_edge=0.000000 edge_after_floor=0.000000 voters_pre=0 voters_post=0
[DIAG] sym=ITC.NS edge=0.000000 conf=0.00 edge_stab=0.000 reco_S=0.000 reco_G=0.200 reco_F=0.000 pass_edge=1 pass_conf=1 pass_reco=0 FINAL=0 feas=0.00 voters=0 p90=0.004338 rej:no_reco=0 low_edge=5 low_feas=0
[EDGE_TRACE] sym=LT.NS raw_edge=0.000000 edge_after_floor=0.000000 voters_pre=0 voters_post=0
[DIAG] sym=LT.NS edge=0.000000 conf=0.00 edge_stab=0.000 reco_S=0.000 reco_G=0.200 reco_F=0.000 pass_edge=1 pass_conf=1 pass_reco=0 FINAL=0 feas=0.00 voters=0 p90=0.004338 rej:no_reco=0 low_edge=5 low_feas=0
[95m[HEARTBEAT] count=10500 p50=0.002306 | Diversity: L4:1 L3:1 L2:1 L1:1 L0:1[0m
[EDGE_TRACE] sym=RELIANCE.NS raw_edge=0.000000 edge_after_floor=0.000000 voters_pre=0 voters_post=0
[DIAG] sym=RELIANCE.NS edge=0.000000 conf=0.00 edge_stab=0.000 reco_S=0.000 reco_G=0.200 reco_F=0.000 pass_edge=1 pass_conf=1 pass_reco=0 FINAL=0 feas=0.00 voters=0 p90=0.004338 rej:no_reco=0 low_edge=5 low_feas=0
[EDGE_TRACE] sym=SBIN.NS raw_edge=0.000000 edge_after_floor=0.000000 voters_pre=0 voters_post=0
[DIAG] sym=SBIN.NS edge=0.000000 conf=0.00 edge_stab=0.000 reco_S=0.000 reco_G=0.200 reco_F=0.000 pass_edge=1 pass_conf=1 pass_reco=0 FINAL=0 feas=0.00 voters=0 p90=0.004338 rej:no_reco=0 low_edge=5 low_feas=0
[EDGE_TRACE] sym=TCS.NS raw_edge=0.000000 edge_after_floor=0.000000 voters_pre=0 voters_post=0
[DIAG] sym=TCS.NS edge=0.000000 conf=0.00 edge_stab=0.000 reco_S=0.000 reco_G=0.400 reco_F=0.000 pass_edge=1 pass_conf=1 pass_reco=0 FINAL=0 feas=0.00 voters=0 p90=0.004338 rej:no_reco=0 low_edge=5 low_feas=0
[EDGE_TRACE] sym=BHARTIARTL.NS raw_edge=0.000000 edge_after_floor=0.000000 voters_pre=0 voters_post=0
[DIAG] sym=BHARTIARTL.NS edge=0.000000 conf=0.00 edge_stab=0.000 reco_S=0.000 reco_G=0.200 reco_F=0.000 pass_edge=1 pass_conf=1 pass_reco=0 FINAL=0 feas=0.00 voters=0 p90=0.004338 rej:no_reco=0 low_edge=5 low_feas=0
[RECOMMENDATION] rec_id=25 sym=ITC.NS dir=BUY score=0.004474 edge=0.001540 feas=1.000 conf=0.993 voters=2 S0
[92m[ADAPTIVE_INTENT] ITC.NS conf=0.99 feas=1.00 voters=2 size=0.5% S0[0m
[EDGE_TRACE] sym=HDFCBANK.NS raw_edge=0.004373 edge_after_floor=0.004373 voters_pre=0 voters_post=0
[DIAG] sym=HDFCBANK.NS edge=0.004373 conf=0.00 edge_stab=0.000 reco_S=2.041 reco_G=0.200 reco_F=0.240 pass_edge=1 pass_conf=1 pass_reco=1 FINAL=1 feas=0.00 voters=0 p90=0.004295 rej:no_reco=0 low_edge=3 low_feas=2
[95m[HEARTBEAT] count=11000 p50=0.002253 | Diversity: L1:1 L3:1 L0:1 L2:1 L4:1[0m
[PAPER_EV] loaded ev_table from /Users/nikhil/ChronoSentiment_MEGA_FINAL/analysis/ev_table_rich_survival.json (1 age-bucket keys) sample_age_keys=["0_2"] probe(age=0,voters=5,conf=0.65) => 0_2 | 60_70
[RECOMMENDATION] rec_id=29 sym=ITC.NS dir=BUY score=0.004918 edge=0.001693 feas=1.000 conf=0.993 voters=2 S0
[92m[ADAPTIVE_INTENT] ITC.NS conf=0.99 feas=1.00 voters=2 size=0.5% S0[0m
[EDGE_TRACE] sym=ICICIBANK.NS raw_edge=0.000000 edge_after_floor=0.000000 voters_pre=0 voters_post=0
[DIAG] sym=ICICIBANK.NS edge=0.000000 conf=0.00 edge_stab=0.000 reco_S=0.000 reco_G=0.200 reco_F=0.000 pass_edge=1 pass_conf=1 pass_reco=0 FINAL=0 feas=0.00 voters=0 p90=0.004393 rej:no_reco=0 low_edge=5 low_feas=0
[EDGE_TRACE] sym=INFY.NS raw_edge=0.000000 edge_after_floor=0.000000 voters_pre=0 voters_post=0
[DIAG] sym=INFY.NS edge=0.000000 conf=0.00 edge_stab=0.000 reco_S=0.000 reco_G=0.200 reco_F=0.000 pass_edge=1 pass_conf=1 pass_reco=0 FINAL=0 feas=0.00 voters=0 p90=0.004393 rej:no_reco=0 low_edge=5 low_feas=0
[EDGE_TRACE] sym=ITC.NS raw_edge=0.000000 edge_after_floor=0.000000 voters_pre=0 voters_post=0
[DIAG] sym=ITC.NS edge=0.000000 conf=0.00 edge_stab=0.000 reco_S=0.000 reco_G=0.200 reco_F=0.000 pass_edge=1 pass_conf=1 pass_reco=0 FINAL=0 feas=0.00 voters=0 p90=0.004393 rej:no_reco=0 low_edge=5 low_feas=0
[EDGE_TRACE] sym=LT.NS raw_edge=0.000000 edge_after_floor=0.000000 voters_pre=0 voters_post=0
[DIAG] sym=LT.NS edge=0.000000 conf=0.00 edge_stab=0.000 reco_S=0.000 reco_G=0.200 reco_F=0.000 pass_edge=1 pass_conf=1 pass_reco=0 FINAL=0 feas=0.00 voters=0 p90=0.004393 rej:no_reco=0 low_edge=5 low_feas=0
[EDGE_TRACE] sym=RELIANCE.NS raw_edge=0.000000 edge_after_floor=0.000000 voters_pre=0 voters_post=0
[DIAG] sym=RELIANCE.NS edge=0.000000 conf=0.00 edge_stab=0.000 reco_S=0.000 reco_G=0.200 reco_F=0.000 pass_edge=1 pass_conf=1 pass_reco=0 FINAL=0 feas=0.00 voters=0 p90=0.004393 rej:no_reco=0 low_edge=5 low_feas=0
[95m[HEARTBEAT] count=11500 p50=0.002380 | Diversity: L4:1 L0:1 L2:1 L3:1 L1:1[0m
[EDGE_TRACE] sym=SBIN.NS raw_edge=0.000000 edge_after_floor=0.000000 voters_pre=0 voters_post=0
[DIAG] sym=SBIN.NS edge=0.000000 conf=0.00 edge_stab=0.000 reco_S=0.000 reco_G=0.200 reco_F=0.000 pass_edge=1 pass_conf=1 pass_reco=0 FINAL=0 feas=0.00 voters=0 p90=0.004393 rej:no_reco=0 low_edge=5 low_feas=0
[RECOMMENDATION] rec_id=37 sym=TCS.NS dir=BUY score=0.009058 edge=0.003103 feas=1.000 conf=0.998 voters=2 S0
[92m[ADAPTIVE_INTENT] TCS.NS conf=1.00 feas=1.00 voters=2 size=1.9% S0[0m
[EDGE_TRACE] sym=TCS.NS raw_edge=0.003546 edge_after_floor=0.003546 voters_pre=2 voters_post=2
[DIAG] sym=TCS.NS edge=0.003546 conf=1.00 edge_stab=5.000 reco_S=2.041 reco_G=0.200 reco_F=0.574 pass_edge=1 pass_conf=1 pass_reco=1 FINAL=1 feas=1.00 voters=2 p90=0.004365 rej:no_reco=0 low_edge=3 low_feas=0
[TRIGGER_METRICS] sym=TCS.NS rec_id=37 confirm_updates=1 intent_age_updates=5 intent_age_bars=5
[TRIGGER_STATE] rec_id=37 confirm_updates=1 intent_age_updates=5 trigger_momentum_3=-146999.000000 trigger_vol_5=73694.869837
[SHADOW_DECISION] rec_id=37 would_block_vol=0 would_block_mom=1 would_block_any=1 reason=extreme_negative_momentum vol_percentile=100.00 mom_percentile=100.00
[EXIT] type=SL sym=TCS.NS strategy=0 pnl=-0.004245 dur=2
[TRADE_PATH] rec_id=37 sym=TCS.NS mfe=0.000043 mae=-0.009895 pnl=-0.004245 ret_at_exit=-10.000000 edge_bps=29.250 rank=0.4985 rec_score=0.009058 rec_feas=1.0000 rec_conf=0.9980 rec_voters=2 intent_age=5 momentum_3=53000.000000 vol_5=25779.061271 score_std_5=0.000000 vol_bps=55.00 partial_realized_pnl=0.000000 remainder_exit_type=SL trail_active=0 trail_stop_at_exit=24048968.208750 peak_price_at_exit=24048968.208750 is_runner=0 dur=2 armed=0 state=ArmedObserved exit_type=SL
[REC_OUTCOME] rec_id=37 sym=TCS.NS score=0.009058 edge=0.003103 feas=1.000 conf=0.998 voters=2 S0 pnl=-0.004245
[EDGE_TRACE] sym=BHARTIARTL.NS raw_edge=0.000000 edge_after_floor=0.000000 voters_pre=0 voters_post=0
[DIAG] sym=BHARTIARTL.NS edge=0.000000 conf=0.00 edge_stab=0.000 reco_S=0.000 reco_G=0.400 reco_F=0.000 pass_edge=1 pass_conf=1 pass_reco=0 FINAL=0 feas=0.00 voters=0 p90=0.004365 rej:no_reco=0 low_edge=5 low_feas=0
[EDGE_TRACE] sym=HDFCBANK.NS raw_edge=0.000000 edge_after_floor=0.000000 voters_pre=0 voters_post=0
[DIAG] sym=HDFCBANK.NS edge=0.000000 conf=0.00 edge_stab=0.000 reco_S=0.000 reco_G=0.200 reco_F=0.000 pass_edge=1 pass_conf=1 pass_reco=0 FINAL=0 feas=0.00 voters=0 p90=0.004365 rej:no_reco=0 low_edge=5 low_feas=0
[EDGE_TRACE] sym=ICICIBANK.NS raw_edge=0.000000 edge_after_floor=0.000000 voters_pre=0 voters_post=0
[DIAG] sym=ICICIBANK.NS edge=0.000000 conf=0.00 edge_stab=0.000 reco_S=0.000 reco_G=0.200 reco_F=0.000 pass_edge=1 pass_conf=1 pass_reco=0 FINAL=0 feas=0.00 voters=0 p90=0.004365 rej:no_reco=0 low_edge=5 low_feas=0
[95m[HEARTBEAT] count=12000 p50=0.002290 | Diversity: L1:1 L3:1 L4:1 L2:1 L0:1[0m
[EDGE_TRACE] sym=INFY.NS raw_edge=0.000000 edge_after_floor=0.000000 voters_pre=0 voters_post=0
[DIAG] sym=INFY.NS edge=0.000000 conf=0.00 edge_stab=0.000 reco_S=0.000 reco_G=0.400 reco_F=0.000 pass_edge=1 pass_conf=1 pass_reco=0 FINAL=0 feas=0.00 voters=0 p90=0.004365 rej:no_reco=0 low_edge=5 low_feas=0
[EDGE_TRACE] sym=ITC.NS raw_edge=0.000000 edge_after_floor=0.000000 voters_pre=0 voters_post=0
[DIAG] sym=ITC.NS edge=0.000000 conf=0.00 edge_stab=0.000 reco_S=0.000 reco_G=0.200 reco_F=0.000 pass_edge=1 pass_conf=1 pass_reco=0 FINAL=0 feas=0.00 voters=0 p90=0.004365 rej:no_reco=0 low_edge=5 low_feas=0
[EDGE_TRACE] sym=LT.NS raw_edge=0.000000 edge_after_floor=0.000000 voters_pre=0 voters_post=0
[DIAG] sym=LT.NS edge=0.000000 conf=0.00 edge_stab=0.000 reco_S=0.000 reco_G=0.200 reco_F=0.000 pass_edge=1 pass_conf=1 pass_reco=0 FINAL=0 feas=0.00 voters=0 p90=0.004386 rej:no_reco=0 low_edge=5 low_feas=0
[EDGE_TRACE] sym=RELIANCE.NS raw_edge=0.000000 edge_after_floor=0.000000 voters_pre=0 voters_post=0
[DIAG] sym=RELIANCE.NS edge=0.000000 conf=0.00 edge_stab=0.000 reco_S=0.000 reco_G=0.400 reco_F=0.000 pass_edge=1 pass_conf=1 pass_reco=0 FINAL=0 feas=0.00 voters=0 p90=0.004400 rej:no_reco=0 low_edge=5 low_feas=0
[EDGE_TRACE] sym=SBIN.NS raw_edge=0.000000 edge_after_floor=0.000000 voters_pre=0 voters_post=0
[DIAG] sym=SBIN.NS edge=0.000000 conf=0.00 edge_stab=0.000 reco_S=0.000 reco_G=0.200 reco_F=0.000 pass_edge=1 pass_conf=1 pass_reco=0 FINAL=0 feas=0.00 voters=0 p90=0.004400 rej:no_reco=0 low_edge=5 low_feas=0
[95m[HEARTBEAT] count=12500 p50=0.002348 | Diversity: L0:1 L2:1 L3:1 L4:1 L1:1[0m
[EDGE_TRACE] sym=TCS.NS raw_edge=0.000000 edge_after_floor=0.000000 voters_pre=0 voters_post=0
[DIAG] sym=TCS.NS edge=0.000000 conf=0.00 edge_stab=0.000 reco_S=0.000 reco_G=0.200 reco_F=0.000 pass_edge=1 pass_conf=1 pass_reco=0 FINAL=0 feas=0.00 voters=0 p90=0.004400 rej:no_reco=0 low_edge=5 low_feas=0
[EDGE_TRACE] sym=BHARTIARTL.NS raw_edge=0.000000 edge_after_floor=0.000000 voters_pre=0 voters_post=0
[DIAG] sym=BHARTIARTL.NS edge=0.000000 conf=0.00 edge_stab=0.000 reco_S=0.000 reco_G=0.400 reco_F=0.000 pass_edge=1 pass_conf=1 pass_reco=0 FINAL=0 feas=0.00 voters=0 p90=0.004400 rej:no_reco=0 low_edge=5 low_feas=0
[EDGE_TRACE] sym=HDFCBANK.NS raw_edge=0.000000 edge_after_floor=0.000000 voters_pre=0 voters_post=0
[DIAG] sym=HDFCBANK.NS edge=0.000000 conf=0.00 edge_stab=0.000 reco_S=0.000 reco_G=0.200 reco_F=0.000 pass_edge=1 pass_conf=1 pass_reco=0 FINAL=0 feas=0.00 voters=0 p90=0.004393 rej:no_reco=0 low_edge=5 low_feas=0
[EDGE_TRACE] sym=ICICIBANK.NS raw_edge=0.004037 edge_after_floor=0.004037 voters_pre=0 voters_post=0
[DIAG] sym=ICICIBANK.NS edge=0.004037 conf=0.00 edge_stab=0.000 reco_S=2.041 reco_G=0.200 reco_F=0.234 pass_edge=1 pass_conf=1 pass_reco=1 FINAL=1 feas=0.00 voters=0 p90=0.004393 rej:no_reco=0 low_edge=2 low_feas=3
[EDGE_TRACE] sym=INFY.NS raw_edge=0.000000 edge_after_floor=0.000000 voters_pre=0 voters_post=0
[DIAG] sym=INFY.NS edge=0.000000 conf=0.00 edge_stab=0.000 reco_S=2.500 reco_G=0.200 reco_F=0.350 pass_edge=1 pass_conf=1 pass_reco=1 FINAL=1 feas=0.00 voters=0 p90=0.004393 rej:no_reco=0 low_edge=5 low_feas=0
[95m[HEARTBEAT] count=13000 p50=0.002306 | Diversity: L1:1 L2:1 L0:1 L3:1 L4:1[0m
[RECOMMENDATION] rec_id=58 sym=ICICIBANK.NS dir=BUY score=0.007068 edge=0.002422 feas=1.000 conf=0.998 voters=3 S0
[92m[ADAPTIVE_INTENT] ICICIBANK.NS conf=1.00 feas=1.00 voters=3 size=1.1% S0[0m
[TRIGGER_METRICS] sym=ICICIBANK.NS rec_id=58 confirm_updates=1 intent_age_updates=4 intent_age_bars=4
[TRIGGER_STATE] rec_id=58 confirm_updates=1 intent_age_updates=4 trigger_momentum_3=-21999.000000 trigger_vol_5=8588.219848
[SHADOW_DECISION] rec_id=58 would_block_vol=0 would_block_mom=0 would_block_any=0 reason=none vol_percentile=50.00 mom_percentile=100.00
[EXIT] type=TP sym=ICICIBANK.NS strategy=0 pnl=0.000299 dur=1
[TRADE_PATH] rec_id=58 sym=ICICIBANK.NS mfe=0.001295 mae=-0.001306 pnl=0.000299 ret_at_exit=0.231243 edge_bps=29.250 rank=0.3878 rec_score=0.007068 rec_feas=1.0000 rec_conf=0.9976 rec_voters=3 intent_age=4 momentum_3=45000.000000 vol_5=15628.197598 score_std_5=0.000000 vol_bps=40.00 partial_realized_pnl=0.000000 remainder_exit_type=TP trail_active=0 trail_stop_at_exit=12302068.816201 peak_price_at_exit=12314000.000000 is_runner=0 dur=1 armed=0 state=ArmedObserved exit_type=TP
[EDGE_TRACE] sym=ITC.NS raw_edge=0.000000 edge_after_floor=0.000000 voters_pre=0 voters_post=0
[DIAG] sym=ITC.NS edge=0.000000 conf=0.00 edge_stab=0.000 reco_S=0.000 reco_G=0.200 reco_F=0.000 pass_edge=1 pass_conf=1 pass_reco=0 FINAL=0 feas=0.00 voters=0 p90=0.004393 rej:no_reco=0 low_edge=5 low_feas=0
[EDGE_TRACE] sym=LT.NS raw_edge=0.000000 edge_after_floor=0.000000 voters_pre=0 voters_post=0
[DIAG] sym=LT.NS edge=0.000000 conf=0.00 edge_stab=0.000 reco_S=0.000 reco_G=0.400 reco_F=0.000 pass_edge=1 pass_conf=1 pass_reco=0 FINAL=0 feas=0.00 voters=0 p90=0.004393 rej:no_reco=0 low_edge=5 low_feas=0
[EDGE_TRACE] sym=RELIANCE.NS raw_edge=0.000000 edge_after_floor=0.000000 voters_pre=0 voters_post=0
[DIAG] sym=RELIANCE.NS edge=0.000000 conf=0.00 edge_stab=0.000 reco_S=0.000 reco_G=0.200 reco_F=0.000 pass_edge=1 pass_conf=1 pass_reco=0 FINAL=0 feas=0.00 voters=0 p90=0.004393 rej:no_reco=0 low_edge=5 low_feas=0
[EDGE_TRACE] sym=SBIN.NS raw_edge=0.000000 edge_after_floor=0.000000 voters_pre=0 voters_post=0
[DIAG] sym=SBIN.NS edge=0.000000 conf=0.00 edge_stab=0.000 reco_S=0.000 reco_G=0.200 reco_F=0.000 pass_edge=1 pass_conf=1 pass_reco=0 FINAL=0 feas=0.00 voters=0 p90=0.004393 rej:no_reco=0 low_edge=5 low_feas=0
[EDGE_TRACE] sym=TCS.NS raw_edge=0.000000 edge_after_floor=0.000000 voters_pre=0 voters_post=0
[DIAG] sym=TCS.NS edge=0.000000 conf=0.00 edge_stab=0.000 reco_S=0.000 reco_G=0.400 reco_F=0.000 pass_edge=1 pass_conf=1 pass_reco=0 FINAL=0 feas=0.00 voters=0 p90=0.004393 rej:no_reco=0 low_edge=5 low_feas=0
[95m[HEARTBEAT] count=13500 p50=0.002327 | Diversity: L1:1 L4:1 L0:1 L3:1 L2:1[0m
[EDGE_TRACE] sym=BHARTIARTL.NS raw_edge=0.000000 edge_after_floor=0.000000 voters_pre=0 voters_post=0
[DIAG] sym=BHARTIARTL.NS edge=0.000000 conf=0.00 edge_stab=0.000 reco_S=0.000 reco_G=0.400 reco_F=0.000 pass_edge=1 pass_conf=1 pass_reco=0 FINAL=0 feas=0.00 voters=0 p90=0.004393 rej:no_reco=0 low_edge=5 low_feas=0
[EDGE_TRACE] sym=HDFCBANK.NS raw_edge=0.001787 edge_after_floor=0.001787 voters_pre=0 voters_post=0
[DIAG] sym=HDFCBANK.NS edge=0.001787 conf=0.00 edge_stab=0.000 reco_S=1.000 reco_G=0.400 reco_F=0.165 pass_edge=1 pass_conf=1 pass_reco=1 FINAL=1 feas=0.00 voters=0 p90=0.004393 rej:no_reco=0 low_edge=4 low_feas=1
[EDGE_TRACE] sym=ICICIBANK.NS raw_edge=0.000000 edge_after_floor=0.000000 voters_pre=0 voters_post=0
[DIAG] sym=ICICIBANK.NS edge=0.000000 conf=0.00 edge_stab=0.000 reco_S=0.000 reco_G=0.200 reco_F=0.000 pass_edge=1 pass_conf=1 pass_reco=0 FINAL=0 feas=0.00 voters=0 p90=0.004393 rej:no_reco=0 low_edge=5 low_feas=0
[EDGE_TRACE] sym=INFY.NS raw_edge=0.000000 edge_after_floor=0.000000 voters_pre=0 voters_post=0
[DIAG] sym=INFY.NS edge=0.000000 conf=0.00 edge_stab=0.000 reco_S=0.000 reco_G=0.200 reco_F=0.000 pass_edge=1 pass_conf=1 pass_reco=0 FINAL=0 feas=0.00 voters=0 p90=0.004393 rej:no_reco=0 low_edge=5 low_feas=0
[EDGE_TRACE] sym=ITC.NS raw_edge=0.000000 edge_after_floor=0.000000 voters_pre=0 voters_post=0
[DIAG] sym=ITC.NS edge=0.000000 conf=0.00 edge_stab=0.000 reco_S=0.000 reco_G=0.200 reco_F=0.000 pass_edge=1 pass_conf=1 pass_reco=0 FINAL=0 feas=0.00 voters=0 p90=0.004393 rej:no_reco=0 low_edge=5 low_feas=0
[95m[HEARTBEAT] count=14000 p50=0.002331 | Diversity: L2:1 L1:1 L3:1 L0:1 L4:1[0m
[EDGE_TRACE] sym=LT.NS raw_edge=0.000000 edge_after_floor=0.000000 voters_pre=0 voters_post=0
[DIAG] sym=LT.NS edge=0.000000 conf=0.00 edge_stab=0.000 reco_S=0.000 reco_G=0.200 reco_F=0.000 pass_edge=1 pass_conf=1 pass_reco=0 FINAL=0 feas=0.00 voters=0 p90=0.004393 rej:no_reco=0 low_edge=5 low_feas=0
[EDGE_TRACE] sym=RELIANCE.NS raw_edge=0.000000 edge_after_floor=0.000000 voters_pre=0 voters_post=0
[DIAG] sym=RELIANCE.NS edge=0.000000 conf=0.00 edge_stab=0.000 reco_S=0.000 reco_G=0.400 reco_F=0.000 pass_edge=1 pass_conf=1 pass_reco=0 FINAL=0 feas=0.00 voters=0 p90=0.004393 rej:no_reco=0 low_edge=5 low_feas=0
[EDGE_TRACE] sym=SBIN.NS raw_edge=0.000000 edge_after_floor=0.000000 voters_pre=0 voters_post=0
[DIAG] sym=SBIN.NS edge=0.000000 conf=0.00 edge_stab=0.000 reco_S=0.000 reco_G=0.400 reco_F=0.000 pass_edge=1 pass_conf=1 pass_reco=0 FINAL=0 feas=0.00 voters=0 p90=0.004393 rej:no_reco=0 low_edge=5 low_feas=0
[EDGE_TRACE] sym=TCS.NS raw_edge=0.000000 edge_after_floor=0.000000 voters_pre=0 voters_post=0
[DIAG] sym=TCS.NS edge=0.000000 conf=0.00 edge_stab=0.000 reco_S=0.000 reco_G=0.200 reco_F=0.000 pass_edge=1 pass_conf=1 pass_reco=0 FINAL=0 feas=0.00 voters=0 p90=0.004436 rej:no_reco=0 low_edge=5 low_feas=0
[EDGE_TRACE] sym=BHARTIARTL.NS raw_edge=0.000000 edge_after_floor=0.000000 voters_pre=0 voters_post=0
[DIAG] sym=BHARTIARTL.NS edge=0.000000 conf=0.00 edge_stab=0.000 reco_S=0.000 reco_G=0.200 reco_F=0.000 pass_edge=1 pass_conf=1 pass_reco=0 FINAL=0 feas=0.00 voters=0 p90=0.004436 rej:no_reco=0 low_edge=5 low_feas=0
[95m[HEARTBEAT] count=14500 p50=0.002380 | Diversity: L4:1 L1:1 L0:1 L2:1 L3:1[0m
[EDGE_TRACE] sym=HDFCBANK.NS raw_edge=0.000000 edge_after_floor=0.000000 voters_pre=0 voters_post=0
[DIAG] sym=HDFCBANK.NS edge=0.000000 conf=0.00 edge_stab=0.000 reco_S=0.000 reco_G=0.200 reco_F=0.000 pass_edge=1 pass_conf=1 pass_reco=0 FINAL=0 feas=0.00 voters=0 p90=0.004436 rej:no_reco=0 low_edge=5 low_feas=0
[EDGE_TRACE] sym=ICICIBANK.NS raw_edge=0.000000 edge_after_floor=0.000000 voters_pre=0 voters_post=0
[DIAG] sym=ICICIBANK.NS edge=0.000000 conf=0.00 edge_stab=0.000 reco_S=0.000 reco_G=0.200 reco_F=0.000 pass_edge=1 pass_conf=1 pass_reco=0 FINAL=0 feas=0.00 voters=0 p90=0.004436 rej:no_reco=0 low_edge=5 low_feas=0
[EDGE_TRACE] sym=INFY.NS raw_edge=0.000000 edge_after_floor=0.000000 voters_pre=0 voters_post=0
[DIAG] sym=INFY.NS edge=0.000000 conf=0.00 edge_stab=0.000 reco_S=0.000 reco_G=0.200 reco_F=0.000 pass_edge=1 pass_conf=1 pass_reco=0 FINAL=0 feas=0.00 voters=0 p90=0.004436 rej:no_reco=0 low_edge=5 low_feas=0
[EDGE_TRACE] sym=ITC.NS raw_edge=0.000000 edge_after_floor=0.000000 voters_pre=0 voters_post=0
[DIAG] sym=ITC.NS edge=0.000000 conf=0.00 edge_stab=0.000 reco_S=0.000 reco_G=0.200 reco_F=0.000 pass_edge=1 pass_conf=1 pass_reco=0 FINAL=0 feas=0.00 voters=0 p90=0.004436 rej:no_reco=0 low_edge=5 low_feas=0
[EDGE_TRACE] sym=LT.NS raw_edge=0.000000 edge_after_floor=0.000000 voters_pre=0 voters_post=0
[DIAG] sym=LT.NS edge=0.000000 conf=0.00 edge_stab=0.000 reco_S=0.000 reco_G=0.200 reco_F=0.000 pass_edge=1 pass_conf=1 pass_reco=0 FINAL=0 feas=0.00 voters=0 p90=0.004436 rej:no_reco=0 low_edge=5 low_feas=0
[95m[HEARTBEAT] count=15000 p50=0.002380 | Diversity: L0:1 L1:1 L2:1 L3:1 L4:1[0m
[EDGE_TRACE] sym=RELIANCE.NS raw_edge=0.000000 edge_after_floor=0.000000 voters_pre=0 voters_post=0
[DIAG] sym=RELIANCE.NS edge=0.000000 conf=0.00 edge_stab=0.000 reco_S=0.000 reco_G=0.200 reco_F=0.000 pass_edge=1 pass_conf=1 pass_reco=0 FINAL=0 feas=0.00 voters=0 p90=0.004436 rej:no_reco=0 low_edge=5 low_feas=0
[EDGE_TRACE] sym=SBIN.NS raw_edge=0.000000 edge_after_floor=0.000000 voters_pre=0 voters_post=0
[DIAG] sym=SBIN.NS edge=0.000000 conf=0.00 edge_stab=0.000 reco_S=0.000 reco_G=0.200 reco_F=0.000 pass_edge=1 pass_conf=1 pass_reco=0 FINAL=0 feas=0.00 voters=0 p90=0.004436 rej:no_reco=0 low_edge=5 low_feas=0
[EDGE_TRACE] sym=TCS.NS raw_edge=0.000000 edge_after_floor=0.000000 voters_pre=0 voters_post=0
[DIAG] sym=TCS.NS edge=0.000000 conf=0.00 edge_stab=0.000 reco_S=0.000 reco_G=0.400 reco_F=0.000 pass_edge=1 pass_conf=1 pass_reco=0 FINAL=0 feas=0.00 voters=0 p90=0.004436 rej:no_reco=0 low_edge=5 low_feas=0
[EDGE_TRACE] sym=BHARTIARTL.NS raw_edge=0.000000 edge_after_floor=0.000000 voters_pre=0 voters_post=0
[DIAG] sym=BHARTIARTL.NS edge=0.000000 conf=0.00 edge_stab=0.000 reco_S=0.000 reco_G=0.400 reco_F=0.000 pass_edge=1 pass_conf=1 pass_reco=0 FINAL=0 feas=0.00 voters=0 p90=0.004436 rej:no_reco=0 low_edge=5 low_feas=0
[EDGE_TRACE] sym=HDFCBANK.NS raw_edge=0.000000 edge_after_floor=0.000000 voters_pre=0 voters_post=0
[DIAG] sym=HDFCBANK.NS edge=0.000000 conf=0.00 edge_stab=0.000 reco_S=0.000 reco_G=0.400 reco_F=0.000 pass_edge=1 pass_conf=1 pass_reco=0 FINAL=0 feas=0.00 voters=0 p90=0.004436 rej:no_reco=0 low_edge=5 low_feas=0
[95m[HEARTBEAT] count=15500 p50=0.002380 | Diversity: L4:1 L2:1 L1:1 L0:1 L3:1[0m
[EDGE_TRACE] sym=ICICIBANK.NS raw_edge=0.000000 edge_after_floor=0.000000 voters_pre=0 voters_post=0
[DIAG] sym=ICICIBANK.NS edge=0.000000 conf=0.00 edge_stab=0.000 reco_S=0.000 reco_G=0.200 reco_F=0.000 pass_edge=1 pass_conf=1 pass_reco=0 FINAL=0 feas=0.00 voters=0 p90=0.004436 rej:no_reco=0 low_edge=5 low_feas=0
[EDGE_TRACE] sym=INFY.NS raw_edge=0.000000 edge_after_floor=0.000000 voters_pre=0 voters_post=0
[DIAG] sym=INFY.NS edge=0.000000 conf=0.00 edge_stab=0.000 reco_S=0.000 reco_G=0.400 reco_F=0.000 pass_edge=1 pass_conf=1 pass_reco=0 FINAL=0 feas=0.00 voters=0 p90=0.004436 rej:no_reco=0 low_edge=5 low_feas=0
[EDGE_TRACE] sym=ITC.NS raw_edge=0.000000 edge_after_floor=0.000000 voters_pre=0 voters_post=0
[DIAG] sym=ITC.NS edge=0.000000 conf=0.00 edge_stab=0.000 reco_S=0.000 reco_G=0.200 reco_F=0.000 pass_edge=1 pass_conf=1 pass_reco=0 FINAL=0 feas=0.00 voters=0 p90=0.004436 rej:no_reco=0 low_edge=5 low_feas=0
[EDGE_TRACE] sym=LT.NS raw_edge=0.000000 edge_after_floor=0.000000 voters_pre=0 voters_post=0
[DIAG] sym=LT.NS edge=0.000000 conf=0.00 edge_stab=0.000 reco_S=0.000 reco_G=0.200 reco_F=0.000 pass_edge=1 pass_conf=1 pass_reco=0 FINAL=0 feas=0.00 voters=0 p90=0.004436 rej:no_reco=0 low_edge=5 low_feas=0
[EDGE_TRACE] sym=RELIANCE.NS raw_edge=0.000000 edge_after_floor=0.000000 voters_pre=0 voters_post=0
[DIAG] sym=RELIANCE.NS edge=0.000000 conf=0.00 edge_stab=0.000 reco_S=0.000 reco_G=0.200 reco_F=0.000 pass_edge=1 pass_conf=1 pass_reco=0 FINAL=0 feas=0.00 voters=0 p90=0.004436 rej:no_reco=0 low_edge=5 low_feas=0
[95m[HEARTBEAT] count=16000 p50=0.002348 | Diversity: L2:1 L4:1 L0:1 L1:1 L3:1[0m
[EDGE_TRACE] sym=SBIN.NS raw_edge=0.000000 edge_after_floor=0.000000 voters_pre=0 voters_post=0
[DIAG] sym=SBIN.NS edge=0.000000 conf=0.00 edge_stab=0.000 reco_S=0.000 reco_G=0.200 reco_F=0.000 pass_edge=1 pass_conf=1 pass_reco=0 FINAL=0 feas=0.00 voters=0 p90=0.004436 rej:no_reco=0 low_edge=5 low_feas=0
[EDGE_TRACE] sym=TCS.NS raw_edge=0.000000 edge_after_floor=0.000000 voters_pre=0 voters_post=0
[DIAG] sym=TCS.NS edge=0.000000 conf=0.00 edge_stab=0.000 reco_S=0.000 reco_G=0.200 reco_F=0.000 pass_edge=1 pass_conf=1 pass_reco=0 FINAL=0 feas=0.00 voters=0 p90=0.004436 rej:no_reco=0 low_edge=5 low_feas=0
[EDGE_TRACE] sym=BHARTIARTL.NS raw_edge=0.000000 edge_after_floor=0.000000 voters_pre=0 voters_post=0
[DIAG] sym=BHARTIARTL.NS edge=0.000000 conf=0.00 edge_stab=0.000 reco_S=0.000 reco_G=0.200 reco_F=0.000 pass_edge=1 pass_conf=1 pass_reco=0 FINAL=0 feas=0.00 voters=0 p90=0.004436 rej:no_reco=0 low_edge=5 low_feas=0
[EDGE_TRACE] sym=HDFCBANK.NS raw_edge=0.000000 edge_after_floor=0.000000 voters_pre=0 voters_post=0
[DIAG] sym=HDFCBANK.NS edge=0.000000 conf=0.00 edge_stab=0.000 reco_S=0.000 reco_G=0.200 reco_F=0.000 pass_edge=1 pass_conf=1 pass_reco=0 FINAL=0 feas=0.00 voters=0 p90=0.004419 rej:no_reco=0 low_edge=5 low_feas=0
[EDGE_TRACE] sym=ICICIBANK.NS raw_edge=0.000000 edge_after_floor=0.000000 voters_pre=0 voters_post=0
[DIAG] sym=ICICIBANK.NS edge=0.000000 conf=0.00 edge_stab=0.000 reco_S=0.000 reco_G=0.200 reco_F=0.000 pass_edge=1 pass_conf=1 pass_reco=0 FINAL=0 feas=0.00 voters=0 p90=0.004436 rej:no_reco=0 low_edge=5 low_feas=0
[95m[HEARTBEAT] count=16500 p50=0.002331 | Diversity: L0:1 L1:1 L2:1 L3:1 L4:1[0m
[EDGE_TRACE] sym=INFY.NS raw_edge=0.000000 edge_after_floor=0.000000 voters_pre=0 voters_post=0
[DIAG] sym=INFY.NS edge=0.000000 conf=0.00 edge_stab=0.000 reco_S=0.000 reco_G=0.200 reco_F=0.000 pass_edge=1 pass_conf=1 pass_reco=0 FINAL=0 feas=0.00 voters=0 p90=0.004436 rej:no_reco=0 low_edge=5 low_feas=0
[EDGE_TRACE] sym=ITC.NS raw_edge=0.000000 edge_after_floor=0.000000 voters_pre=0 voters_post=0
[DIAG] sym=ITC.NS edge=0.000000 conf=0.00 edge_stab=0.000 reco_S=0.000 reco_G=0.400 reco_F=0.000 pass_edge=1 pass_conf=1 pass_reco=0 FINAL=0 feas=0.00 voters=0 p90=0.004436 rej:no_reco=0 low_edge=5 low_feas=0
[EDGE_TRACE] sym=LT.NS raw_edge=0.000000 edge_after_floor=0.000000 voters_pre=0 voters_post=0
[DIAG] sym=LT.NS edge=0.000000 conf=0.00 edge_stab=0.000 reco_S=0.000 reco_G=0.400 reco_F=0.000 pass_edge=1 pass_conf=1 pass_reco=0 FINAL=0 feas=0.00 voters=0 p90=0.004436 rej:no_reco=0 low_edge=5 low_feas=0
[EDGE_TRACE] sym=RELIANCE.NS raw_edge=0.000000 edge_after_floor=0.000000 voters_pre=0 voters_post=0
[DIAG] sym=RELIANCE.NS edge=0.000000 conf=0.00 edge_stab=0.000 reco_S=0.000 reco_G=0.200 reco_F=0.000 pass_edge=1 pass_conf=1 pass_reco=0 FINAL=0 feas=0.00 voters=0 p90=0.004436 rej:no_reco=0 low_edge=5 low_feas=0
[EDGE_TRACE] sym=SBIN.NS raw_edge=0.000000 edge_after_floor=0.000000 voters_pre=0 voters_post=0
[DIAG] sym=SBIN.NS edge=0.000000 conf=0.00 edge_stab=0.000 reco_S=0.000 reco_G=0.200 reco_F=0.000 pass_edge=1 pass_conf=1 pass_reco=0 FINAL=0 feas=0.00 voters=0 p90=0.004436 rej:no_reco=0 low_edge=5 low_feas=0
[95m[HEARTBEAT] count=17000 p50=0.002331 | Diversity: L4:1 L3:1 L0:1 L1:1 L2:1[0m
[EDGE_TRACE] sym=TCS.NS raw_edge=0.000000 edge_after_floor=0.000000 voters_pre=0 voters_post=0
[DIAG] sym=TCS.NS edge=0.000000 conf=0.00 edge_stab=0.000 reco_S=0.000 reco_G=0.400 reco_F=0.000 pass_edge=1 pass_conf=1 pass_reco=0 FINAL=0 feas=0.00 voters=0 p90=0.004436 rej:no_reco=0 low_edge=5 low_feas=0
[EDGE_TRACE] sym=BHARTIARTL.NS raw_edge=0.000000 edge_after_floor=0.000000 voters_pre=0 voters_post=0
[DIAG] sym=BHARTIARTL.NS edge=0.000000 conf=0.00 edge_stab=0.000 reco_S=0.000 reco_G=0.200 reco_F=0.000 pass_edge=1 pass_conf=1 pass_reco=0 FINAL=0 feas=0.00 voters=0 p90=0.004436 rej:no_reco=0 low_edge=5 low_feas=0
[EDGE_TRACE] sym=HDFCBANK.NS raw_edge=0.000000 edge_after_floor=0.000000 voters_pre=0 voters_post=0
[DIAG] sym=HDFCBANK.NS edge=0.000000 conf=0.00 edge_stab=0.000 reco_S=0.000 reco_G=0.400 reco_F=0.000 pass_edge=1 pass_conf=1 pass_reco=0 FINAL=0 feas=0.00 voters=0 p90=0.004436 rej:no_reco=0 low_edge=5 low_feas=0
[EDGE_TRACE] sym=ICICIBANK.NS raw_edge=0.000000 edge_after_floor=0.000000 voters_pre=0 voters_post=0
[DIAG] sym=ICICIBANK.NS edge=0.000000 conf=0.00 edge_stab=0.000 reco_S=0.000 reco_G=0.200 reco_F=0.000 pass_edge=1 pass_conf=1 pass_reco=0 FINAL=0 feas=0.00 voters=0 p90=0.004436 rej:no_reco=0 low_edge=5 low_feas=0
[EDGE_TRACE] sym=INFY.NS raw_edge=0.000000 edge_after_floor=0.000000 voters_pre=0 voters_post=0
[DIAG] sym=INFY.NS edge=0.000000 conf=0.00 edge_stab=0.000 reco_S=0.000 reco_G=0.200 reco_F=0.000 pass_edge=1 pass_conf=1 pass_reco=0 FINAL=0 feas=0.00 voters=0 p90=0.004436 rej:no_reco=0 low_edge=5 low_feas=0
[95m[HEARTBEAT] count=17500 p50=0.002331 | Diversity: L0:1 L4:1 L1:1 L2:1 L3:1[0m
[EDGE_TRACE] sym=ITC.NS raw_edge=0.000000 edge_after_floor=0.000000 voters_pre=0 voters_post=0
[DIAG] sym=ITC.NS edge=0.000000 conf=0.00 edge_stab=0.000 reco_S=0.000 reco_G=0.200 reco_F=0.000 pass_edge=1 pass_conf=1 pass_reco=0 FINAL=0 feas=0.00 voters=0 p90=0.004436 rej:no_reco=0 low_edge=5 low_feas=0
[EDGE_TRACE] sym=LT.NS raw_edge=0.000000 edge_after_floor=0.000000 voters_pre=0 voters_post=0
[DIAG] sym=LT.NS edge=0.000000 conf=0.00 edge_stab=0.000 reco_S=0.000 reco_G=0.200 reco_F=0.000 pass_edge=1 pass_conf=1 pass_reco=0 FINAL=0 feas=0.00 voters=0 p90=0.004436 rej:no_reco=0 low_edge=5 low_feas=0
[EDGE_TRACE] sym=RELIANCE.NS raw_edge=0.000000 edge_after_floor=0.000000 voters_pre=0 voters_post=0
[DIAG] sym=RELIANCE.NS edge=0.000000 conf=0.00 edge_stab=0.000 reco_S=0.000 reco_G=0.200 reco_F=0.000 pass_edge=1 pass_conf=1 pass_reco=0 FINAL=0 feas=0.00 voters=0 p90=0.004456 rej:no_reco=0 low_edge=5 low_feas=0
[EDGE_TRACE] sym=SBIN.NS raw_edge=0.000000 edge_after_floor=0.000000 voters_pre=0 voters_post=0
[DIAG] sym=SBIN.NS edge=0.000000 conf=0.00 edge_stab=0.000 reco_S=0.000 reco_G=0.200 reco_F=0.000 pass_edge=1 pass_conf=1 pass_reco=0 FINAL=0 feas=0.00 voters=0 p90=0.004456 rej:no_reco=0 low_edge=5 low_feas=0
[EDGE_TRACE] sym=TCS.NS raw_edge=0.000000 edge_after_floor=0.000000 voters_pre=0 voters_post=0
[DIAG] sym=TCS.NS edge=0.000000 conf=0.00 edge_stab=0.000 reco_S=0.000 reco_G=0.200 reco_F=0.000 pass_edge=1 pass_conf=1 pass_reco=0 FINAL=0 feas=0.00 voters=0 p90=0.004456 rej:no_reco=0 low_edge=5 low_feas=0
[95m[HEARTBEAT] count=18000 p50=0.002338 | Diversity: L2:1 L1:1 L0:1 L3:1 L4:1[0m

=== FINAL PAPER STATS ===
Trades : 2 (W: 1, L: 1)
Win Rate : 50.00%
Avg PnL : -0.00197
Equity Final : 0.9999
Max DD       : 0.0079%

--- PER-RANK ROBUSTNESS ---
Rank 0.3 : count=1 avg_pnl=0.000299
Rank 0.4 : count=1 avg_pnl=-0.004245
---------------------------
INTENT_STATS created=4 triggered=2 expired=2 pending_final=0 avg_expiry_age=1.00
[PAPER_EV] lookup hit_rate=0.3636 (hits=4 misses=7)
[AWR_SUMMARY] windows_total=2000 windows_with_candidates=58 windows_triggered=2 awr=0.0010 trigger_rate=0.0345 created=4 triggered=2 expired=2 closed_trades=2 avg_pnl=-0.001973 total_pnl=-0.003946 pnl_per_trigger=-0.001973
